Component: ARM Compiler 5.06 update 7 (build 960) Tool: armlink [4d3601]

==============================================================================

Section Cross References

    startup_stm32h753xx.o(RESET) refers to startup_stm32h753xx.o(STACK) for __initial_sp
    startup_stm32h753xx.o(RESET) refers to startup_stm32h753xx.o(.text) for Reset_Handler
    startup_stm32h753xx.o(RESET) refers to stm32h7xx_it.o(i.NMI_Handler) for NMI_Handler
    startup_stm32h753xx.o(RESET) refers to stm32h7xx_it.o(i.HardFault_Handler) for HardFault_Handler
    startup_stm32h753xx.o(RESET) refers to stm32h7xx_it.o(i.MemManage_Handler) for MemManage_Handler
    startup_stm32h753xx.o(RESET) refers to stm32h7xx_it.o(i.BusFault_Handler) for BusFault_Handler
    startup_stm32h753xx.o(RESET) refers to stm32h7xx_it.o(i.UsageFault_Handler) for UsageFault_Handler
    startup_stm32h753xx.o(RESET) refers to port.o(.emb_text) for SVC_Handler
    startup_stm32h753xx.o(RESET) refers to stm32h7xx_it.o(i.DebugMon_Handler) for DebugMon_Handler
    startup_stm32h753xx.o(RESET) refers to cmsis_os2.o(i.SysTick_Handler) for SysTick_Handler
    startup_stm32h753xx.o(RESET) refers to stm32h7xx_it.o(i.DMA1_Stream1_IRQHandler) for DMA1_Stream1_IRQHandler
    startup_stm32h753xx.o(RESET) refers to stm32h7xx_it.o(i.DMA1_Stream2_IRQHandler) for DMA1_Stream2_IRQHandler
    startup_stm32h753xx.o(RESET) refers to stm32h7xx_it.o(i.DMA1_Stream3_IRQHandler) for DMA1_Stream3_IRQHandler
    startup_stm32h753xx.o(RESET) refers to stm32h7xx_it.o(i.DMA1_Stream4_IRQHandler) for DMA1_Stream4_IRQHandler
    startup_stm32h753xx.o(RESET) refers to stm32h7xx_it.o(i.DMA1_Stream5_IRQHandler) for DMA1_Stream5_IRQHandler
    startup_stm32h753xx.o(RESET) refers to stm32h7xx_it.o(i.FDCAN1_IT0_IRQHandler) for FDCAN1_IT0_IRQHandler
    startup_stm32h753xx.o(RESET) refers to stm32h7xx_it.o(i.SPI1_IRQHandler) for SPI1_IRQHandler
    startup_stm32h753xx.o(RESET) refers to stm32h7xx_it.o(i.USART1_IRQHandler) for USART1_IRQHandler
    startup_stm32h753xx.o(RESET) refers to stm32h7xx_it.o(i.USART2_IRQHandler) for USART2_IRQHandler
    startup_stm32h753xx.o(RESET) refers to stm32h7xx_it.o(i.USART3_IRQHandler) for USART3_IRQHandler
    startup_stm32h753xx.o(RESET) refers to stm32h7xx_it.o(i.TIM6_DAC_IRQHandler) for TIM6_DAC_IRQHandler
    startup_stm32h753xx.o(RESET) refers to stm32h7xx_it.o(i.TIM7_IRQHandler) for TIM7_IRQHandler
    startup_stm32h753xx.o(RESET) refers to stm32h7xx_it.o(i.DMA2_Stream0_IRQHandler) for DMA2_Stream0_IRQHandler
    startup_stm32h753xx.o(.text) refers to system_stm32h7xx.o(i.SystemInit) for SystemInit
    startup_stm32h753xx.o(.text) refers to entry.o(.ARM.Collect$$$$00000000) for __main
    nav.o(i.NAV_Control) refers to memseta.o(.text) for __aeabi_memclr4
    nav.o(i.NAV_Control) refers to strtod.o(i.__hardfp_strtod) for __hardfp_strtod
    nav.o(i.NAV_Control) refers to nav.o(i.pointToline_distance) for pointToline_distance
    nav.o(i.NAV_Control) refers to memcpy.o(.text) for __aeabi_memcpy4
    nav.o(i.NAV_Control) refers to wgs84toangle.o(i.GPStoXY) for GPStoXY
    nav.o(i.NAV_Control) refers to nav.o(i.Terminal_decision) for Terminal_decision
    nav.o(i.NAV_Control) refers to nav.o(i.tracking_control_Arith) for tracking_control_Arith
    nav.o(i.NAV_Control) refers to printfa.o(i.__0printf) for __2printf
    nav.o(i.NAV_Control) refers to nav.o(.bss) for .bss
    nav.o(i.NAV_Control) refers to gps.o(.bss) for gnss
    nav.o(i.NAV_Control) refers to nav.o(.data) for .data
    nav.o(i.pointToline_distance) refers to memseta.o(.text) for __aeabi_memclr4
    nav.o(i.pointToline_distance) refers to wgs84toangle.o(i.GPStoXY) for GPStoXY
    nav.o(i.pointToline_distance) refers to memcpy.o(.text) for __aeabi_memcpy4
    nav.o(i.pointToline_distance) refers to wgs84toangle.o(i.line_fun) for line_fun
    nav.o(i.pointToline_distance) refers to sqrt.o(i.__hardfp_sqrt) for __hardfp_sqrt
    nav.o(i.pointToline_distance) refers to nav.o(.data) for .data
    nav.o(i.pointToline_distance) refers to nav.o(.bss) for .bss
    nav.o(i.tracking_control_Arith) refers to wgs84toangle.o(i.vertical_line_fun) for vertical_line_fun
    nav.o(i.tracking_control_Arith) refers to wgs84toangle.o(i.Line_inter_point_math) for Line_inter_point_math
    nav.o(i.tracking_control_Arith) refers to atan.o(i.__hardfp_atan) for __hardfp_atan
    nav.o(i.tracking_control_Arith) refers to sin.o(i.__hardfp_sin) for __hardfp_sin
    nav.o(i.tracking_control_Arith) refers to cos.o(i.__hardfp_cos) for __hardfp_cos
    nav.o(i.tracking_control_Arith) refers to wgs84toangle.o(i.line_fun) for line_fun
    nav.o(i.tracking_control_Arith) refers to strtod.o(i.__hardfp_strtod) for __hardfp_strtod
    nav.o(i.tracking_control_Arith) refers to gps.o(.bss) for gnss
    nav.o(i.waypoints_Parse) refers to memseta.o(.text) for __aeabi_memclr4
    nav.o(i.waypoints_Parse) refers to strtok.o(.text) for strtok
    nav.o(i.waypoints_Parse) refers to strcpy.o(.text) for strcpy
[...]
    xQueueReceiveFromISR                     0x08012f51   Thumb Code   156  queue.o(i.xQueueReceiveFromISR)
    xQueueSemaphoreTake                      0x08012fed   Thumb Code   376  queue.o(i.xQueueSemaphoreTake)
    xTaskCheckForTimeOut                     0x08013169   Thumb Code   118  tasks.o(i.xTaskCheckForTimeOut)
    xTaskCreate                              0x080131e5   Thumb Code   100  tasks.o(i.xTaskCreate)
    xTaskCreateStatic                        0x08013249   Thumb Code    92  tasks.o(i.xTaskCreateStatic)
    xTaskGetSchedulerState                   0x080132a5   Thumb Code    24  tasks.o(i.xTaskGetSchedulerState)
    xTaskGetTickCount                        0x080132c1   Thumb Code     6  tasks.o(i.xTaskGetTickCount)
    xTaskIncrementTick                       0x080132cd   Thumb Code   196  tasks.o(i.xTaskIncrementTick)
    xTaskPriorityDisinherit                  0x08013399   Thumb Code   116  tasks.o(i.xTaskPriorityDisinherit)
    xTaskPriorityInherit                     0x08013415   Thumb Code   116  tasks.o(i.xTaskPriorityInherit)
    xTaskRemoveFromEventList                 0x08013491   Thumb Code   106  tasks.o(i.xTaskRemoveFromEventList)
    xTaskResumeAll                           0x08013509   Thumb Code   184  tasks.o(i.xTaskResumeAll)
    xTimerCreateTimerTask                    0x080135d1   Thumb Code    86  timers.o(i.xTimerCreateTimerTask)
    xTimerGenericCommand                     0x08013639   Thumb Code   104  timers.o(i.xTimerGenericCommand)
    xTimerPendFunctionCallFromISR            0x080136a5   Thumb Code    34  timers.o(i.xTimerPendFunctionCallFromISR)
    BIT_0                                    0x080136dc   Data           4  freertos.o(.constdata)
    defaultTask_attributes                   0x080136e0   Data          36  freertos.o(.constdata)
    EC600U_REC_attributes                    0x08013704   Data          36  freertos.o(.constdata)
    APP_Info_Submit_attributes               0x08013728   Data          36  freertos.o(.constdata)
    Device_Run_attributes                    0x0801374c   Data          36  freertos.o(.constdata)
    EC600U_SEND_attributes                   0x08013770   Data          36  freertos.o(.constdata)
    HTTP_REQUEST_attributes                  0x08013794   Data          36  freertos.o(.constdata)
    Device_unusual_attributes                0x080137b8   Data          36  freertos.o(.constdata)
    Power_Check_attributes                   0x080137dc   Data          36  freertos.o(.constdata)
    GPS_REC_attributes                       0x08013800   Data          36  freertos.o(.constdata)
    VCU_send_attributes                      0x08013824   Data          36  freertos.o(.constdata)
    VCU_REC_attributes                       0x08013848   Data          36  freertos.o(.constdata)
    SBUS_Parse_attributes                    0x0801386c   Data          36  freertos.o(.constdata)
    VCU_send_semp_queue_attributes           0x08013890   Data          24  freertos.o(.constdata)
    VCU_recv_semp_queue_attributes           0x080138a8   Data          24  freertos.o(.constdata)
    usart1_recv_semp_queue_attributes        0x080138c0   Data          24  freertos.o(.constdata)
    usart1_send_semp_queue_attributes        0x080138d8   Data          24  freertos.o(.constdata)
    HTTP_REQUEST_queue_attributes            0x080138f0   Data          24  freertos.o(.constdata)
    SPI1_recv_semp_queue_attributes          0x08013908   Data          24  freertos.o(.constdata)
    usart3_recv_semp_queue_attributes        0x08013920   Data          24  freertos.o(.constdata)
    APP_Info_Submit_Semp_attributes          0x08013938   Data          16  freertos.o(.constdata)
    SBUS_RUN_Semp_attributes                 0x08013948   Data          16  freertos.o(.constdata)
    CAN_send_semp_attributes                 0x08013958   Data          16  freertos.o(.constdata)
    Device_Run_status_event_attributes       0x08013968   Data          16  freertos.o(.constdata)
    Device_unusual_status_event_attributes   0x08013978   Data          16  freertos.o(.constdata)
    BIT_1                                    0x08013988   Data           4  freertos.o(.constdata)
    BIT_2                                    0x0801398c   Data           4  freertos.o(.constdata)
    BIT_3                                    0x08013990   Data           4  freertos.o(.constdata)
    BIT_4                                    0x08013994   Data           4  freertos.o(.constdata)
    BIT_5                                    0x08013998   Data           4  freertos.o(.constdata)
    BIT_6                                    0x0801399c   Data           4  freertos.o(.constdata)
    BIT_7                                    0x080139a0   Data           4  freertos.o(.constdata)
    BIT_8                                    0x080139a4   Data           4  freertos.o(.constdata)
    UARTPrescTable                           0x08013a0c   Data          24  stm32h7xx_hal_uart.o(.constdata)
    D1CorePrescTable                         0x08013a34   Data          16  system_stm32h7xx.o(.constdata)
    wgs84_a                                  0x08013ac8   Data           8  wgs84toangle.o(.constdata)
    wgs84_f                                  0x08013ad0   Data           8  wgs84toangle.o(.constdata)
    EventRecorderInfo                        0x08014138   Data          24  eventrecorder.o(.constdata)
    __mathlib_zero                           0x08014250   Data           8  qnan.o(.constdata)
    __ctype_categories                       0x08014348   Data          64  ctype_c.o(.constdata)
    Region$$Table$$Base                      0x0801490c   Number         0  anon$$obj.o(Region$$Table)
    Region$$Table$$Limit                     0x0801492c   Number         0  anon$$obj.o(Region$$Table)
    txSpeedMsg                               0x24000001   Data           8  motor.o(.data)
    my_cJSON_Hooks                           0x24000014   Data          12  deal_string.o(.data)
    controlFlag                              0x24000020   Data           1  sbus.o(.data)
    Device_Poweron_status                    0x24000024   Data           1  freertos.o(.data)
    Device_Run_Status                        0x24000025   Data           3  freertos.o(.data)
    GPS_REC_block_time                       0x24000028   Data           4  freertos.o(.data)
    EC600U_REC_block_time                    0x2400002c   Data           4  freertos.o(.data)
    APP_Info_Submit_time                     0x24000030   Data           4  freertos.o(.data)
    Device_unusual_time                      0x24000034   Data           4  freertos.o(.data)
    EC600U_MQTT_SEND_STATUS                  0x24000038   Data           4  freertos.o(.data)
    EC600U_HTTP_jobPause                     0x2400003c   Data           4  freertos.o(.data)
    EC600U_HTTP_updateRoute                  0x24000040   Data           4  freertos.o(.data)
    defaultTaskHandle                        0x24000044   Data           4  freertos.o(.data)
    EC600U_RECHandle                         0x24000048   Data           4  freertos.o(.data)
    APP_Info_SubmitHandle                    0x2400004c   Data           4  freertos.o(.data)
    Device_RunHandle                         0x24000050   Data           4  freertos.o(.data)
    EC600U_SENDHandle                        0x24000054   Data           4  freertos.o(.data)
    HTTP_REQUESTHandle                       0x24000058   Data           4  freertos.o(.data)
    Device_unusualHandle                     0x2400005c   Data           4  freertos.o(.data)
    Power_CheckHandle                        0x24000060   Data           4  freertos.o(.data)
    GPS_RECHandle                            0x24000064   Data           4  freertos.o(.data)
    VCU_sendHandle                           0x24000068   Data           4  freertos.o(.data)
    VCU_RECHandle                            0x2400006c   Data           4  freertos.o(.data)
    SBUS_ParseHandle                         0x24000070   Data           4  freertos.o(.data)
    VCU_send_semp_queueHandle                0x24000074   Data           4  freertos.o(.data)
    VCU_recv_semp_queueHandle                0x24000078   Data           4  freertos.o(.data)
    usart1_recv_semp_queueHandle             0x2400007c   Data           4  freertos.o(.data)
    usart1_send_semp_queueHandle             0x24000080   Data           4  freertos.o(.data)
    HTTP_REQUEST_queueHandle                 0x24000084   Data           4  freertos.o(.data)
    SPI1_recv_semp_queueHandle               0x24000088   Data           4  freertos.o(.data)
    usart3_recv_semp_queueHandle             0x2400008c   Data           4  freertos.o(.data)
    APP_Info_Submit_SempHandle               0x24000090   Data           4  freertos.o(.data)
    SBUS_RUN_SempHandle                      0x24000094   Data           4  freertos.o(.data)
    CAN_send_sempHandle                      0x24000098   Data           4  freertos.o(.data)
    Device_Run_status_eventHandle            0x2400009c   Data           4  freertos.o(.data)
    Device_unusual_status_eventHandle        0x240000a0   Data           4  freertos.o(.data)
    CAN1_fifo                                0x240000a4   Data          14  fdcan.o(.data)
    SPI1_fifo                                0x240000b4   Data          12  spi.o(.data)
    UART2_fifo                               0x240000c2   Data          14  usart.o(.data)
    UART1_fifo                               0x240000d0   Data          14  usart.o(.data)
    UART3_fifo                               0x240000de   Data          14  usart.o(.data)
    uwTickFreq                               0x240000ec   Data           1  stm32h7xx_hal.o(.data)
    uwTickPrio                               0x240000f0   Data           4  stm32h7xx_hal.o(.data)
    uwTick                                   0x240000f4   Data           4  stm32h7xx_hal.o(.data)
    SystemCoreClock                          0x240000f8   Data           4  system_stm32h7xx.o(.data)
    SystemD2Clock                            0x240000fc   Data           4  system_stm32h7xx.o(.data)
    pxCurrentTCB                             0x24000100   Data           4  tasks.o(.data)
    request_num                              0x24000188   Data           1  http.o(.data)
    Authen_info                              0x2400018c   Data           8  http.o(.data)
    Update_Route_param                       0x24000194   Data          78  http.o(.data)
    Pause_param                              0x240001e2   Data          83  http.o(.data)
    Knife_Height                             0x24000238   Data           4  mqtt.o(.data)
    MQTT_Return_Task_ZoneId                  0x2400023c   Data           4  mqtt.o(.data)
    Safe_Zone_Detect                         0x24000240   Data           4  mqtt.o(.data)
    Light_Status                             0x24000244   Data           4  mqtt.o(.data)
    MQTT_Task_Msg                            0x24000248   Data           8  mqtt.o(.data)
    MQTT_APP_info                            0x24000250   Data         280  mqtt.o(.data)
    __stdout                                 0x240003e0   Data           4  stdout.o(.data)
    __microlib_freelist                      0x240003e8   Data           4  mvars.o(.data)
    __microlib_freelist_initialised          0x240003ec   Data           4  mvars.o(.data)
    waypoints_run_status                     0x240003f8   Data          20  nav.o(.bss)
    wait_run_point                           0x24000448   Data        2000  nav.o(.bss)
    PID_angle_control                        0x24000c18   Data          64  nav.o(.bss)
    Imei                                     0x24000c58   Data          30  deal_data.o(.bss)
    SBUS_CH                                  0x24000c76   Data          40  sbus.o(.bss)
    CAN1TxData                               0x24000ca0   Data         120  fdcan.o(.bss)
    CAN1Rxbuff                               0x24000d18   Data         512  fdcan.o(.bss)
    hfdcan1                                  0x24000f18   Data         160  fdcan.o(.bss)
    g_Can1RxHeader                           0x24000fb8   Data          40  fdcan.o(.bss)
    SPI1RxData                               0x24000fe0   Data        3000  spi.o(.bss)
    hspi1                                    0x24001b98   Data         136  spi.o(.bss)
    hdma_spi1_rx                             0x24001c20   Data         120  spi.o(.bss)
    htim6                                    0x24001c98   Data          76  tim.o(.bss)
    USART2RxData                             0x24001ce4   Data        7680  usart.o(.bss)
    USART1RxData                             0x24003ae4   Data       10500  usart.o(.bss)
    USART3RxData                             0x240063e8   Data         900  usart.o(.bss)
    huart1                                   0x2400676c   Data         148  usart.o(.bss)
    huart2                                   0x24006800   Data         148  usart.o(.bss)
    huart3                                   0x24006894   Data         148  usart.o(.bss)
    hdma_usart1_rx                           0x24006928   Data         120  usart.o(.bss)
    hdma_usart1_tx                           0x240069a0   Data         120  usart.o(.bss)
    hdma_usart2_rx                           0x24006a18   Data         120  usart.o(.bss)
    hdma_usart2_tx                           0x24006a90   Data         120  usart.o(.bss)
    hdma_usart3_tx                           0x24006b08   Data         120  usart.o(.bss)
    hdma_usart3_rx                           0x24006b80   Data         120  usart.o(.bss)
    USART1TxData                             0x24006bf8   Data       22500  usart.o(.bss)
    htim7                                    0x2400c3dc   Data          76  stm32h7xx_hal_timebase_tim.o(.bss)
    xQueueRegistry                           0x2400c428   Data          64  queue.o(.bss)
    gnss                                     0x24013518   Data          85  gps.o(.bss)
    HTTP_Task_Msg                            0x24013570   Data         520  http.o(.bss)
    Charge_info                              0x24013778   Data         156  http.o(.bss)
    Change_Safe_Zone                         0x24013814   Data         100  mqtt.o(.bss)
    g                                        0x24013878   Data         408  wgs84toangle.o(.bss)
    __heap_base                              0x24013a10   Data           0  startup_stm32h753xx.o(HEAP)
    __heap_limit                             0x24014610   Data           0  startup_stm32h753xx.o(HEAP)
    __initial_sp                             0x24014e10   Data           0  startup_stm32h753xx.o(STACK)



==============================================================================

Memory Map of the image

  Image Entry point : 0x08000299

  Load Region LR_IROM1 (Base: 0x08000000, Size: 0x00014d20, Max: 0x00200000, ABSOLUTE, COMPRESSED[0x000149e4])

    Execution Region ER_IROM1 (Exec base: 0x08000000, Load base: 0x08000000, Size: 0x0001492c, Max: 0x00200000, ABSOLUTE)

    Exec Addr    Load Addr    Size         Type   Attr      Idx    E Section Name        Object

    0x08000000   0x08000000   0x00000298   Data   RO            3    RESET               startup_stm32h753xx.o
    0x08000298   0x08000298   0x00000000   Code   RO         9729  * .ARM.Collect$$$$00000000  mc_w.l(entry.o)
    0x08000298   0x08000298   0x00000004   Code   RO        10100    .ARM.Collect$$$$00000001  mc_w.l(entry2.o)
    0x0800029c   0x0800029c   0x00000004   Code   RO        10103    .ARM.Collect$$$$00000004  mc_w.l(entry5.o)
    0x080002a0   0x080002a0   0x00000000   Code   RO        10105    .ARM.Collect$$$$00000008  mc_w.l(entry7b.o)
    0x080002a0   0x080002a0   0x00000000   Code   RO        10107    .ARM.Collect$$$$0000000A  mc_w.l(entry8b.o)
    0x080002a0   0x080002a0   0x00000008   Code   RO        10108    .ARM.Collect$$$$0000000B  mc_w.l(entry9a.o)
    0x080002a8   0x080002a8   0x00000004   Code   RO        10115    .ARM.Collect$$$$0000000E  mc_w.l(entry12b.o)
    0x080002ac   0x080002ac   0x00000000   Code   RO        10110    .ARM.Collect$$$$0000000F  mc_w.l(entry10a.o)
    0x080002ac   0x080002ac   0x00000000   Code   RO        10112    .ARM.Collect$$$$00000011  mc_w.l(entry11a.o)
    0x080002ac   0x080002ac   0x00000004   Code   RO        10101    .ARM.Collect$$$$00002712  mc_w.l(entry2.o)
    0x080002b0   0x080002b0   0x000000be   Code   RO         7943    .emb_text           port.o
    0x0800036e   0x0800036e   0x00000002   PAD
    0x08000370   0x08000370   0x00000084   Code   RO         9415    .emb_text           eventrecorder.o
    0x080003f4   0x080003f4   0x00000024   Code   RO            4    .text               startup_stm32h753xx.o
    0x08000418   0x08000418   0x00000062   Code   RO         9738    .text               mc_w.l(uldiv.o)
    0x0800047a   0x0800047a   0x0000000c   Code   RO         9740    .text               mc_w.l(tolower.o)
    0x08000486   0x08000486   0x00000028   Code   RO         9742    .text               mc_w.l(memcpy.o)
    0x080004ae   0x080004ae   0x00000024   Code   RO         9748    .text               mc_w.l(memseta.o)
    0x080004d2   0x080004d2   0x00000024   Code   RO         9750    .text               mc_w.l(strstr.o)
    0x080004f6   0x080004f6   0x0000000e   Code   RO         9752    .text               mc_w.l(strlen.o)
    0x08000504   0x08000504   0x0000001c   Code   RO         9754    .text               mc_w.l(strcmp.o)
    0x08000520   0x08000520   0x00000012   Code   RO         9756    .text               mc_w.l(strcpy.o)
    0x08000532   0x08000532   0x0000001e   Code   RO         9758    .text               mc_w.l(strncmp.o)
    0x08000550   0x08000550   0x00000044   Code   RO         9760    .text               mc_w.l(strtok.o)
    0x08000594   0x08000594   0x00000038   Code   RO        10059    .text               mc_w.l(sscanf.o)
    0x080005cc   0x080005cc   0x0000002c   Code   RO        10116    .text               mc_w.l(uidiv.o)
    0x080005f8   0x080005f8   0x0000001e   Code   RO        10118    .text               mc_w.l(llshl.o)
    0x08000616   0x08000616   0x00000020   Code   RO        10120    .text               mc_w.l(llushr.o)
    0x08000636   0x08000636   0x00000156   Code   RO        10131    .text               mc_w.l(_scanf_longlong.o)
    0x0800078c   0x0800078c   0x0000014c   Code   RO        10133    .text               mc_w.l(_scanf_int.o)
    0x080008d8   0x080008d8   0x000000e0   Code   RO        10135    .text               mc_w.l(_scanf_str.o)
    0x080009b8   0x080009b8   0x00000360   Code   RO        10137    .text               mc_w.l(scanf_fp.o)
    0x08000d18   0x08000d18   0x00000028   Code   RO        10141    .text               mc_w.l(scanf_char.o)
    0x08000d40   0x08000d40   0x00000040   Code   RO        10143    .text               mc_w.l(_sgetc.o)
    0x08000d80   0x08000d80   0x0000009c   Code   RO        10145    .text               mc_w.l(strtod.o)
    0x08000e1c   0x08000e1c   0x00000000   Code   RO        10147    .text               mc_w.l(iusefp.o)
    0x08000e1c   0x08000e1c   0x0000014e   Code   RO        10148    .text               mf_w.l(dadd.o)
    0x08000f6a   0x08000f6a   0x000000e4   Code   RO        10150    .text               mf_w.l(dmul.o)
    0x0800104e   0x0800104e   0x000000de   Code   RO        10152    .text               mf_w.l(ddiv.o)
    0x0800112c   0x0800112c   0x00000086   Code   RO        10154    .text               mf_w.l(drem.o)
    0x080011b2   0x080011b2   0x00000030   Code   RO        10156    .text               mf_w.l(dfixul.o)
    0x080011e2   0x080011e2   0x00000002   PAD
    0x080011e4   0x080011e4   0x00000030   Code   RO        10158    .text               mf_w.l(cdrcmple.o)
    0x08001214   0x08001214   0x00000060   Code   RO        10160    .text               mf_w.l(dcmp4.o)
    0x08001274   0x08001274   0x00000024   Code   RO        10162    .text               mc_w.l(init.o)
    0x08001298   0x08001298   0x00000024   Code   RO        10164    .text               mc_w.l(llsshr.o)
    0x080012bc   0x080012bc   0x0000000a   Code   RO        10166    .text               mc_w.l(isspace_c.o)
    0x080012c6   0x080012c6   0x0000001c   Code   RO        10168    .text               mc_w.l(_chval.o)
    0x080012e2   0x080012e2   0x00000002   PAD
    0x080012e4   0x080012e4   0x00000330   Code   RO        10170    .text               mc_w.l(_scanf.o)
    0x08001614   0x08001614   0x000000ba   Code   RO        10172    .text               mf_w.l(depilogue.o)
    0x080016ce   0x080016ce   0x00000018   Code   RO        10174    .text               mf_w.l(dfltul.o)
    0x080016e6   0x080016e6   0x00000038   Code   RO        10176    .text               mf_w.l(d2f.o)
    0x0800171e   0x0800171e   0x00000002   PAD
    0x08001720   0x08001720   0x00000028   Code   RO        10178    .text               mc_w.l(ctype_c.o)
    0x08001748   0x08001748   0x0000006e   Code   RO        10181    .text               mf_w.l(fepilogue.o)
    0x080017b6   0x080017b6   0x00000056   Code   RO        10191    .text               mc_w.l(__dczerorl2.o)
    0x0800180c   0x0800180c   0x00000044   Code   RO         9060    i.A1m1f             geodesic.o
    0x08001850   0x08001850   0x00000044   Code   RO         9061    i.A2m1f             geodesic.o
    0x08001894   0x08001894   0x00000054   Code   RO         9062    i.A3coeff           geodesic.o
    0x080018e8   0x080018e8   0x0000000a   Code   RO         9063    i.A3f               geodesic.o
    0x080018f2   0x080018f2   0x00000002   PAD
    0x080018f4   0x080018f4   0x00000120   Code   RO         8857    i.APP_Info_Submit   mqtt.o
    0x08001a14   0x08001a14   0x00000040   Code   RO          606    i.APP_Info_Submit_task  freertos.o
    0x08001a54   0x08001a54   0x000000bc   Code   RO         9064    i.AngDiff           geodesic.o
    0x08001b10   0x08001b10   0x00000060   Code   RO         9066    i.AngRound          geodesic.o
    0x08001b70   0x08001b70   0x00000150   Code   RO         9067    i.Astroid           geodesic.o
    0x08001cc0   0x08001cc0   0x00000002   Code   RO         1016    i.BusFault_Handler  stm32h7xx_it.o
    0x08001cc2   0x08001cc2   0x00000002   PAD
    0x08001cc4   0x08001cc4   0x00000084   Code   RO         9068    i.C1f               geodesic.o
    0x08001d48   0x08001d48   0x00000084   Code   RO         9070    i.C2f               geodesic.o
    0x08001dcc   0x08001dcc   0x00000060   Code   RO         9071    i.C3coeff           geodesic.o
    0x08001e2c   0x08001e2c   0x0000004e   Code   RO         9072    i.C3f               geodesic.o
    0x08001e7a   0x08001e7a   0x00000002   PAD
    0x08001e7c   0x08001e7c   0x00000058   Code   RO         9073    i.C4coeff           geodesic.o
    0x08001ed4   0x08001ed4   0x0000004e   Code   RO         9074    i.C4f               geodesic.o
    0x08001f22   0x08001f22   0x00000002   PAD
    0x08001f24   0x08001f24   0x00000040   Code   RO          766    i.CAN1_send_data_apply  fdcan.o
    0x08001f64   0x08001f64   0x0000000c   Code   RO         1017    i.DMA1_Stream1_IRQHandler  stm32h7xx_it.o
    0x08001f70   0x08001f70   0x0000000c   Code   RO         1018    i.DMA1_Stream2_IRQHandler  stm32h7xx_it.o
    0x08001f7c   0x08001f7c   0x0000000c   Code   RO         1019    i.DMA1_Stream3_IRQHandler  stm32h7xx_it.o
    0x08001f88   0x08001f88   0x0000000c   Code   RO         1020    i.DMA1_Stream4_IRQHandler  stm32h7xx_it.o
    0x08001f94   0x08001f94   0x0000000c   Code   RO         1021    i.DMA1_Stream5_IRQHandler  stm32h7xx_it.o
    0x08001fa0   0x08001fa0   0x0000000c   Code   RO         1022    i.DMA2_Stream0_IRQHandler  stm32h7xx_it.o
    0x08001fac   0x08001fac   0x000000c0   Code   RO         2050    i.DMA_CalcBaseAndBitshift  stm32h7xx_hal_dma.o
    0x0800206c   0x0800206c   0x000000a0   Code   RO         2051    i.DMA_CalcDMAMUXChannelBaseAndMask  stm32h7xx_hal_dma.o
    0x0800210c   0x0800210c   0x0000007c   Code   RO         2052    i.DMA_CalcDMAMUXRequestGenBaseAndMask  stm32h7xx_hal_dma.o
    0x08002188   0x08002188   0x00000078   Code   RO         2053    i.DMA_CheckFifoParam  stm32h7xx_hal_dma.o
    0x08002200   0x08002200   0x0000023c   Code   RO         2054    i.DMA_SetConfig     stm32h7xx_hal_dma.o
    0x0800243c   0x0800243c   0x00000002   Code   RO         1023    i.DebugMon_Handler  stm32h7xx_it.o
    0x0800243e   0x0800243e   0x00000002   PAD
    0x08002440   0x08002440   0x00000108   Code   RO          607    i.Device_Run_task   freertos.o
    0x08002548   0x08002548   0x00000080   Code   RO          608    i.Device_unusual_task  freertos.o
    0x080025c8   0x080025c8   0x000001e8   Code   RO          282    i.Direct_Drive_motor  motor.o
    0x080027b0   0x080027b0   0x00000158   Code   RO          609    i.EC600U_REC_task   freertos.o
    0x08002908   0x08002908   0x0000005c   Code   RO          610    i.EC600U_SEND_task  freertos.o
    0x08002964   0x08002964   0x00000074   Code   RO          346    i.EC600U_send_msg   deal_data.o
    0x080029d8   0x080029d8   0x00000004   Code   RO          494    i.Error_Handler     main.o
    0x080029dc   0x080029dc   0x00000028   Code   RO         9416    i.EventCheckFilter  eventrecorder.o
    0x08002a04   0x08002a04   0x00000048   Code   RO         9417    i.EventGetTS        eventrecorder.o
    0x08002a4c   0x08002a4c   0x0000010c   Code   RO         9420    i.EventRecordData   eventrecorder.o
    0x08002b58   0x08002b58   0x000000b4   Code   RO         9421    i.EventRecordItem   eventrecorder.o
    0x08002c0c   0x08002c0c   0x00000058   Code   RO         9424    i.EventRecorderEnable  eventrecorder.o
    0x08002c64   0x08002c64   0x00000100   Code   RO         9425    i.EventRecorderInitialize  eventrecorder.o
    0x08002d64   0x08002d64   0x00000030   Code   RO         9426    i.EventRecorderStart  eventrecorder.o
    0x08002d94   0x08002d94   0x0000000c   Code   RO         9428    i.EventRecorderTimerGetCount  eventrecorder.o
    0x08002da0   0x08002da0   0x0000000c   Code   RO         9429    i.EventRecorderTimerGetFreq  eventrecorder.o
    0x08002dac   0x08002dac   0x00000020   Code   RO         9430    i.EventRecorderTimerSetup  eventrecorder.o
    0x08002dcc   0x08002dcc   0x0000000c   Code   RO         1024    i.FDCAN1_IT0_IRQHandler  stm32h7xx_it.o
    0x08002dd8   0x08002dd8   0x000001b0   Code   RO         3667    i.FDCAN_CalcultateRamBlockAddresses  stm32h7xx_hal_fdcan.o
    0x08002f88   0x08002f88   0x00000078   Code   RO         3668    i.FDCAN_CopyMessageToRAM  stm32h7xx_hal_fdcan.o
    0x08003000   0x08003000   0x000000c4   Code   RO          611    i.GPS_REC_task      freertos.o
    0x080030c4   0x080030c4   0x00000088   Code   RO         9018    i.GPStoXY           wgs84toangle.o
    0x0800314c   0x0800314c   0x0000037c   Code   RO         2055    i.HAL_DMA_Abort     stm32h7xx_hal_dma.o
    0x080034c8   0x080034c8   0x000002b0   Code   RO         2056    i.HAL_DMA_Abort_IT  stm32h7xx_hal_dma.o
    0x08003778   0x08003778   0x00000004   Code   RO         2058    i.HAL_DMA_GetError  stm32h7xx_hal_dma.o
    0x0800377c   0x0800377c   0x000007a8   Code   RO         2060    i.HAL_DMA_IRQHandler  stm32h7xx_hal_dma.o
    0x08003f24   0x08003f24   0x000003fc   Code   RO         2061    i.HAL_DMA_Init      stm32h7xx_hal_dma.o
    0x08004320   0x08004320   0x000002ec   Code   RO         2065    i.HAL_DMA_Start_IT  stm32h7xx_hal_dma.o
    0x0800460c   0x0800460c   0x00000084   Code   RO         3670    i.HAL_FDCAN_ActivateNotification  stm32h7xx_hal_fdcan.o
    0x08004690   0x08004690   0x0000006c   Code   RO         3672    i.HAL_FDCAN_AddMessageToTxFifoQ  stm32h7xx_hal_fdcan.o
    0x080046fc   0x080046fc   0x00000002   Code   RO         3673    i.HAL_FDCAN_ClockCalibrationCallback  stm32h7xx_hal_fdcan.o
    0x080046fe   0x080046fe   0x00000088   Code   RO         3677    i.HAL_FDCAN_ConfigFilter  stm32h7xx_hal_fdcan.o
    0x08004786   0x08004786   0x00000030   Code   RO         3678    i.HAL_FDCAN_ConfigGlobalFilter  stm32h7xx_hal_fdcan.o
    0x080047b6   0x080047b6   0x00000002   Code   RO         3699    i.HAL_FDCAN_ErrorCallback  stm32h7xx_hal_fdcan.o
    0x080047b8   0x080047b8   0x00000002   Code   RO         3700    i.HAL_FDCAN_ErrorStatusCallback  stm32h7xx_hal_fdcan.o
    0x080047ba   0x080047ba   0x00000002   PAD
    0x080047bc   0x080047bc   0x000001b0   Code   RO         3711    i.HAL_FDCAN_GetRxMessage  stm32h7xx_hal_fdcan.o
    0x0800496c   0x0800496c   0x00000002   Code   RO         3717    i.HAL_FDCAN_HighPriorityMessageCallback  stm32h7xx_hal_fdcan.o
    0x0800496e   0x0800496e   0x00000002   PAD
    0x08004970   0x08004970   0x000002ec   Code   RO         3718    i.HAL_FDCAN_IRQHandler  stm32h7xx_hal_fdcan.o
    0x08004c5c   0x08004c5c   0x00000268   Code   RO         3719    i.HAL_FDCAN_Init    stm32h7xx_hal_fdcan.o
    0x08004ec4   0x08004ec4   0x0000009c   Code   RO          768    i.HAL_FDCAN_MspInit  fdcan.o
    0x08004f60   0x08004f60   0x00000002   Code   RO         3728    i.HAL_FDCAN_RxBufferNewMessageCallback  stm32h7xx_hal_fdcan.o
    0x08004f62   0x08004f62   0x00000002   PAD
    0x08004f64   0x08004f64   0x0000002c   Code   RO          769    i.HAL_FDCAN_RxFifo0Callback  fdcan.o
    0x08004f90   0x08004f90   0x00000002   Code   RO         3730    i.HAL_FDCAN_RxFifo1Callback  stm32h7xx_hal_fdcan.o
    0x08004f92   0x08004f92   0x00000030   Code   RO         3731    i.HAL_FDCAN_Start   stm32h7xx_hal_fdcan.o
    0x08004fc2   0x08004fc2   0x00000002   Code   RO         3753    i.HAL_FDCAN_TT_GlobalTimeCallback  stm32h7xx_hal_fdcan.o
    0x08004fc4   0x08004fc4   0x00000002   Code   RO         3754    i.HAL_FDCAN_TT_ScheduleSyncCallback  stm32h7xx_hal_fdcan.o
    0x08004fc6   0x08004fc6   0x00000002   Code   RO         3759    i.HAL_FDCAN_TT_StopWatchCallback  stm32h7xx_hal_fdcan.o
    0x08004fc8   0x08004fc8   0x00000002   Code   RO         3760    i.HAL_FDCAN_TT_TimeMarkCallback  stm32h7xx_hal_fdcan.o
    0x08004fca   0x08004fca   0x00000002   Code   RO         3761    i.HAL_FDCAN_TimeoutOccurredCallback  stm32h7xx_hal_fdcan.o
    0x08004fcc   0x08004fcc   0x00000002   Code   RO         3762    i.HAL_FDCAN_TimestampWraparoundCallback  stm32h7xx_hal_fdcan.o
    0x08004fce   0x08004fce   0x00000002   Code   RO         3763    i.HAL_FDCAN_TxBufferAbortCallback  stm32h7xx_hal_fdcan.o
    0x08004fd0   0x08004fd0   0x00000002   Code   RO         3764    i.HAL_FDCAN_TxBufferCompleteCallback  stm32h7xx_hal_fdcan.o
    0x08004fd2   0x08004fd2   0x00000002   Code   RO         3765    i.HAL_FDCAN_TxEventFifoCallback  stm32h7xx_hal_fdcan.o
    0x08004fd4   0x08004fd4   0x00000002   Code   RO         3766    i.HAL_FDCAN_TxFifoEmptyCallback  stm32h7xx_hal_fdcan.o
    0x08004fd6   0x08004fd6   0x00000002   PAD
    0x08004fd8   0x08004fd8   0x00000224   Code   RO         1903    i.HAL_GPIO_Init     stm32h7xx_hal_gpio.o
    0x080051fc   0x080051fc   0x00000010   Code   RO         1906    i.HAL_GPIO_TogglePin  stm32h7xx_hal_gpio.o
    0x0800520c   0x0800520c   0x0000000e   Code   RO         1907    i.HAL_GPIO_WritePin  stm32h7xx_hal_gpio.o
    0x0800521a   0x0800521a   0x00000002   PAD
    0x0800521c   0x0800521c   0x0000000c   Code   RO         2775    i.HAL_GetREVID      stm32h7xx_hal.o
    0x08005228   0x08005228   0x0000000c   Code   RO         2776    i.HAL_GetTick       stm32h7xx_hal.o
    0x08005234   0x08005234   0x00000010   Code   RO         2782    i.HAL_IncTick       stm32h7xx_hal.o
    0x08005244   0x08005244   0x0000005c   Code   RO         2783    i.HAL_Init          stm32h7xx_hal.o
    0x080052a0   0x080052a0   0x0000004c   Code   RO         2784    i.HAL_InitTick      stm32h7xx_hal.o
    0x080052ec   0x080052ec   0x00000058   Code   RO         1198    i.HAL_MPU_ConfigRegion  stm32h7xx_hal_cortex.o
    0x08005344   0x08005344   0x0000001c   Code   RO         1199    i.HAL_MPU_Disable   stm32h7xx_hal_cortex.o
    0x08005360   0x08005360   0x00000024   Code   RO         1200    i.HAL_MPU_Enable    stm32h7xx_hal_cortex.o
    0x08005384   0x08005384   0x00000024   Code   RO         1152    i.HAL_MspInit       stm32h7xx_hal_msp.o
    0x080053a8   0x080053a8   0x0000001a   Code   RO         1203    i.HAL_NVIC_EnableIRQ  stm32h7xx_hal_cortex.o
    0x080053c2   0x080053c2   0x00000002   PAD
    0x080053c4   0x080053c4   0x00000040   Code   RO         1209    i.HAL_NVIC_SetPriority  stm32h7xx_hal_cortex.o
    0x08005404   0x08005404   0x00000024   Code   RO         1210    i.HAL_NVIC_SetPriorityGrouping  stm32h7xx_hal_cortex.o
    0x08005428   0x08005428   0x00000058   Code   RO         2504    i.HAL_PWREx_ConfigSupply  stm32h7xx_hal_pwr_ex.o
    0x08005480   0x08005480   0x00000024   Code   RO         1454    i.HAL_RCCEx_GetD3PCLK1Freq  stm32h7xx_hal_rcc_ex.o
    0x080054a4   0x080054a4   0x000001c0   Code   RO         1456    i.HAL_RCCEx_GetPLL2ClockFreq  stm32h7xx_hal_rcc_ex.o
    0x08005664   0x08005664   0x000001c0   Code   RO         1457    i.HAL_RCCEx_GetPLL3ClockFreq  stm32h7xx_hal_rcc_ex.o
    0x08005824   0x08005824   0x00000a04   Code   RO         1463    i.HAL_RCCEx_PeriphCLKConfig  stm32h7xx_hal_rcc_ex.o
    0x08006228   0x08006228   0x0000027c   Code   RO         1339    i.HAL_RCC_ClockConfig  stm32h7xx_hal_rcc.o
    0x080064a4   0x080064a4   0x00000044   Code   RO         1344    i.HAL_RCC_GetHCLKFreq  stm32h7xx_hal_rcc.o
    0x080064e8   0x080064e8   0x00000024   Code   RO         1346    i.HAL_RCC_GetPCLK1Freq  stm32h7xx_hal_rcc.o
    0x0800650c   0x0800650c   0x00000024   Code   RO         1347    i.HAL_RCC_GetPCLK2Freq  stm32h7xx_hal_rcc.o
    0x08006530   0x08006530   0x000001b4   Code   RO         1348    i.HAL_RCC_GetSysClockFreq  stm32h7xx_hal_rcc.o
    0x080066e4   0x080066e4   0x00000684   Code   RO         1351    i.HAL_RCC_OscConfig  stm32h7xx_hal_rcc.o
    0x08006d68   0x08006d68   0x00000002   Code   RO         4292    i.HAL_SPI_ErrorCallback  stm32h7xx_hal_spi.o
    0x08006d6a   0x08006d6a   0x00000002   PAD
    0x08006d6c   0x08006d6c   0x00000230   Code   RO         4295    i.HAL_SPI_IRQHandler  stm32h7xx_hal_spi.o
    0x08006f9c   0x08006f9c   0x00000174   Code   RO         4296    i.HAL_SPI_Init      stm32h7xx_hal_spi.o
    0x08007110   0x08007110   0x000000ec   Code   RO          830    i.HAL_SPI_MspInit   spi.o
    0x080071fc   0x080071fc   0x0000019c   Code   RO         4300    i.HAL_SPI_Receive_DMA  stm32h7xx_hal_spi.o
    0x08007398   0x08007398   0x00000060   Code   RO          831    i.HAL_SPI_RxCpltCallback  spi.o
    0x080073f8   0x080073f8   0x00000002   Code   RO         4303    i.HAL_SPI_RxHalfCpltCallback  stm32h7xx_hal_spi.o
    0x080073fa   0x080073fa   0x00000002   Code   RO         4304    i.HAL_SPI_SuspendCallback  stm32h7xx_hal_spi.o
    0x080073fc   0x080073fc   0x00000002   Code   RO         4311    i.HAL_SPI_TxCpltCallback  stm32h7xx_hal_spi.o
    0x080073fe   0x080073fe   0x00000002   Code   RO         4313    i.HAL_SPI_TxRxCpltCallback  stm32h7xx_hal_spi.o
    0x08007400   0x08007400   0x00000028   Code   RO         1214    i.HAL_SYSTICK_Config  stm32h7xx_hal_cortex.o
    0x08007428   0x08007428   0x00000002   Code   RO         5346    i.HAL_TIMEx_Break2Callback  stm32h7xx_hal_tim_ex.o
    0x0800742a   0x0800742a   0x00000002   Code   RO         5347    i.HAL_TIMEx_BreakCallback  stm32h7xx_hal_tim_ex.o
    0x0800742c   0x0800742c   0x00000002   Code   RO         5348    i.HAL_TIMEx_CommutCallback  stm32h7xx_hal_tim_ex.o
    0x0800742e   0x0800742e   0x00000002   PAD
    0x08007430   0x08007430   0x000000a0   Code   RO         5368    i.HAL_TIMEx_MasterConfigSynchronization  stm32h7xx_hal_tim_ex.o
    0x080074d0   0x080074d0   0x0000004e   Code   RO         4621    i.HAL_TIM_Base_Init  stm32h7xx_hal_tim.o
    0x0800751e   0x0800751e   0x00000002   PAD
    0x08007520   0x08007520   0x0000003c   Code   RO          881    i.HAL_TIM_Base_MspInit  tim.o
    0x0800755c   0x0800755c   0x00000094   Code   RO         4626    i.HAL_TIM_Base_Start_IT  stm32h7xx_hal_tim.o
    0x080075f0   0x080075f0   0x00000030   Code   RO         4629    i.HAL_TIM_Base_Stop_IT  stm32h7xx_hal_tim.o
    0x08007620   0x08007620   0x00000002   Code   RO         4655    i.HAL_TIM_IC_CaptureCallback  stm32h7xx_hal_tim.o
    0x08007622   0x08007622   0x0000018c   Code   RO         4669    i.HAL_TIM_IRQHandler  stm32h7xx_hal_tim.o
    0x080077ae   0x080077ae   0x00000002   Code   RO         4672    i.HAL_TIM_OC_DelayElapsedCallback  stm32h7xx_hal_tim.o
    0x080077b0   0x080077b0   0x00000002   Code   RO         4699    i.HAL_TIM_PWM_PulseFinishedCallback  stm32h7xx_hal_tim.o
    0x080077b2   0x080077b2   0x00000002   PAD
    0x080077b4   0x080077b4   0x0000003c   Code   RO          495    i.HAL_TIM_PeriodElapsedCallback  main.o
    0x080077f0   0x080077f0   0x00000002   Code   RO         4712    i.HAL_TIM_TriggerCallback  stm32h7xx_hal_tim.o
    0x080077f2   0x080077f2   0x0000003e   Code   RO         6062    i.HAL_UARTEx_DisableFifoMode  stm32h7xx_hal_uart_ex.o
    0x08007830   0x08007830   0x00000052   Code   RO         6068    i.HAL_UARTEx_ReceiveToIdle_DMA  stm32h7xx_hal_uart_ex.o
    0x08007882   0x08007882   0x00000002   PAD
    0x08007884   0x08007884   0x00000074   Code   RO          922    i.HAL_UARTEx_RxEventCallback  usart.o
    0x080078f8   0x080078f8   0x00000002   Code   RO         6070    i.HAL_UARTEx_RxFifoFullCallback  stm32h7xx_hal_uart_ex.o
    0x080078fa   0x080078fa   0x0000004c   Code   RO         6071    i.HAL_UARTEx_SetRxFifoThreshold  stm32h7xx_hal_uart_ex.o
    0x08007946   0x08007946   0x0000004c   Code   RO         6072    i.HAL_UARTEx_SetTxFifoThreshold  stm32h7xx_hal_uart_ex.o
    0x08007992   0x08007992   0x00000002   Code   RO         6074    i.HAL_UARTEx_TxFifoEmptyCallback  stm32h7xx_hal_uart_ex.o
    0x08007994   0x08007994   0x00000002   Code   RO         6075    i.HAL_UARTEx_WakeupCallback  stm32h7xx_hal_uart_ex.o
    0x08007996   0x08007996   0x00000002   Code   RO         5662    i.HAL_UART_ErrorCallback  stm32h7xx_hal_uart.o
    0x08007998   0x08007998   0x00000394   Code   RO         5665    i.HAL_UART_IRQHandler  stm32h7xx_hal_uart.o
    0x08007d2c   0x08007d2c   0x00000070   Code   RO         5666    i.HAL_UART_Init     stm32h7xx_hal_uart.o
    0x08007d9c   0x08007d9c   0x0000031c   Code   RO          924    i.HAL_UART_MspInit  usart.o
    0x080080b8   0x080080b8   0x00000002   Code   RO         5673    i.HAL_UART_RxCpltCallback  stm32h7xx_hal_uart.o
    0x080080ba   0x080080ba   0x00000002   Code   RO         5674    i.HAL_UART_RxHalfCpltCallback  stm32h7xx_hal_uart.o
    0x080080bc   0x080080bc   0x00000090   Code   RO         5676    i.HAL_UART_Transmit_DMA  stm32h7xx_hal_uart.o
    0x0800814c   0x0800814c   0x00000002   Code   RO         5678    i.HAL_UART_TxCpltCallback  stm32h7xx_hal_uart.o
    0x0800814e   0x0800814e   0x00000002   Code   RO         5679    i.HAL_UART_TxHalfCpltCallback  stm32h7xx_hal_uart.o
    0x08008150   0x08008150   0x00000040   Code   RO         8731    i.HTTP_Authen_Request  http.o
    0x08008190   0x08008190   0x00000090   Code   RO          612    i.HTTP_REQUEST_task  freertos.o
    0x08008220   0x08008220   0x000000f8   Code   RO         8733    i.HTTP_goToCharge_Request  http.o
    0x08008318   0x08008318   0x000000f8   Code   RO         8734    i.HTTP_jobContinue_Request  http.o
    0x08008410   0x08008410   0x00000118   Code   RO         8735    i.HTTP_jobFinish_Request  http.o
    0x08008528   0x08008528   0x000000d0   Code   RO         8736    i.HTTP_jobPause_Request  http.o
    0x080085f8   0x080085f8   0x000000f4   Code   RO         8737    i.HTTP_jobStart_Request  http.o
    0x080086ec   0x080086ec   0x00000078   Code   RO         8738    i.HTTP_post         http.o
    0x08008764   0x08008764   0x000000d4   Code   RO         8740    i.HTTP_updateRoute_Request  http.o
    0x08008838   0x08008838   0x00000002   Code   RO         1025    i.HardFault_Handler  stm32h7xx_it.o
    0x0800883a   0x0800883a   0x00000002   PAD
    0x0800883c   0x0800883c   0x000000cc   Code   RO         9075    i.Init              geodesic.o
    0x08008908   0x08008908   0x0000050e   Code   RO         9076    i.InverseStart      geodesic.o
    0x08008e16   0x08008e16   0x00000002   PAD
    0x08008e18   0x08008e18   0x00000150   Code   RO          405    i.Json_data_Change  deal_string.o
    0x08008f68   0x08008f68   0x00000354   Code   RO         9077    i.Lambda12          geodesic.o
    0x080092bc   0x080092bc   0x00000028   Code   RO         9078    i.LatFix            geodesic.o
    0x080092e4   0x080092e4   0x0000023c   Code   RO         9079    i.Lengths           geodesic.o
    0x08009520   0x08009520   0x00000022   Code   RO         9019    i.Line_inter_point_math  wgs84toangle.o
    0x08009542   0x08009542   0x00000052   Code   RO          496    i.MPU_Config        main.o
    0x08009594   0x08009594   0x0000009c   Code   RO         8858    i.MQTT_open         mqtt.o
    0x08009630   0x08009630   0x0000008c   Code   RO          742    i.MX_DMA_Init       dma.o
    0x080096bc   0x080096bc   0x0000009c   Code   RO          770    i.MX_FDCAN1_Init    fdcan.o
    0x08009758   0x08009758   0x00000188   Code   RO          613    i.MX_FREERTOS_Init  freertos.o
    0x080098e0   0x080098e0   0x0000007c   Code   RO          582    i.MX_GPIO_Init      gpio.o
    0x0800995c   0x0800995c   0x00000058   Code   RO          832    i.MX_SPI1_Init      spi.o
    0x080099b4   0x080099b4   0x00000048   Code   RO          882    i.MX_TIM6_Init      tim.o
    0x080099fc   0x080099fc   0x00000068   Code   RO          925    i.MX_USART1_UART_Init  usart.o
    0x08009a64   0x08009a64   0x00000068   Code   RO          926    i.MX_USART2_UART_Init  usart.o
    0x08009acc   0x08009acc   0x00000078   Code   RO          927    i.MX_USART3_UART_Init  usart.o
    0x08009b44   0x08009b44   0x00000002   Code   RO         1026    i.MemManage_Handler  stm32h7xx_it.o
    0x08009b46   0x08009b46   0x00000002   PAD
    0x08009b48   0x08009b48   0x00000258   Code   RO           13    i.NAV_Control       nav.o
    0x08009da0   0x08009da0   0x00000002   Code   RO         1027    i.NMI_Handler       stm32h7xx_it.o
    0x08009da2   0x08009da2   0x0000000c   Code   RO          407    i.ObjectToString    deal_string.o
    0x08009dae   0x08009dae   0x00000002   PAD
    0x08009db0   0x08009db0   0x0000005c   Code   RO         8943    i.PID_Init          pid.o
    0x08009e0c   0x08009e0c   0x0000000a   Code   RO         8945    i.PID_SetDiffLimiting  pid.o
    0x08009e16   0x08009e16   0x0000000a   Code   RO         8946    i.PID_SetIntegLimiting  pid.o
    0x08009e20   0x08009e20   0x0000000e   Code   RO         8947    i.PID_SetPIDPara    pid.o
    0x08009e2e   0x08009e2e   0x0000000a   Code   RO         8948    i.PID_SetThresPara  pid.o
    0x08009e38   0x08009e38   0x0000000c   Code   RO          614    i.Power_Check_task  freertos.o
    0x08009e44   0x08009e44   0x00000124   Code   RO         1466    i.RCCEx_PLL2_Config  stm32h7xx_hal_rcc_ex.o
    0x08009f68   0x08009f68   0x00000124   Code   RO         1467    i.RCCEx_PLL3_Config  stm32h7xx_hal_rcc_ex.o
    0x0800a08c   0x0800a08c   0x00000006   Code   RO         8910    i.RTK_L1_open       rtk_l1.o
    0x0800a092   0x0800a092   0x00000002   PAD
    0x0800a094   0x0800a094   0x00000098   Code   RO          615    i.SBUS_Parse_task   freertos.o
    0x0800a12c   0x0800a12c   0x0000023c   Code   RO         8695    i.SPI1_GPS_data     gps.o
    0x0800a368   0x0800a368   0x0000000c   Code   RO         1028    i.SPI1_IRQHandler   stm32h7xx_it.o
    0x0800a374   0x0800a374   0x000000ba   Code   RO         4316    i.SPI_CloseTransfer  stm32h7xx_hal_spi.o
    0x0800a42e   0x0800a42e   0x00000018   Code   RO         4317    i.SPI_DMAAbortOnError  stm32h7xx_hal_spi.o
    0x0800a446   0x0800a446   0x0000002c   Code   RO         4318    i.SPI_DMAError      stm32h7xx_hal_spi.o
    0x0800a472   0x0800a472   0x0000000a   Code   RO         4319    i.SPI_DMAHalfReceiveCplt  stm32h7xx_hal_spi.o
    0x0800a47c   0x0800a47c   0x00000028   Code   RO         4322    i.SPI_DMAReceiveCplt  stm32h7xx_hal_spi.o
    0x0800a4a4   0x0800a4a4   0x00000014   Code   RO         4327    i.SPI_GetPacketSize  stm32h7xx_hal_spi.o
    0x0800a4b8   0x0800a4b8   0x0000007c   Code   RO         9080    i.SinCosSeries      geodesic.o
    0x0800a534   0x0800a534   0x0000001c   Code   RO          616    i.StartDefaultTask  freertos.o
    0x0800a550   0x0800a550   0x00000030   Code   RO          408    i.StringToObject    deal_string.o
    0x0800a580   0x0800a580   0x0000001a   Code   RO         7366    i.SysTick_Handler   cmsis_os2.o
    0x0800a59a   0x0800a59a   0x00000002   PAD
    0x0800a59c   0x0800a59c   0x000000a4   Code   RO          497    i.SystemClock_Config  main.o
    0x0800a640   0x0800a640   0x000000dc   Code   RO         6186    i.SystemInit        system_stm32h7xx.o
    0x0800a71c   0x0800a71c   0x0000000c   Code   RO         1029    i.TIM6_DAC_IRQHandler  stm32h7xx_it.o
    0x0800a728   0x0800a728   0x0000000c   Code   RO         1030    i.TIM7_IRQHandler   stm32h7xx_it.o
    0x0800a734   0x0800a734   0x000000c0   Code   RO         4714    i.TIM_Base_SetConfig  stm32h7xx_hal_tim.o
    0x0800a7f4   0x0800a7f4   0x00000016   Code   RO           14    i.Terminal_decision  nav.o
    0x0800a80a   0x0800a80a   0x00000002   PAD
    0x0800a80c   0x0800a80c   0x00000048   Code   RO         6076    i.UARTEx_SetNbDataToProcess  stm32h7xx_hal_uart_ex.o
    0x0800a854   0x0800a854   0x000000c8   Code   RO         5680    i.UART_AdvFeatureConfig  stm32h7xx_hal_uart.o
    0x0800a91c   0x0800a91c   0x000000aa   Code   RO         5681    i.UART_CheckIdleState  stm32h7xx_hal_uart.o
    0x0800a9c6   0x0800a9c6   0x00000014   Code   RO         5682    i.UART_DMAAbortOnError  stm32h7xx_hal_uart.o
    0x0800a9da   0x0800a9da   0x00000050   Code   RO         5683    i.UART_DMAError     stm32h7xx_hal_uart.o
    0x0800aa2a   0x0800aa2a   0x00000084   Code   RO         5684    i.UART_DMAReceiveCplt  stm32h7xx_hal_uart.o
    0x0800aaae   0x0800aaae   0x00000020   Code   RO         5686    i.UART_DMARxHalfCplt  stm32h7xx_hal_uart.o
    0x0800aace   0x0800aace   0x00000042   Code   RO         5688    i.UART_DMATransmitCplt  stm32h7xx_hal_uart.o
    0x0800ab10   0x0800ab10   0x0000000a   Code   RO         5690    i.UART_DMATxHalfCplt  stm32h7xx_hal_uart.o
    0x0800ab1a   0x0800ab1a   0x00000002   PAD
    0x0800ab1c   0x0800ab1c   0x00000054   Code   RO         5692    i.UART_EndRxTransfer  stm32h7xx_hal_uart.o
    0x0800ab70   0x0800ab70   0x00000024   Code   RO         5693    i.UART_EndTransmit_IT  stm32h7xx_hal_uart.o
    0x0800ab94   0x0800ab94   0x0000002e   Code   RO         5694    i.UART_EndTxTransfer  stm32h7xx_hal_uart.o
    0x0800abc2   0x0800abc2   0x00000002   PAD
    0x0800abc4   0x0800abc4   0x00000490   Code   RO         5699    i.UART_SetConfig    stm32h7xx_hal_uart.o
    0x0800b054   0x0800b054   0x000000a4   Code   RO         5700    i.UART_Start_Receive_DMA  stm32h7xx_hal_uart.o
    0x0800b0f8   0x0800b0f8   0x00000090   Code   RO         5706    i.UART_WaitOnFlagUntilTimeout  stm32h7xx_hal_uart.o
    0x0800b188   0x0800b188   0x000000c0   Code   RO          928    i.USART1_IDLE_Callback  usart.o
    0x0800b248   0x0800b248   0x00000058   Code   RO          929    i.USART1_IDLE_DMA_RXCplt_Err_Callback  usart.o
    0x0800b2a0   0x0800b2a0   0x0000000c   Code   RO         1031    i.USART1_IRQHandler  stm32h7xx_it.o
    0x0800b2ac   0x0800b2ac   0x00000054   Code   RO          930    i.USART2_IDLE_Callback  usart.o
    0x0800b300   0x0800b300   0x0000000c   Code   RO         1032    i.USART2_IRQHandler  stm32h7xx_it.o
    0x0800b30c   0x0800b30c   0x00000058   Code   RO          931    i.USART3_IDLE_Callback  usart.o
    0x0800b364   0x0800b364   0x00000058   Code   RO          932    i.USART3_IDLE_DMA_RXCplt_Err_Callback  usart.o
    0x0800b3bc   0x0800b3bc   0x0000000c   Code   RO         1033    i.USART3_IRQHandler  stm32h7xx_it.o
    0x0800b3c8   0x0800b3c8   0x000001c8   Code   RO         8741    i.USART_HTTP_Authen_data  http.o
    0x0800b590   0x0800b590   0x00000384   Code   RO         8742    i.USART_HTTP_data   http.o
    0x0800b914   0x0800b914   0x00000098   Code   RO         8743    i.USART_HTTP_goToCharge_data  http.o
    0x0800b9ac   0x0800b9ac   0x000000f8   Code   RO         8744    i.USART_HTTP_jobContinue_data  http.o
    0x0800baa4   0x0800baa4   0x00000118   Code   RO         8745    i.USART_HTTP_jobStart_data  http.o
    0x0800bbbc   0x0800bbbc   0x000000f8   Code   RO         8746    i.USART_HTTP_updateRoute_data  http.o
    0x0800bcb4   0x0800bcb4   0x00000040   Code   RO          347    i.USART_Imei_data   deal_data.o
    0x0800bcf4   0x0800bcf4   0x00000428   Code   RO         8860    i.USART_MQTT_data   mqtt.o
    0x0800c11c   0x0800c11c   0x00000002   Code   RO         1034    i.UsageFault_Handler  stm32h7xx_it.o
    0x0800c11e   0x0800c11e   0x00000002   PAD
    0x0800c120   0x0800c120   0x00000090   Code   RO          617    i.VCU_REC_task      freertos.o
    0x0800c1b0   0x0800c1b0   0x00000084   Code   RO          618    i.VCU_send_task     freertos.o
    0x0800c234   0x0800c234   0x00000020   Code   RO        10003    i.__0printf         mc_w.l(printfa.o)
    0x0800c254   0x0800c254   0x00000028   Code   RO        10005    i.__0sprintf        mc_w.l(printfa.o)
    0x0800c27c   0x0800c27c   0x00000030   Code   RO        10078    i.__ARM_fpclassify  m_wv.l(fpclassify.o)
    0x0800c2ac   0x0800c2ac   0x00000020   Code   RO         1216    i.__NVIC_SetPriority  stm32h7xx_hal_cortex.o
    0x0800c2cc   0x0800c2cc   0x00000004   PAD
    0x0800c2d0   0x0800c2d0   0x00000200   Code   RO         9593    i.__hardfp_atan     m_wv.l(atan.o)
    0x0800c4d0   0x0800c4d0   0x000001c8   Code   RO         9607    i.__hardfp_atan2    m_wv.l(atan2.o)
    0x0800c698   0x0800c698   0x00000158   Code   RO         9619    i.__hardfp_atanh    m_wv.l(atanh.o)
    0x0800c7f0   0x0800c7f0   0x00000160   Code   RO         9631    i.__hardfp_cbrt     m_wv.l(cbrt.o)
    0x0800c950   0x0800c950   0x000000b0   Code   RO         9637    i.__hardfp_cos      m_wv.l(cos.o)
    0x0800ca00   0x0800ca00   0x00000062   Code   RO         9655    i.__hardfp_fmax     m_wv.l(fmax.o)
    0x0800ca62   0x0800ca62   0x00000062   Code   RO         9725    i.__hardfp_fmin     m_wv.l(fmin.o)
    0x0800cac4   0x0800cac4   0x00000004   PAD
    0x0800cac8   0x0800cac8   0x000002a0   Code   RO         9659    i.__hardfp_hypot    m_wv.l(hypot.o)
    0x0800cd68   0x0800cd68   0x00000010   Code   RO         9671    i.__hardfp_nan      m_wv.l(nan.o)
    0x0800cd78   0x0800cd78   0x00000058   Code   RO         9675    i.__hardfp_remainder  m_wv.l(remainder.o)
    0x0800cdd0   0x0800cdd0   0x000001a0   Code   RO         9687    i.__hardfp_remquo   m_wv.l(remquo.o)
    0x0800cf70   0x0800cf70   0x000000b0   Code   RO         9695    i.__hardfp_sin      m_wv.l(sin.o)
    0x0800d020   0x0800d020   0x00000066   Code   RO         9707    i.__hardfp_sqrt     m_wv.l(sqrt.o)
    0x0800d086   0x0800d086   0x00000002   PAD
    0x0800d088   0x0800d088   0x00000028   Code   RO         9719    i.__hardfp_strtod   m_wv.l(strtod.o)
    0x0800d0b0   0x0800d0b0   0x00000310   Code   RO        10089    i.__ieee754_rem_pio2  m_wv.l(rred.o)
    0x0800d3c0   0x0800d3c0   0x000000e0   Code   RO        10061    i.__kernel_cos      m_wv.l(cos_i.o)
    0x0800d4a0   0x0800d4a0   0x00000070   Code   RO        10086    i.__kernel_poly     m_wv.l(poly.o)
    0x0800d510   0x0800d510   0x000000a8   Code   RO        10094    i.__kernel_sin      m_wv.l(sin_i.o)
    0x0800d5b8   0x0800d5b8   0x00000020   Code   RO        10064    i.__mathlib_dbl_divzero  m_wv.l(dunder.o)
    0x0800d5d8   0x0800d5d8   0x00000006   Code   RO        10065    i.__mathlib_dbl_infnan  m_wv.l(dunder.o)
    0x0800d5de   0x0800d5de   0x00000006   Code   RO        10066    i.__mathlib_dbl_infnan2  m_wv.l(dunder.o)
    0x0800d5e4   0x0800d5e4   0x00000004   PAD
    0x0800d5e8   0x0800d5e8   0x00000018   Code   RO        10067    i.__mathlib_dbl_invalid  m_wv.l(dunder.o)
    0x0800d600   0x0800d600   0x00000018   Code   RO        10068    i.__mathlib_dbl_overflow  m_wv.l(dunder.o)
    0x0800d618   0x0800d618   0x00000018   Code   RO        10070    i.__mathlib_dbl_underflow  m_wv.l(dunder.o)
    0x0800d630   0x0800d630   0x000002c8   Code   RO        10080    i.__mathlib_log1p   m_wv.l(log1p_i.o)
    0x0800d8f8   0x0800d8f8   0x0000000e   Code   RO        10185    i.__scatterload_copy  mc_w.l(handlers.o)
    0x0800d906   0x0800d906   0x00000002   Code   RO        10186    i.__scatterload_null  mc_w.l(handlers.o)
    0x0800d908   0x0800d908   0x0000000e   Code   RO        10187    i.__scatterload_zeroinit  mc_w.l(handlers.o)
    0x0800d916   0x0800d916   0x00000002   PAD
    0x0800d918   0x0800d918   0x0000000c   Code   RO        10126    i.__set_errno       mc_w.l(errno.o)
    0x0800d924   0x0800d924   0x00000184   Code   RO        10010    i._fp_digits        mc_w.l(printfa.o)
    0x0800daa8   0x0800daa8   0x0000000e   Code   RO        10139    i._is_digit         mc_w.l(scanf_fp.o)
    0x0800dab6   0x0800dab6   0x00000002   PAD
    0x0800dab8   0x0800dab8   0x000006b4   Code   RO        10011    i._printf_core      mc_w.l(printfa.o)
    0x0800e16c   0x0800e16c   0x00000024   Code   RO        10012    i._printf_post_padding  mc_w.l(printfa.o)
    0x0800e190   0x0800e190   0x0000002e   Code   RO        10013    i._printf_pre_padding  mc_w.l(printfa.o)
    0x0800e1be   0x0800e1be   0x0000000a   Code   RO        10015    i._sputc            mc_w.l(printfa.o)
    0x0800e1c8   0x0800e1c8   0x00000010   Code   RO         9595    i.atan              m_wv.l(atan.o)
    0x0800e1d8   0x0800e1d8   0x000000c4   Code   RO         9089    i.atan2dx           geodesic.o
    0x0800e29c   0x0800e29c   0x00000036   Code   RO         8022    i.buffer_skip_whitespace  cjson.o
    0x0800e2d2   0x0800e2d2   0x00000002   PAD
    0x0800e2d4   0x0800e2d4   0x0000005c   Code   RO         8054    i.cJSON_Delete      cjson.o
    0x0800e330   0x0800e330   0x00000010   Code   RO         8065    i.cJSON_GetErrorPtr  cjson.o
    0x0800e340   0x0800e340   0x00000006   Code   RO         8068    i.cJSON_GetObjectItemCaseSensitive  cjson.o
    0x0800e346   0x0800e346   0x00000002   PAD
    0x0800e348   0x0800e348   0x0000002c   Code   RO         8071    i.cJSON_InitHooks   cjson.o
    0x0800e374   0x0800e374   0x00000016   Code   RO         8078    i.cJSON_IsNumber    cjson.o
    0x0800e38a   0x0800e38a   0x00000016   Code   RO         8079    i.cJSON_IsObject    cjson.o
    0x0800e3a0   0x0800e3a0   0x00000016   Code   RO         8081    i.cJSON_IsString    cjson.o
    0x0800e3b6   0x0800e3b6   0x00000002   PAD
    0x0800e3b8   0x0800e3b8   0x00000024   Code   RO         8084    i.cJSON_New_Item    cjson.o
    0x0800e3dc   0x0800e3dc   0x00000008   Code   RO         8085    i.cJSON_Parse       cjson.o
    0x0800e3e4   0x0800e3e4   0x000000d8   Code   RO         8087    i.cJSON_ParseWithLengthOpts  cjson.o
    0x0800e4bc   0x0800e4bc   0x00000026   Code   RO         8088    i.cJSON_ParseWithOpts  cjson.o
    0x0800e4e2   0x0800e4e2   0x00000002   PAD
    0x0800e4e4   0x0800e4e4   0x0000000c   Code   RO         8089    i.cJSON_Print       cjson.o
    0x0800e4f0   0x0800e4f0   0x00000014   Code   RO         8100    i.cJSON_free        cjson.o
    0x0800e504   0x0800e504   0x0000003c   Code   RO          771    i.can_SendPacket    fdcan.o
    0x0800e540   0x0800e540   0x00000048   Code   RO         8103    i.case_insensitive_strcmp  cjson.o
    0x0800e588   0x0800e588   0x00000054   Code   RO         8105    i.compare_double    cjson.o
    0x0800e5dc   0x0800e5dc   0x00000038   Code   RO         9431    i.crc16_ccitt       eventrecorder.o
    0x0800e614   0x0800e614   0x00000024   Code   RO          283    i.driver_speed      motor.o
    0x0800e638   0x0800e638   0x000000d8   Code   RO         8107    i.ensure            cjson.o
    0x0800e710   0x0800e710   0x00000018   Code   RO         9651    i.fabs              m_wv.l(fabs.o)
    0x0800e728   0x0800e728   0x00000014   Code   RO         9544    i.fputc             retarget_io.o
    0x0800e73c   0x0800e73c   0x00000050   Code   RO        10031    i.free              mc_w.l(malloc.o)
    0x0800e78c   0x0800e78c   0x00000060   Code   RO         9094    i.geod_geninverse   geodesic.o
    0x0800e7ec   0x0800e7ec   0x00000c34   Code   RO         9095    i.geod_geninverse_int  geodesic.o
    0x0800f420   0x0800f420   0x00000158   Code   RO         9098    i.geod_init         geodesic.o
    0x0800f578   0x0800f578   0x00000012   Code   RO         9099    i.geod_inverse      geodesic.o
    0x0800f58a   0x0800f58a   0x00000004   Code   RO         8109    i.get_decimal_point  cjson.o
    0x0800f58e   0x0800f58e   0x00000046   Code   RO         8110    i.get_object_item   cjson.o
    0x0800f5d4   0x0800f5d4   0x000000cc   Code   RO          409    i.insert_str        deal_string.o
    0x0800f6a0   0x0800f6a0   0x00000058   Code   RO         9020    i.line_fun          wgs84toangle.o
    0x0800f6f8   0x0800f6f8   0x00000190   Code   RO          498    i.main              main.o
    0x0800f888   0x0800f888   0x0000006c   Code   RO        10032    i.malloc            mc_w.l(malloc.o)
    0x0800f8f4   0x0800f8f4   0x00000004   Code   RO          410    i.my_free           deal_string.o
    0x0800f8f8   0x0800f8f8   0x00000004   Code   RO          411    i.my_malloc         deal_string.o
    0x0800f8fc   0x0800f8fc   0x0000002c   Code   RO         9114    i.norm2             geodesic.o
    0x0800f928   0x0800f928   0x0000001c   Code   RO         7368    i.osDelay           cmsis_os2.o
    0x0800f944   0x0800f944   0x00000042   Code   RO         7370    i.osEventFlagsClear  cmsis_os2.o
    0x0800f986   0x0800f986   0x00000018   Code   RO         7372    i.osEventFlagsGet   cmsis_os2.o
    0x0800f99e   0x0800f99e   0x00000048   Code   RO         7373    i.osEventFlagsNew   cmsis_os2.o
    0x0800f9e6   0x0800f9e6   0x00000002   PAD
    0x0800f9e8   0x0800f9e8   0x00000054   Code   RO         7374    i.osEventFlagsSet   cmsis_os2.o
    0x0800fa3c   0x0800fa3c   0x00000068   Code   RO         7375    i.osEventFlagsWait  cmsis_os2.o
    0x0800faa4   0x0800faa4   0x00000028   Code   RO         7382    i.osKernelInitialize  cmsis_os2.o
    0x0800facc   0x0800facc   0x00000038   Code   RO         7385    i.osKernelStart     cmsis_os2.o
    0x0800fb04   0x0800fb04   0x0000006c   Code   RO         7397    i.osMessageQueueGet  cmsis_os2.o
    0x0800fb70   0x0800fb70   0x00000016   Code   RO         7399    i.osMessageQueueGetCount  cmsis_os2.o
    0x0800fb86   0x0800fb86   0x0000007c   Code   RO         7402    i.osMessageQueueNew  cmsis_os2.o
    0x0800fc02   0x0800fc02   0x00000002   PAD
    0x0800fc04   0x0800fc04   0x00000070   Code   RO         7403    i.osMessageQueuePut  cmsis_os2.o
    0x0800fc74   0x0800fc74   0x00000064   Code   RO         7410    i.osSemaphoreAcquire  cmsis_os2.o
    0x0800fcd8   0x0800fcd8   0x00000016   Code   RO         7412    i.osSemaphoreGetCount  cmsis_os2.o
    0x0800fcee   0x0800fcee   0x000000b2   Code   RO         7413    i.osSemaphoreNew    cmsis_os2.o
    0x0800fda0   0x0800fda0   0x00000058   Code   RO         7414    i.osSemaphoreRelease  cmsis_os2.o
    0x0800fdf8   0x0800fdf8   0x000000ba   Code   RO         7427    i.osThreadNew       cmsis_os2.o
    0x0800feb2   0x0800feb2   0x000000da   Code   RO         8112    i.parse_array       cjson.o
    0x0800ff8c   0x0800ff8c   0x00000044   Code   RO         8113    i.parse_hex4        cjson.o
    0x0800ffd0   0x0800ffd0   0x000000fc   Code   RO         8114    i.parse_number      cjson.o
    0x080100cc   0x080100cc   0x00000110   Code   RO         8115    i.parse_object      cjson.o
    0x080101dc   0x080101dc   0x00000164   Code   RO         8116    i.parse_string      cjson.o
    0x08010340   0x08010340   0x00000114   Code   RO         8117    i.parse_value       cjson.o
    0x08010454   0x08010454   0x00000148   Code   RO           15    i.pointToline_distance  nav.o
    0x0801059c   0x0801059c   0x00000034   Code   RO         9115    i.polyvalx          geodesic.o
    0x080105d0   0x080105d0   0x000000bc   Code   RO         8118    i.print             cjson.o
    0x0801068c   0x0801068c   0x000000a0   Code   RO         8119    i.print_array       cjson.o
    0x0801072c   0x0801072c   0x00000138   Code   RO         8120    i.print_number      cjson.o
    0x08010864   0x08010864   0x00000154   Code   RO         8121    i.print_object      cjson.o
    0x080109b8   0x080109b8   0x00000006   Code   RO         8122    i.print_string      cjson.o
    0x080109be   0x080109be   0x00000002   PAD
    0x080109c0   0x080109c0   0x0000013c   Code   RO         8123    i.print_string_ptr  cjson.o
    0x08010afc   0x08010afc   0x000000f4   Code   RO         8124    i.print_value       cjson.o
    0x08010bf0   0x08010bf0   0x00000060   Code   RO         6803    i.prvAddCurrentTaskToDelayedList  tasks.o
    0x08010c50   0x08010c50   0x00000088   Code   RO         6804    i.prvAddNewTaskToReadyList  tasks.o
    0x08010cd8   0x08010cd8   0x00000058   Code   RO         7179    i.prvCheckForValidListAndQueue  timers.o
    0x08010d30   0x08010d30   0x0000003c   Code   RO         6805    i.prvCheckTasksWaitingTermination  tasks.o
    0x08010d6c   0x08010d6c   0x00000028   Code   RO         6390    i.prvCopyDataFromQueue  queue.o
    0x08010d94   0x08010d94   0x0000006e   Code   RO         6391    i.prvCopyDataToQueue  queue.o
    0x08010e02   0x08010e02   0x00000040   Code   RO         6806    i.prvDeleteTCB      tasks.o
    0x08010e42   0x08010e42   0x00000014   Code   RO         6392    i.prvGetDisinheritPriorityAfterTimeout  queue.o
    0x08010e56   0x08010e56   0x00000002   PAD
    0x08010e58   0x08010e58   0x00000024   Code   RO         7180    i.prvGetNextExpireTime  timers.o
    0x08010e7c   0x08010e7c   0x0000004c   Code   RO         7888    i.prvHeapInit       heap_4.o
    0x08010ec8   0x08010ec8   0x00000028   Code   RO         6807    i.prvIdleTask       tasks.o
    0x08010ef0   0x08010ef0   0x00000022   Code   RO         6394    i.prvInitialiseNewQueue  queue.o
    0x08010f12   0x08010f12   0x000000a8   Code   RO         6808    i.prvInitialiseNewTask  tasks.o
    0x08010fba   0x08010fba   0x00000002   PAD
    0x08010fbc   0x08010fbc   0x00000058   Code   RO         6809    i.prvInitialiseTaskLists  tasks.o
    0x08011014   0x08011014   0x00000054   Code   RO         7889    i.prvInsertBlockIntoFreeList  heap_4.o
    0x08011068   0x08011068   0x00000040   Code   RO         7182    i.prvInsertTimerInActiveList  timers.o
    0x080110a8   0x080110a8   0x0000001a   Code   RO         6395    i.prvIsQueueEmpty   queue.o
    0x080110c2   0x080110c2   0x0000001e   Code   RO         6396    i.prvIsQueueFull    queue.o
    0x080110e0   0x080110e0   0x00000068   Code   RO         7183    i.prvProcessExpiredTimer  timers.o
    0x08011148   0x08011148   0x000000fc   Code   RO         7184    i.prvProcessReceivedCommands  timers.o
    0x08011244   0x08011244   0x0000006c   Code   RO         7185    i.prvProcessTimerOrBlockTask  timers.o
    0x080112b0   0x080112b0   0x00000024   Code   RO         6811    i.prvResetNextTaskUnblockTime  tasks.o
    0x080112d4   0x080112d4   0x0000002c   Code   RO         7186    i.prvSampleTimeNow  timers.o
    0x08011300   0x08011300   0x00000070   Code   RO         7187    i.prvSwitchTimerLists  timers.o
    0x08011370   0x08011370   0x0000002c   Code   RO         7944    i.prvTaskExitError  port.o
    0x0801139c   0x0801139c   0x00000018   Code   RO         6228    i.prvTestWaitCondition  event_groups.o
    0x080113b4   0x080113b4   0x00000014   Code   RO         7188    i.prvTimerTask      timers.o
    0x080113c8   0x080113c8   0x0000006a   Code   RO         6397    i.prvUnlockQueue    queue.o
    0x08011432   0x08011432   0x00000002   PAD
    0x08011434   0x08011434   0x000000dc   Code   RO         7890    i.pvPortMalloc      heap_4.o
    0x08011510   0x08011510   0x00000018   Code   RO         6814    i.pvTaskIncrementMutexHeldCount  tasks.o
    0x08011528   0x08011528   0x00000024   Code   RO         7945    i.pxPortInitialiseStack  port.o
    0x0801154c   0x0801154c   0x00000198   Code   RO          465    i.sbus_parse        sbus.o
    0x080116e4   0x080116e4   0x0000001e   Code   RO          466    i.sbus_to_range     sbus.o
    0x08011702   0x08011702   0x00000002   PAD
    0x08011704   0x08011704   0x000000d0   Code   RO         9116    i.sincosde          geodesic.o
    0x080117d4   0x080117d4   0x000000c4   Code   RO         9117    i.sincosdx          geodesic.o
    0x08011898   0x08011898   0x00000034   Code   RO         8128    i.skip_utf8_bom     cjson.o
    0x080118cc   0x080118cc   0x00000006   Code   RO         9118    i.sq                geodesic.o
    0x080118d2   0x080118d2   0x0000006a   Code   RO         9709    i.sqrt              m_wv.l(sqrt.o)
    0x0801193c   0x0801193c   0x00000040   Code   RO         9545    i.stdout_putchar    retarget_io.o
    0x0801197c   0x0801197c   0x00000004   PAD
    0x08011980   0x08011980   0x00000030   Code   RO         9721    i.strtod            m_wv.l(strtod.o)
    0x080119b0   0x080119b0   0x00000072   Code   RO         9119    i.sumx              geodesic.o
    0x08011a22   0x08011a22   0x00000012   Code   RO         9120    i.swapx             geodesic.o
    0x08011a34   0x08011a34   0x000001d8   Code   RO           16    i.tracking_control_Arith  nav.o
    0x08011c0c   0x08011c0c   0x0000001e   Code   RO         8130    i.update_offset     cjson.o
    0x08011c2a   0x08011c2a   0x00000002   PAD
    0x08011c2c   0x08011c2c   0x00000134   Code   RO          348    i.usart1_rec_data_apply  deal_data.o
    0x08011d60   0x08011d60   0x00000070   Code   RO          349    i.usart1_send_data_apply  deal_data.o
    0x08011dd0   0x08011dd0   0x000000d6   Code   RO         8131    i.utf16_literal_to_utf8  cjson.o
    0x08011ea6   0x08011ea6   0x00000026   Code   RO         6350    i.uxListRemove      list.o
    0x08011ecc   0x08011ecc   0x00000026   Code   RO         6400    i.uxQueueMessagesWaiting  queue.o
    0x08011ef2   0x08011ef2   0x00000018   Code   RO         6401    i.uxQueueMessagesWaitingFromISR  queue.o
    0x08011f0a   0x08011f0a   0x00000002   PAD
    0x08011f0c   0x08011f0c   0x00000018   Code   RO         6823    i.uxTaskResetEventItemValue  tasks.o
    0x08011f24   0x08011f24   0x00000014   Code   RO         7439    i.vApplicationGetIdleTaskMemory  cmsis_os2.o
    0x08011f38   0x08011f38   0x00000018   Code   RO         7440    i.vApplicationGetTimerTaskMemory  cmsis_os2.o
    0x08011f50   0x08011f50   0x00000004   Code   RO         6230    i.vEventGroupClearBitsCallback  event_groups.o
    0x08011f54   0x08011f54   0x00000004   Code   RO         6232    i.vEventGroupSetBitsCallback  event_groups.o
    0x08011f58   0x08011f58   0x00000016   Code   RO         6351    i.vListInitialise   list.o
    0x08011f6e   0x08011f6e   0x00000006   Code   RO         6352    i.vListInitialiseItem  list.o
    0x08011f74   0x08011f74   0x00000030   Code   RO         6353    i.vListInsert       list.o
    0x08011fa4   0x08011fa4   0x00000018   Code   RO         6354    i.vListInsertEnd    list.o
    0x08011fbc   0x08011fbc   0x00000040   Code   RO         7947    i.vPortEnterCritical  port.o
    0x08011ffc   0x08011ffc   0x0000002c   Code   RO         7948    i.vPortExitCritical  port.o
    0x08012028   0x08012028   0x00000064   Code   RO         7891    i.vPortFree         heap_4.o
    0x0801208c   0x0801208c   0x00000024   Code   RO         7949    i.vPortSetupTimerInterrupt  port.o
    0x080120b0   0x080120b0   0x00000054   Code   RO         7950    i.vPortValidateInterruptPriority  port.o
    0x08012104   0x08012104   0x00000024   Code   RO         6403    i.vQueueAddToRegistry  queue.o
    0x08012128   0x08012128   0x00000032   Code   RO         6404    i.vQueueDelete      queue.o
    0x0801215a   0x0801215a   0x00000002   PAD
    0x0801215c   0x0801215c   0x00000028   Code   RO         6406    i.vQueueUnregisterQueue  queue.o
    0x08012184   0x08012184   0x00000046   Code   RO         6407    i.vQueueWaitForMessageRestricted  queue.o
    0x080121ca   0x080121ca   0x00000002   PAD
    0x080121cc   0x080121cc   0x00000050   Code   RO         6824    i.vTaskDelay        tasks.o
    0x0801221c   0x0801221c   0x00000010   Code   RO         6829    i.vTaskInternalSetTimeOutState  tasks.o
    0x0801222c   0x0801222c   0x0000000c   Code   RO         6830    i.vTaskMissedYield  tasks.o
    0x08012238   0x08012238   0x00000034   Code   RO         6832    i.vTaskPlaceOnEventList  tasks.o
    0x0801226c   0x0801226c   0x0000003c   Code   RO         6833    i.vTaskPlaceOnEventListRestricted  tasks.o
    0x080122a8   0x080122a8   0x00000050   Code   RO         6834    i.vTaskPlaceOnUnorderedEventList  tasks.o
    0x080122f8   0x080122f8   0x00000094   Code   RO         6835    i.vTaskPriorityDisinheritAfterTimeout  tasks.o
    0x0801238c   0x0801238c   0x00000070   Code   RO         6837    i.vTaskRemoveFromUnorderedEventList  tasks.o
    0x080123fc   0x080123fc   0x00000090   Code   RO         6841    i.vTaskStartScheduler  tasks.o
    0x0801248c   0x0801248c   0x00000010   Code   RO         6843    i.vTaskSuspendAll   tasks.o
    0x0801249c   0x0801249c   0x00000068   Code   RO         6844    i.vTaskSwitchContext  tasks.o
    0x08012504   0x08012504   0x00000022   Code   RO         9021    i.vertical_line_fun  wgs84toangle.o
    0x08012526   0x08012526   0x00000002   PAD
    0x08012528   0x08012528   0x000000dc   Code   RO           17    i.waypoints_Parse   nav.o
    0x08012604   0x08012604   0x00000042   Code   RO         6234    i.xEventGroupClearBits  event_groups.o
    0x08012646   0x08012646   0x00000002   PAD
    0x08012648   0x08012648   0x00000010   Code   RO         6235    i.xEventGroupClearBitsFromISR  event_groups.o
    0x08012658   0x08012658   0x0000001c   Code   RO         6236    i.xEventGroupCreate  event_groups.o
    0x08012674   0x08012674   0x0000002e   Code   RO         6237    i.xEventGroupCreateStatic  event_groups.o
    0x080126a2   0x080126a2   0x0000001a   Code   RO         6238    i.xEventGroupGetBitsFromISR  event_groups.o
    0x080126bc   0x080126bc   0x000000a0   Code   RO         6239    i.xEventGroupSetBits  event_groups.o
    0x0801275c   0x0801275c   0x00000010   Code   RO         6240    i.xEventGroupSetBitsFromISR  event_groups.o
    0x0801276c   0x0801276c   0x00000108   Code   RO         6242    i.xEventGroupWaitBits  event_groups.o
    0x08012874   0x08012874   0x000000f4   Code   RO         7951    i.xPortStartScheduler  port.o
    0x08012968   0x08012968   0x0000002c   Code   RO         7952    i.xPortSysTickHandler  port.o
    0x08012994   0x08012994   0x0000003c   Code   RO         6408    i.xQueueCreateCountingSemaphore  queue.o
    0x080129d0   0x080129d0   0x00000042   Code   RO         6409    i.xQueueCreateCountingSemaphoreStatic  queue.o
    0x08012a12   0x08012a12   0x00000044   Code   RO         6412    i.xQueueGenericCreate  queue.o
    0x08012a56   0x08012a56   0x0000006c   Code   RO         6413    i.xQueueGenericCreateStatic  queue.o
    0x08012ac2   0x08012ac2   0x00000002   PAD
    0x08012ac4   0x08012ac4   0x0000008c   Code   RO         6414    i.xQueueGenericReset  queue.o
    0x08012b50   0x08012b50   0x00000164   Code   RO         6415    i.xQueueGenericSend  queue.o
    0x08012cb4   0x08012cb4   0x000000c0   Code   RO         6416    i.xQueueGenericSendFromISR  queue.o
    0x08012d74   0x08012d74   0x0000009e   Code   RO         6419    i.xQueueGiveFromISR  queue.o
    0x08012e12   0x08012e12   0x00000002   PAD
    0x08012e14   0x08012e14   0x0000013c   Code   RO         6425    i.xQueueReceive     queue.o
    0x08012f50   0x08012f50   0x0000009c   Code   RO         6426    i.xQueueReceiveFromISR  queue.o
    0x08012fec   0x08012fec   0x0000017c   Code   RO         6427    i.xQueueSemaphoreTake  queue.o
    0x08013168   0x08013168   0x0000007c   Code   RO         6846    i.xTaskCheckForTimeOut  tasks.o
    0x080131e4   0x080131e4   0x00000064   Code   RO         6847    i.xTaskCreate       tasks.o
    0x08013248   0x08013248   0x0000005c   Code   RO         6848    i.xTaskCreateStatic  tasks.o
    0x080132a4   0x080132a4   0x0000001c   Code   RO         6852    i.xTaskGetSchedulerState  tasks.o
    0x080132c0   0x080132c0   0x0000000c   Code   RO         6853    i.xTaskGetTickCount  tasks.o
    0x080132cc   0x080132cc   0x000000cc   Code   RO         6855    i.xTaskIncrementTick  tasks.o
    0x08013398   0x08013398   0x0000007c   Code   RO         6858    i.xTaskPriorityDisinherit  tasks.o
    0x08013414   0x08013414   0x0000007c   Code   RO         6859    i.xTaskPriorityInherit  tasks.o
    0x08013490   0x08013490   0x00000078   Code   RO         6860    i.xTaskRemoveFromEventList  tasks.o
    0x08013508   0x08013508   0x000000c8   Code   RO         6861    i.xTaskResumeAll    tasks.o
    0x080135d0   0x080135d0   0x00000068   Code   RO         7197    i.xTimerCreateTimerTask  timers.o
    0x08013638   0x08013638   0x0000006c   Code   RO         7198    i.xTimerGenericCommand  timers.o
    0x080136a4   0x080136a4   0x00000028   Code   RO         7204    i.xTimerPendFunctionCallFromISR  timers.o
    0x080136cc   0x080136cc   0x00000010   Data   RO          353    .constdata          deal_data.o
    0x080136dc   0x080136dc   0x000002ac   Data   RO          619    .constdata          freertos.o
    0x08013988   0x08013988   0x00000004   Data   RO          620    .constdata          freertos.o
    0x0801398c   0x0801398c   0x00000004   Data   RO          621    .constdata          freertos.o
    0x08013990   0x08013990   0x00000004   Data   RO          622    .constdata          freertos.o
    0x08013994   0x08013994   0x00000004   Data   RO          623    .constdata          freertos.o
    0x08013998   0x08013998   0x00000004   Data   RO          624    .constdata          freertos.o
    0x0801399c   0x0801399c   0x00000004   Data   RO          625    .constdata          freertos.o
    0x080139a0   0x080139a0   0x00000004   Data   RO          626    .constdata          freertos.o
    0x080139a4   0x080139a4   0x00000004   Data   RO          627    .constdata          freertos.o
    0x080139a8   0x080139a8   0x00000008   Data   RO         2067    .constdata          stm32h7xx_hal_dma.o
    0x080139b0   0x080139b0   0x0000005c   Data   RO         3767    .constdata          stm32h7xx_hal_fdcan.o
    0x08013a0c   0x08013a0c   0x00000018   Data   RO         5707    .constdata          stm32h7xx_hal_uart.o
    0x08013a24   0x08013a24   0x00000010   Data   RO         6078    .constdata          stm32h7xx_hal_uart_ex.o
    0x08013a34   0x08013a34   0x00000010   Data   RO         6187    .constdata          system_stm32h7xx.o
    0x08013a44   0x08013a44   0x00000082   Data   RO         8133    .constdata          cjson.o
    0x08013ac6   0x08013ac6   0x00000002   PAD
    0x08013ac8   0x08013ac8   0x00000008   Data   RO         9023    .constdata          wgs84toangle.o
    0x08013ad0   0x08013ad0   0x00000008   Data   RO         9024    .constdata          wgs84toangle.o
    0x08013ad8   0x08013ad8   0x00000660   Data   RO         9123    .constdata          geodesic.o
    0x08014138   0x08014138   0x00000018   Data   RO         9433    .constdata          eventrecorder.o
    0x08014150   0x08014150   0x00000098   Data   RO         9596    .constdata          m_wv.l(atan.o)
    0x080141e8   0x080141e8   0x00000030   Data   RO        10062    .constdata          m_wv.l(cos_i.o)
    0x08014218   0x08014218   0x00000038   Data   RO        10081    .constdata          m_wv.l(log1p_i.o)
    0x08014250   0x08014250   0x00000008   Data   RO        10088    .constdata          m_wv.l(qnan.o)
    0x08014258   0x08014258   0x000000c8   Data   RO        10091    .constdata          m_wv.l(rred.o)
    0x08014320   0x08014320   0x00000028   Data   RO        10095    .constdata          m_wv.l(sin_i.o)
    0x08014348   0x08014348   0x00000040   Data   RO        10179    .constdata          mc_w.l(ctype_c.o)
    0x08014388   0x08014388   0x000004fc   Data   RO          643    .conststring        freertos.o
    0x08014884   0x08014884   0x00000087   Data   RO         8748    .conststring        http.o
    0x0801490b   0x0801490b   0x00000001   PAD
    0x0801490c   0x0801490c   0x00000020   Data   RO        10183    Region$$Table       anon$$obj.o


    Execution Region RW_IRAM1 (Exec base: 0x20000000, Load base: 0x0801492c, Size: 0x000004a4, Max: 0x00020000, ABSOLUTE, UNINIT)

    Exec Addr    Load Addr    Size         Type   Attr      Idx    E Section Name        Object

    0x20000000        -       0x000004a4   Zero   RW         9432    .bss.noinit         eventrecorder.o


    Execution Region RW_IRAM2 (Exec base: 0x24000000, Load base: 0x0801492c, Size: 0x00014e10, Max: 0x00080000, ABSOLUTE, COMPRESSED[0x000000b8])

    Exec Addr    Load Addr    Size         Type   Attr      Idx    E Section Name        Object

    0x24000000   COMPRESSED   0x00000001   Data   RW           19    .data               nav.o
    0x24000001   COMPRESSED   0x00000010   Data   RW          285    .data               motor.o
    0x24000011   COMPRESSED   0x00000003   PAD
    0x24000014   COMPRESSED   0x0000000c   Data   RW          413    .data               deal_string.o
    0x24000020   COMPRESSED   0x00000001   Data   RW          468    .data               sbus.o
    0x24000021   COMPRESSED   0x00000003   PAD
    0x24000024   COMPRESSED   0x00000080   Data   RW          644    .data               freertos.o
    0x240000a4   COMPRESSED   0x0000000e   Data   RW          774    .data               fdcan.o
    0x240000b2   COMPRESSED   0x0000000e   Data   RW          834    .data               spi.o
    0x240000c0   COMPRESSED   0x0000002c   Data   RW          936    .data               usart.o
    0x240000ec   COMPRESSED   0x0000000c   Data   RW         2805    .data               stm32h7xx_hal.o
    0x240000f8   COMPRESSED   0x00000008   Data   RW         6188    .data               system_stm32h7xx.o
    0x24000100   COMPRESSED   0x0000003c   Data   RW         6864    .data               tasks.o
    0x2400013c   COMPRESSED   0x00000014   Data   RW         7206    .data               timers.o
    0x24000150   COMPRESSED   0x00000004   Data   RW         7442    .data               cmsis_os2.o
    0x24000154   COMPRESSED   0x00000020   Data   RW         7897    .data               heap_4.o
    0x24000174   COMPRESSED   0x0000000c   Data   RW         7953    .data               port.o
    0x24000180   COMPRESSED   0x00000008   Data   RW         8134    .data               cjson.o
    0x24000188   COMPRESSED   0x0000000c   Data   RW         8749    .data               http.o
    0x24000194   COMPRESSED   0x0000004e   Data   RW         8750    .data               http.o
    0x240001e2   COMPRESSED   0x00000053   Data   RW         8751    .data               http.o
    0x24000235   COMPRESSED   0x00000003   PAD
    0x24000238   COMPRESSED   0x00000130   Data   RW         8864    .data               mqtt.o
    0x24000368   COMPRESSED   0x00000068   Data   RW         9124    .data               geodesic.o
    0x240003d0   COMPRESSED   0x00000001   Data   RW         9434    .data               eventrecorder.o
    0x240003d1   COMPRESSED   0x00000003   PAD
    0x240003d4   COMPRESSED   0x0000000c   Data   RW         9546    .data               retarget_io.o
    0x240003e0   COMPRESSED   0x00000004   Data   RW         9736    .data               mc_w.l(stdout.o)
    0x240003e4   COMPRESSED   0x00000004   Data   RW         9761    .data               mc_w.l(strtok.o)
    0x240003e8   COMPRESSED   0x00000004   Data   RW        10122    .data               mc_w.l(mvars.o)
    0x240003ec   COMPRESSED   0x00000004   Data   RW        10123    .data               mc_w.l(mvars.o)
    0x240003f0   COMPRESSED   0x00000004   Data   RW        10127    .data               mc_w.l(errno.o)
    0x240003f4   COMPRESSED   0x00000004   PAD
    0x240003f8        -       0x00000860   Zero   RW           18    .bss                nav.o
    0x24000c58        -       0x0000001e   Zero   RW          352    .bss                deal_data.o
    0x24000c76        -       0x00000028   Zero   RW          467    .bss                sbus.o
    0x24000c9e   COMPRESSED   0x00000002   PAD
    0x24000ca0        -       0x00000340   Zero   RW          773    .bss                fdcan.o
    0x24000fe0        -       0x00000cb8   Zero   RW          833    .bss                spi.o
    0x24001c98        -       0x0000004c   Zero   RW          883    .bss                tim.o
    0x24001ce4        -       0x00004f14   Zero   RW          933    .bss                usart.o
    0x24006bf8        -       0x000057e4   Zero   RW          935    .bss                usart.o
    0x2400c3dc        -       0x0000004c   Zero   RW         1176    .bss                stm32h7xx_hal_timebase_tim.o
    0x2400c428        -       0x00000040   Zero   RW         6429    .bss                queue.o
    0x2400c468        -       0x000004c4   Zero   RW         6863    .bss                tasks.o
    0x2400c92c        -       0x00000118   Zero   RW         7205    .bss                timers.o
    0x2400ca44        -       0x000006b8   Zero   RW         7441    .bss                cmsis_os2.o
    0x2400d0fc        -       0x00006400   Zero   RW         7896    .bss                heap_4.o
    0x240134fc        -       0x0000001c   Zero   RW         8132    .bss                cjson.o
    0x24013518        -       0x00000055   Zero   RW         8696    .bss                gps.o
    0x2401356d   COMPRESSED   0x00000003   PAD
    0x24013570        -       0x000002a4   Zero   RW         8747    .bss                http.o
    0x24013814        -       0x00000064   Zero   RW         8861    .bss                mqtt.o
    0x24013878        -       0x00000198   Zero   RW         9022    .bss                wgs84toangle.o
    0x24013a10        -       0x00000c00   Zero   RW            2    HEAP                startup_stm32h753xx.o
    0x24014610        -       0x00000800   Zero   RW            1    STACK               startup_stm32h753xx.o


==============================================================================

Image component sizes


      Code (inc. data)   RO Data    RW Data    ZI Data      Debug   Object Name

      4358        208        130          8         28      38954   cjson.o
      1484         48          0          4       1720      80714   cmsis_os2.o
       600        182         16          0         30       4021   deal_data.o
       608        110          0         12          0       5809   deal_string.o
       140          4          0          0          0        962   dma.o
       654         14          0          0          0      31238   event_groups.o
      1196         90         24          1       1188      19238   eventrecorder.o
       480         44          0         14        832       4803   fdcan.o
      2092        418       1992        128          0      15717   freertos.o
      8956        342       1632        104          0      43200   geodesic.o
       124          8          0          0          0       1071   gpio.o
       572        150          0          0         85       2772   gps.o
       480         26          0         32      25600       5187   heap_4.o
      3908       2062        135        173        676      12923   http.o
       138          0          0          0          0       3758   list.o
       710        168          0          0          0      39818   main.o
       524         46          0         16          0       6609   motor.o
      1508        586          0        304        100       6973   mqtt.o
      1642        110          0          1       2144    1371728   nav.o
       136          4          0          0          0       4248   pid.o
       786         84          0         12          0      11849   port.o
      2624         28          0          0         64      29801   queue.o
        84         14          0         12          0       3196   retarget_io.o
         6          0          0          0          0        570   rtk_l1.o
       438         14          0          1         40       3105   sbus.o
       420         50          0         14       3256       3434   spi.o
        36          8        664          0       5120        844   startup_stm32h753xx.o
       208         42          0         12          0      22936   stm32h7xx_hal.o
       350         30          0          0          0      42053   stm32h7xx_hal_cortex.o
      6480        144          8          0          0      15217   stm32h7xx_hal_dma.o
      2852         52         92          0          0      24232   stm32h7xx_hal_fdcan.o
       578         50          0          0          0       3145   stm32h7xx_hal_gpio.o
        36          4          0          0          0        934   stm32h7xx_hal_msp.o
        88          6          0          0          0        845   stm32h7xx_hal_pwr_ex.o
      2880        126          0          0          0       8244   stm32h7xx_hal_rcc.o
      4080        132          0          0          0       8529   stm32h7xx_hal_rcc_ex.o
      1678         32          0          0          0      11005   stm32h7xx_hal_spi.o
       870         64          0          0          0       6966   stm32h7xx_hal_tim.o
       166         28          0          0          0       3388   stm32h7xx_hal_tim_ex.o
         0          0          0          0         76        236   stm32h7xx_hal_timebase_tim.o
      3534        156         24          0          0      38598   stm32h7xx_hal_uart.o
       374          6         16          0          0       6597   stm32h7xx_hal_uart_ex.o
       168         78          0          0          0       9199   stm32h7xx_it.o
         0          0          0          0          0        392   stream_buffer.o
       220         42         16          8          0       1486   system_stm32h7xx.o
      2688        226          0         60       1220      33872   tasks.o
       132         18          0          0         76       1826   tim.o
      1080         94          0         20        280      34379   timers.o
      1780        170          0         44      42744       9440   usart.o
       292         38         16          0        408       4941   wgs84toangle.o

    ----------------------------------------------------------------------
     65338       6360       4800        992      85692    2041002   Object Totals
         0          0         32          0          0          0   (incl. Generated)
       100          4          3         12          5          0   (incl. Padding)

    ----------------------------------------------------------------------

      Code (inc. data)   RO Data    RW Data    ZI Data      Debug   Library Member Name

       528        110        152          0          0        348   atan.o
       456         64          0          0          0        188   atan2.o
       344         52          0          0          0        192   atanh.o
       352         76          0          0          0        140   cbrt.o
       176         18          0          0          0        156   cos.o
       224         42         48          0          0        184   cos_i.o
       116         60          0          0          0        696   dunder.o
        24          0          0          0          0        124   fabs.o
        98          0          0          0          0        164   fmax.o
        98          0          0          0          0        164   fmin.o
        48          0          0          0          0        124   fpclassify.o
       672         42          0          0          0        180   hypot.o
       712        124         56          0          0        272   log1p_i.o
        16         10          0          0          0        116   nan.o
       112          0          0          0          0        116   poly.o
         0          0          8          0          0          0   qnan.o
        88         10          0          0          0        148   remainder.o
       416         34          0          0          0        156   remquo.o
       784        138        200          0          0        172   rred.o
       176         18          0          0          0        160   sin.o
       168         24         40          0          0        196   sin_i.o
       208          0          0          0          0        280   sqrt.o
        88         24          0          0          0        256   strtod.o
        86          0          0          0          0          0   __dczerorl2.o
        28          0          0          0          0         68   _chval.o
       816          6          0          0          0        112   _scanf.o
       332          0          0          0          0         96   _scanf_int.o
       342          0          0          0          0        100   _scanf_longlong.o
       224          0          0          0          0         96   _scanf_str.o
        64          0          0          0          0         84   _sgetc.o
        40          6         64          0          0         68   ctype_c.o
         0          0          0          0          0          0   entry.o
         0          0          0          0          0          0   entry10a.o
         0          0          0          0          0          0   entry11a.o
         4          0          0          0          0          0   entry12b.o
         8          4          0          0          0          0   entry2.o
         4          0          0          0          0          0   entry5.o
         0          0          0          0          0          0   entry7b.o
         0          0          0          0          0          0   entry8b.o
         8          4          0          0          0          0   entry9a.o
        12          6          0          4          0         68   errno.o
        30          0          0          0          0          0   handlers.o
        36          8          0          0          0         68   init.o
        10          0          0          0          0         68   isspace_c.o
         0          0          0          0          0          0   iusefp.o
        30          0          0          0          0         68   llshl.o
        36          0          0          0          0         68   llsshr.o
        32          0          0          0          0         68   llushr.o
       188         20          0          0          0        160   malloc.o
        40          0          0          0          0         76   memcpy.o
        36          0          0          0          0        108   memseta.o
         0          0          0          8          0          0   mvars.o
      2268         96          0          0          0        616   printfa.o
        40          8          0          0          0         84   scanf_char.o
       878         12          0          0          0        216   scanf_fp.o
        56          8          0          0          0         84   sscanf.o
         0          0          0          4          0          0   stdout.o
        28          0          0          0          0         76   strcmp.o
        18          0          0          0          0         68   strcpy.o
        14          0          0          0          0         68   strlen.o
        30          0          0          0          0         80   strncmp.o
        36          0          0          0          0         80   strstr.o
       156         12          0          0          0        120   strtod.o
        68          6          0          4          0         80   strtok.o
        12          0          0          0          0         68   tolower.o
        44          0          0          0          0         80   uidiv.o
        98          0          0          0          0         92   uldiv.o
        48          0          0          0          0         68   cdrcmple.o
        56          0          0          0          0         88   d2f.o
       334          0          0          0          0        148   dadd.o
        96          0          0          0          0         80   dcmp4.o
       222          0          0          0          0        100   ddiv.o
       186          0          0          0          0        176   depilogue.o
        48          0          0          0          0         68   dfixul.o
        24          0          0          0          0         76   dfltul.o
       228          0          0          0          0         96   dmul.o
       134          0          0          0          0         96   drem.o
       110          0          0          0          0        168   fepilogue.o

    ----------------------------------------------------------------------
     13562       1042        568         20          4       8884   Library Totals
        20          0          0          0          4          0   (incl. Padding)

    ----------------------------------------------------------------------

      Code (inc. data)   RO Data    RW Data    ZI Data      Debug   Library Name

      5904        846        504          0          0       4532   m_wv.l
      6152        196         64         20          0       3188   mc_w.l
      1486          0          0          0          0       1164   mf_w.l

    ----------------------------------------------------------------------
     13562       1042        568         20          4       8884   Library Totals

    ----------------------------------------------------------------------

==============================================================================


      Code (inc. data)   RO Data    RW Data    ZI Data      Debug   

     78900       7402       5368       1012      85696    2003378   Grand Totals
     78900       7402       5368        184      85696    2003378   ELF Image Totals (compressed)
     78900       7402       5368        184          0          0   ROM Totals

==============================================================================

    Total RO  Size (Code + RO Data)                84268 (  82.29kB)
    Total RW  Size (RW Data + ZI Data)             86708 (  84.68kB)
    Total ROM Size (Code + RO Data + RW Data)      84452 (  82.47kB)

==============================================================================

