<html>
<body>
<pre>
<h1>µVision Build Log</h1>
<h2>Tool Versions:</h2>
IDE-Version: ¶ÃVision V5.39.0.0
Copyright (C) 2023 ARM Ltd and ARM Germany GmbH. All rights reserved.
License Information: Ni Workbook, shandong province of technology, LIC=32B1Q-NFTFL-RARDM-XLG4S-4FU83-AFIM0
 
Tool Versions:
Toolchain:       MDK-ARM Plus  Version: 5.39.0.0
Toolchain Path:  E:\keil5\IDE\ARM\ARMCC\Bin
C Compiler:      Armcc.exe V5.06 update 7 (build 960)
Assembler:       Armasm.exe V5.06 update 7 (build 960)
Linker/Locator:  ArmLink.exe V5.06 update 7 (build 960)
Library Manager: ArmAr.exe V5.06 update 7 (build 960)
Hex Converter:   FromElf.exe V5.06 update 7 (build 960)
CPU DLL:         SARMCM3.DLL V5.39.0.0
Dialog DLL:      DCM.DLL V1.17.5.0
Target DLL:      STLink\ST-LINKIII-KEIL_SWO.dll V3.2.0.0
Dialog DLL:      TCM.DLL V1.56.4.0
 
<h2>Project:</h2>
C:\Users\Workbook\Desktop\L3∫£Õ‚∞Ê\L3__ST_TEST\MDK-ARM\L3__ST_TEST.uvprojx
Project File Date:  05/12/2024

<h2>Output:</h2>
*** Using Compiler 'V5.06 update 7 (build 960)', folder: 'E:\keil5\IDE\ARM\ARMCC\Bin'
Rebuild target 'L3__ST_TEST'
assembling startup_stm32h753xx.s...
compiling motor.c...
compiling deal_string.c...
compiling dma.c...
compiling freertos.c...
compiling main.c...
compiling gpio.c...
compiling spi.c...
compiling fdcan.c...
compiling nav.c...
..\Core\Src\nav.c(80): warning:  #68-D: integer conversion resulted in a change of sign
  	if (direction_err < 0)      pointToline_info.direct = VEHICLE_DIRECT_LEFT;
..\Core\Src\nav.c(167): warning:  #68-D: integer conversion resulted in a change of sign
  		if(err > 0)          tracking_control.direct = VEHICLE_DIRECT_LEFT;
..\Core\Src\nav.c(213): warning:  #514-D: pointless comparison of unsigned integer with a negative constant
  		if(tracking_control.direct == VEHICLE_DIRECT_LEFT) Angle = 90 - tracking_control.value/2; 
..\Core\Src\nav.c(193): warning:  #177-D: variable "Speed"  was declared but never referenced
  	double Angle,Speed;
..\Core\Src\nav.c: 4 warnings, 0 errors
compiling deal_data.c...
compiling tim.c...
compiling usart.c...
compiling stm32h7xx_hal_msp.c...
compiling stm32h7xx_it.c...
compiling stm32h7xx_hal_cortex.c...
compiling stm32h7xx_hal_timebase_tim.c...
compiling stm32h7xx_hal_rcc.c...
compiling stm32h7xx_hal_rcc_ex.c...
compiling stm32h7xx_hal_flash.c...
compiling stm32h7xx_hal_flash_ex.c...
compiling stm32h7xx_hal_gpio.c...
compiling stm32h7xx_hal_hsem.c...
compiling stm32h7xx_hal_dma_ex.c...
compiling stm32h7xx_hal_mdma.c...
compiling stm32h7xx_hal_pwr.c...
compiling stm32h7xx_hal_dma.c...
compiling stm32h7xx_hal.c...
compiling stm32h7xx_hal_pwr_ex.c...
compiling stm32h7xx_hal_i2c_ex.c...
compiling stm32h7xx_hal_i2c.c...
compiling stm32h7xx_hal_exti.c...
compiling stm32h7xx_hal_fdcan.c...
compiling stm32h7xx_hal_spi.c...
compiling croutine.c...
compiling event_groups.c...
compiling list.c...
compiling queue.c...
compiling stream_buffer.c...
compiling timers.c...
compiling tasks.c...
compiling heap_4.c...
compiling port.c...
compiling cJSON.c...
..\cJSON\Src\cJSON.c(1997): warning:  #2803-D: unrecognized GCC pragma
      #pragma GCC diagnostic push
..\cJSON\Src\cJSON.c(2000): warning:  #2803-D: unrecognized GCC pragma
  #pragma GCC diagnostic ignored "-Wcast-qual"
..\cJSON\Src\cJSON.c(2008): warning:  #2803-D: unrecognized GCC pragma
      #pragma GCC diagnostic pop
..\cJSON\Src\cJSON.c: 3 warnings, 0 errors
compiling stm32h7xx_hal_spi_ex.c...
compiling stm32h7xx_hal_tim.c...
compiling stm32h7xx_hal_tim_ex.c...
compiling stm32h7xx_hal_uart.c...
compiling rtk_L1.c...
compiling pid.c...
compiling WGS84ToAngle.c...
..\Arithmetic\WGS84transform\WGS84ToAngle.c(79): warning:  #177-D: function "checkEquals"  was declared but never referenced
  static int checkEquals(double x, double y, double d) {
..\Arithmetic\WGS84transform\WGS84ToAngle.c: 1 warning, 0 errors
compiling geodesic.c...
compiling system_stm32h7xx.c...
compiling stm32h7xx_hal_uart_ex.c...
compiling retarget_io.c...
compiling cmsis_os2.c...
compiling gps.c...
compiling http.c...
compiling EventRecorder.c...
compiling mqtt.c...
linking...
Program Size: Code=76092 RO-data=5220 RW-data=956 ZI-data=84240  
FromELF: creating hex file...
"L3__ST_TEST\L3__ST_TEST.axf" - 0 Error(s), 8 Warning(s).

<h2>Software Packages used:</h2>

Package Vendor: ARM
                http://www.keil.com/pack/ARM.CMSIS.5.9.0.pack
                ARM::CMSIS@5.9.0
                CMSIS (Common Microcontroller Software Interface Standard)
   * Component: CORE Version: 5.6.0

Package Vendor: Keil
                https://www.keil.com/pack/Keil.ARM_Compiler.1.7.2.pack
                Keil::ARM_Compiler@1.7.2
                Keil ARM Compiler extensions for ARM Compiler 5 and ARM Compiler 6
   * Component: Event Recorder Variant: DAP Version: 1.5.1
   * Component: STDOUT Variant: EVR Version: 1.2.0

Package Vendor: Keil
                https://www.keil.com/pack/Keil.STM32H7xx_DFP.3.1.1.pack
                Keil::STM32H7xx_DFP@3.1.1
                STMicroelectronics STM32H7 Series Device Support and Examples

<h2>Collection of Component include folders:</h2>
  ./RTE/Compiler
  ./RTE/_L3__ST_TEST
  E:/keil5/Pack/ARM/CMSIS/5.9.0/CMSIS/Core/Include
  E:/keil5/Pack/Keil/ARM_Compiler/1.7.2/Include
  E:/keil5/Pack/Keil/STM32H7xx_DFP/3.1.1/Drivers/CMSIS/Device/ST/STM32H7xx/Include

<h2>Collection of Component Files used:</h2>

   * Component: ARM::CMSIS:CORE@5.6.0
      Include file:  CMSIS/Core/Include/tz_context.h

   * Component: Keil::Compiler&ARM Compiler:Event Recorder&DAP@1.5.1
      Include file:  Config/EventRecorderConf.h
      Include file:  Include/EventRecorder.h
      Source file:   Source/EventRecorder.c

   * Component: Keil::Compiler&ARM Compiler:I/O:STDOUT&EVR@1.2.0
      Source file:   Source/retarget_io.c
Build Time Elapsed:  00:02:21
</pre>
</body>
</html>
