<html>
<body>
<pre>
<h1>µVision Build Log</h1>
<h2>Tool Versions:</h2>
IDE-Version: ¦ÌVision V5.40.0.0
Copyright (C) 2024 ARM Ltd and ARM Germany GmbH. All rights reserved.
License Information: MengMeng Ni, Technology of shandong province, LIC=IC93N-Y324B-TL8CD-8X140-VVYYG-2P174
 
Tool Versions:
Toolchain:       MDK-ARM Professional  Version: 5.40.0.3
Toolchain Path:  D:\Software\Keil_v5\software\ARM\ARMCC\Bin
C Compiler:      Armcc.exe V5.06 update 7 (build 960)
Assembler:       Armasm.exe V5.06 update 7 (build 960)
Linker/Locator:  ArmLink.exe V5.06 update 7 (build 960)
Library Manager: ArmAr.exe V5.06 update 7 (build 960)
Hex Converter:   FromElf.exe V5.06 update 7 (build 960)
CPU DLL:         SARMCM3.DLL V5.40.0.3
Dialog DLL:      DCM.DLL V1.17.5.0
Target DLL:      STLink\ST-LINKIII-KEIL_SWO.dll V3.3.0.0
Dialog DLL:      TCM.DLL V1.56.4.0
 
<h2>Project:</h2>
c:\Users\Administrator\Desktop\vscode_test\L3__ST_TEST\MDK-ARM\L3__ST_TEST.uvprojx
Project File Date:  06/02/2024

<h2>Output:</h2>
*** Using Compiler 'V5.06 update 7 (build 960)', folder: 'D:\Software\Keil_v5\software\ARM\ARMCC\Bin'
Build target 'L3__ST_TEST'
assembling startup_stm32h753xx.s...
compiling sbus.c...
compiling timers.c...
compiling deal_string.c...
compiling event_groups.c...
compiling croutine.c...
compiling stream_buffer.c...
compiling list.c...
compiling heap_4.c...
compiling queue.c...
compiling port.c...
compiling tasks.c...
compiling rtk_L1.c...
compiling pid.c...
compiling cJSON.c...
..\cJSON\Src\cJSON.c(1997): warning:  #2803-D: unrecognized GCC pragma
      #pragma GCC diagnostic push
..\cJSON\Src\cJSON.c(2000): warning:  #2803-D: unrecognized GCC pragma
  #pragma GCC diagnostic ignored "-Wcast-qual"
..\cJSON\Src\cJSON.c(2008): warning:  #2803-D: unrecognized GCC pragma
      #pragma GCC diagnostic pop
..\cJSON\Src\cJSON.c: 3 warnings, 0 errors
compiling WGS84ToAngle.c...
..\Arithmetic\WGS84transform\WGS84ToAngle.c(79): warning:  #177-D: function "checkEquals"  was declared but never referenced
  static int checkEquals(double x, double y, double d) {
..\Arithmetic\WGS84transform\WGS84ToAngle.c: 1 warning, 0 errors
compiling retarget_io.c...
compiling geodesic.c...
compiling tim.c...
compiling stm32h7xx_hal_uart_ex.c...
compiling stm32h7xx_hal_spi_ex.c...
compiling stm32h7xx_hal_cortex.c...
compiling stm32h7xx_hal_mdma.c...
compiling stm32h7xx_hal.c...
compiling freertos.c...
compiling EventRecorder.c...
compiling spi.c...
compiling stm32h7xx_hal_timebase_tim.c...
compiling stm32h7xx_hal_gpio.c...
compiling stm32h7xx_hal_tim_ex.c...
compiling gpio.c...
compiling stm32h7xx_hal_i2c_ex.c...
compiling gps.c...
compiling stm32h7xx_hal_flash.c...
compiling deal_data.c...
compiling system_stm32h7xx.c...
compiling mqtt.c...
compiling dma.c...
compiling stm32h7xx_hal_pwr_ex.c...
compiling fdcan.c...
compiling stm32h7xx_hal_msp.c...
compiling stm32h7xx_hal_pwr.c...
compiling usart.c...
compiling stm32h7xx_hal_fdcan.c...
compiling stm32h7xx_hal_exti.c...
compiling stm32h7xx_hal_spi.c...
compiling stm32h7xx_hal_hsem.c...
compiling nav.c...
compiling stm32h7xx_hal_flash_ex.c...
compiling stm32h7xx_hal_dma_ex.c...
compiling main.c...
compiling stm32h7xx_hal_i2c.c...
compiling http.c...
compiling stm32h7xx_it.c...
compiling motor.c...
compiling stm32h7xx_hal_rcc.c...
compiling stm32h7xx_hal_uart.c...
compiling cmsis_os2.c...
compiling stm32h7xx_hal_tim.c...
compiling stm32h7xx_hal_rcc_ex.c...
compiling stm32h7xx_hal_dma.c...
linking...
Program Size: Code=79160 RO-data=5372 RW-data=1020 ZI-data=86000  
FromELF: creating hex file...
"L3__ST_TEST\L3__ST_TEST.axf" - 0 Error(s), 4 Warning(s).

<h2>Software Packages used:</h2>

Package Vendor: ARM
                https://www.keil.com/pack/ARM.CMSIS.6.1.0.pack
                ARM::CMSIS@6.1.0
                CMSIS (Common Microcontroller Software Interface Standard)
   * Component: CORE Version: 6.1.0

Package Vendor: Keil
                https://www.keil.com/pack/Keil.ARM_Compiler.1.7.2.pack
                Keil::ARM_Compiler@1.7.2
                Keil ARM Compiler extensions for ARM Compiler 5 and ARM Compiler 6
   * Component: Event Recorder Variant: DAP Version: 1.5.1
   * Component: STDOUT Variant: EVR Version: 1.2.0

Package Vendor: Keil
                https://www.keil.com/pack/Keil.STM32H7xx_DFP.3.1.1.pack
                Keil::STM32H7xx_DFP@3.1.1
                STMicroelectronics STM32H7 Series Device Support and Examples

<h2>Collection of Component include folders:</h2>
  ./RTE/Compiler
  ./RTE/_L3__ST_TEST
  D:/Software/Keil_v5/pack/ARM/CMSIS/6.1.0/CMSIS/Core/Include
  D:/Software/Keil_v5/pack/Keil/ARM_Compiler/1.7.2/Include
  D:/Software/Keil_v5/pack/Keil/STM32H7xx_DFP/3.1.1/Drivers/CMSIS/Device/ST/STM32H7xx/Include

<h2>Collection of Component Files used:</h2>

   * Component: ARM::CMSIS:CORE@6.1.0
      Include file:  CMSIS/Core/Include/tz_context.h

   * Component: Keil::Compiler&ARM Compiler:Event Recorder&DAP@1.5.1
      Source file:   Source/EventRecorder.c
      Include file:  Include/EventRecorder.h
      Include file:  Config/EventRecorderConf.h

   * Component: Keil::Compiler&ARM Compiler:I/O:STDOUT&EVR@1.2.0
      Source file:   Source/retarget_io.c
Build Time Elapsed:  00:00:59
</pre>
</body>
</html>
