Component: ARM Compiler 5.06 update 7 (build 960) Tool: armlink [4d3601]

==============================================================================

Section Cross References

    startup_stm32h753xx.o(RESET) refers to startup_stm32h753xx.o(STACK) for __initial_sp
    startup_stm32h753xx.o(RESET) refers to startup_stm32h753xx.o(.text) for Reset_Handler
    startup_stm32h753xx.o(RESET) refers to stm32h7xx_it.o(i.NMI_Handler) for NMI_Handler
    startup_stm32h753xx.o(RESET) refers to stm32h7xx_it.o(i.HardFault_Handler) for HardFault_Handler
    startup_stm32h753xx.o(RESET) refers to stm32h7xx_it.o(i.MemManage_Handler) for MemManage_Handler
    startup_stm32h753xx.o(RESET) refers to stm32h7xx_it.o(i.BusFault_Handler) for BusFault_Handler
    startup_stm32h753xx.o(RESET) refers to stm32h7xx_it.o(i.UsageFault_Handler) for UsageFault_Handler
    startup_stm32h753xx.o(RESET) refers to port.o(.emb_text) for SVC_Handler
    startup_stm32h753xx.o(RESET) refers to stm32h7xx_it.o(i.DebugMon_Handler) for DebugMon_Handler
    startup_stm32h753xx.o(RESET) refers to cmsis_os2.o(i.SysTick_Handler) for SysTick_Handler
    startup_stm32h753xx.o(RESET) refers to stm32h7xx_it.o(i.DMA1_Stream1_IRQHandler) for DMA1_Stream1_IRQHandler
    startup_stm32h753xx.o(RESET) refers to stm32h7xx_it.o(i.DMA1_Stream3_IRQHandler) for DMA1_Stream3_IRQHandler
    startup_stm32h753xx.o(RESET) refers to stm32h7xx_it.o(i.FDCAN1_IT0_IRQHandler) for FDCAN1_IT0_IRQHandler
    startup_stm32h753xx.o(RESET) refers to stm32h7xx_it.o(i.SPI1_IRQHandler) for SPI1_IRQHandler
    startup_stm32h753xx.o(RESET) refers to stm32h7xx_it.o(i.USART1_IRQHandler) for USART1_IRQHandler
    startup_stm32h753xx.o(RESET) refers to stm32h7xx_it.o(i.USART2_IRQHandler) for USART2_IRQHandler
    startup_stm32h753xx.o(RESET) refers to stm32h7xx_it.o(i.USART3_IRQHandler) for USART3_IRQHandler
    startup_stm32h753xx.o(RESET) refers to stm32h7xx_it.o(i.TIM6_DAC_IRQHandler) for TIM6_DAC_IRQHandler
    startup_stm32h753xx.o(RESET) refers to stm32h7xx_it.o(i.TIM7_IRQHandler) for TIM7_IRQHandler
    startup_stm32h753xx.o(RESET) refers to stm32h7xx_it.o(i.DMA2_Stream0_IRQHandler) for DMA2_Stream0_IRQHandler
    startup_stm32h753xx.o(.text) refers to system_stm32h7xx.o(i.SystemInit) for SystemInit
    startup_stm32h753xx.o(.text) refers to entry.o(.ARM.Collect$$$$00000000) for __main
    nav.o(i.NAV_Control) refers to memseta.o(.text) for __aeabi_memclr4
    nav.o(i.NAV_Control) refers to strtod.o(i.__hardfp_strtod) for __hardfp_strtod
    nav.o(i.NAV_Control) refers to nav.o(i.pointToline_distance) for pointToline_distance
    nav.o(i.NAV_Control) refers to memcpy.o(.text) for __aeabi_memcpy4
    nav.o(i.NAV_Control) refers to wgs84toangle.o(i.GPStoXY) for GPStoXY
    nav.o(i.NAV_Control) refers to nav.o(i.Terminal_decision) for Terminal_decision
    nav.o(i.NAV_Control) refers to nav.o(i.tracking_control_Arith) for tracking_control_Arith
    nav.o(i.NAV_Control) refers to motor.o(i.vcu_Trans_LGD) for vcu_Trans_LGD
    nav.o(i.NAV_Control) refers to printfa.o(i.__0printf) for __2printf
    nav.o(i.NAV_Control) refers to nav.o(.bss) for .bss
    nav.o(i.NAV_Control) refers to gps.o(.bss) for gnss
    nav.o(i.NAV_Control) refers to nav.o(.data) for .data
    nav.o(i.pointToline_distance) refers to memseta.o(.text) for __aeabi_memclr4
    nav.o(i.pointToline_distance) refers to wgs84toangle.o(i.GPStoXY) for GPStoXY
    nav.o(i.pointToline_distance) refers to memcpy.o(.text) for __aeabi_memcpy4
    nav.o(i.pointToline_distance) refers to wgs84toangle.o(i.line_fun) for line_fun
    nav.o(i.pointToline_distance) refers to sqrt.o(i.__hardfp_sqrt) for __hardfp_sqrt
    nav.o(i.pointToline_distance) refers to nav.o(.data) for .data
    nav.o(i.pointToline_distance) refers to nav.o(.bss) for .bss
    nav.o(i.tracking_control_Arith) refers to wgs84toangle.o(i.vertical_line_fun) for vertical_line_fun
    nav.o(i.tracking_control_Arith) refers to wgs84toangle.o(i.Line_inter_point_math) for Line_inter_point_math
    nav.o(i.tracking_control_Arith) refers to atan.o(i.__hardfp_atan) for __hardfp_atan
    nav.o(i.tracking_control_Arith) refers to sin.o(i.__hardfp_sin) for __hardfp_sin
    nav.o(i.tracking_control_Arith) refers to cos.o(i.__hardfp_cos) for __hardfp_cos
    nav.o(i.tracking_control_Arith) refers to wgs84toangle.o(i.line_fun) for line_fun
    nav.o(i.tracking_control_Arith) refers to strtod.o(i.__hardfp_strtod) for __hardfp_strtod
    nav.o(i.tracking_control_Arith) refers to gps.o(.bss) for gnss
    nav.o(i.waypoints_Parse) refers to memseta.o(.text) for __aeabi_memclr4
    nav.o(i.waypoints_Parse) refers to strtok.o(.text) for strtok
    nav.o(i.waypoints_Parse) refers to strcpy.o(.text) for strcpy
    nav.o(i.waypoints_Parse) refers to strlen.o(.text) for strlen
    nav.o(i.waypoints_Parse) refers to nav.o(.bss) for .bss
    motor.o(i.vcu_Trans_LGD) refers to deal_data.o(i.usart2_send_data_apply) for usart2_send_data_apply
[...]
    vQueueAddToRegistry                      0x080115e1   Thumb Code    32  queue.o(i.vQueueAddToRegistry)
    vQueueDelete                             0x08011605   Thumb Code    50  queue.o(i.vQueueDelete)
    vQueueUnregisterQueue                    0x08011639   Thumb Code    36  queue.o(i.vQueueUnregisterQueue)
    vQueueWaitForMessageRestricted           0x08011661   Thumb Code    70  queue.o(i.vQueueWaitForMessageRestricted)
    vTaskDelay                               0x080116a9   Thumb Code    70  tasks.o(i.vTaskDelay)
    vTaskInternalSetTimeOutState             0x080116f9   Thumb Code    12  tasks.o(i.vTaskInternalSetTimeOutState)
    vTaskMissedYield                         0x08011709   Thumb Code     8  tasks.o(i.vTaskMissedYield)
    vTaskPlaceOnEventList                    0x08011715   Thumb Code    46  tasks.o(i.vTaskPlaceOnEventList)
    vTaskPlaceOnEventListRestricted          0x08011749   Thumb Code    54  tasks.o(i.vTaskPlaceOnEventListRestricted)
    vTaskPlaceOnUnorderedEventList           0x08011785   Thumb Code    74  tasks.o(i.vTaskPlaceOnUnorderedEventList)
    vTaskPriorityDisinheritAfterTimeout      0x080117d5   Thumb Code   138  tasks.o(i.vTaskPriorityDisinheritAfterTimeout)
    vTaskRemoveFromUnorderedEventList        0x08011869   Thumb Code   104  tasks.o(i.vTaskRemoveFromUnorderedEventList)
    vTaskStartScheduler                      0x080118d9   Thumb Code   126  tasks.o(i.vTaskStartScheduler)
    vTaskSuspendAll                          0x08011969   Thumb Code    10  tasks.o(i.vTaskSuspendAll)
    vTaskSwitchContext                       0x08011979   Thumb Code    94  tasks.o(i.vTaskSwitchContext)
    vcu_Trans_LGD                            0x080119e1   Thumb Code    40  motor.o(i.vcu_Trans_LGD)
    vertical_line_fun                        0x08011a0d   Thumb Code    34  wgs84toangle.o(i.vertical_line_fun)
    waypoints_Parse                          0x08011a31   Thumb Code   212  nav.o(i.waypoints_Parse)
    xEventGroupClearBits                     0x08011b0d   Thumb Code    66  event_groups.o(i.xEventGroupClearBits)
    xEventGroupClearBitsFromISR              0x08011b51   Thumb Code    12  event_groups.o(i.xEventGroupClearBitsFromISR)
    xEventGroupCreate                        0x08011b61   Thumb Code    28  event_groups.o(i.xEventGroupCreate)
    xEventGroupCreateStatic                  0x08011b7d   Thumb Code    46  event_groups.o(i.xEventGroupCreateStatic)
    xEventGroupGetBitsFromISR                0x08011bab   Thumb Code    26  event_groups.o(i.xEventGroupGetBitsFromISR)
    xEventGroupSetBits                       0x08011bc5   Thumb Code   160  event_groups.o(i.xEventGroupSetBits)
    xEventGroupSetBitsFromISR                0x08011c65   Thumb Code    12  event_groups.o(i.xEventGroupSetBitsFromISR)
    xEventGroupWaitBits                      0x08011c75   Thumb Code   258  event_groups.o(i.xEventGroupWaitBits)
    xPortStartScheduler                      0x08011d7d   Thumb Code   222  port.o(i.xPortStartScheduler)
    xPortSysTickHandler                      0x08011e71   Thumb Code    38  port.o(i.xPortSysTickHandler)
    xQueueCreateCountingSemaphore            0x08011e9d   Thumb Code    60  queue.o(i.xQueueCreateCountingSemaphore)
    xQueueCreateCountingSemaphoreStatic      0x08011ed9   Thumb Code    66  queue.o(i.xQueueCreateCountingSemaphoreStatic)
    xQueueGenericCreate                      0x08011f1b   Thumb Code    68  queue.o(i.xQueueGenericCreate)
    xQueueGenericCreateStatic                0x08011f5f   Thumb Code   108  queue.o(i.xQueueGenericCreateStatic)
    xQueueGenericReset                       0x08011fcd   Thumb Code   134  queue.o(i.xQueueGenericReset)
    xQueueGenericSend                        0x08012059   Thumb Code   352  queue.o(i.xQueueGenericSend)
    xQueueGenericSendFromISR                 0x080121bd   Thumb Code   192  queue.o(i.xQueueGenericSendFromISR)
    xQueueGiveFromISR                        0x0801227d   Thumb Code   158  queue.o(i.xQueueGiveFromISR)
    xQueueReceive                            0x0801231d   Thumb Code   310  queue.o(i.xQueueReceive)
    xQueueReceiveFromISR                     0x08012459   Thumb Code   156  queue.o(i.xQueueReceiveFromISR)
    xQueueSemaphoreTake                      0x080124f5   Thumb Code   376  queue.o(i.xQueueSemaphoreTake)
    xTaskCheckForTimeOut                     0x08012671   Thumb Code   118  tasks.o(i.xTaskCheckForTimeOut)
    xTaskCreate                              0x080126ed   Thumb Code   100  tasks.o(i.xTaskCreate)
    xTaskCreateStatic                        0x08012751   Thumb Code    92  tasks.o(i.xTaskCreateStatic)
    xTaskGetSchedulerState                   0x080127ad   Thumb Code    24  tasks.o(i.xTaskGetSchedulerState)
    xTaskGetTickCount                        0x080127c9   Thumb Code     6  tasks.o(i.xTaskGetTickCount)
    xTaskIncrementTick                       0x080127d5   Thumb Code   196  tasks.o(i.xTaskIncrementTick)
    xTaskPriorityDisinherit                  0x080128a1   Thumb Code   116  tasks.o(i.xTaskPriorityDisinherit)
    xTaskPriorityInherit                     0x0801291d   Thumb Code   116  tasks.o(i.xTaskPriorityInherit)
    xTaskRemoveFromEventList                 0x08012999   Thumb Code   106  tasks.o(i.xTaskRemoveFromEventList)
    xTaskResumeAll                           0x08012a11   Thumb Code   184  tasks.o(i.xTaskResumeAll)
    xTimerCreateTimerTask                    0x08012ad9   Thumb Code    86  timers.o(i.xTimerCreateTimerTask)
    xTimerGenericCommand                     0x08012b41   Thumb Code   104  timers.o(i.xTimerGenericCommand)
    xTimerPendFunctionCallFromISR            0x08012bad   Thumb Code    34  timers.o(i.xTimerPendFunctionCallFromISR)
    BIT_0                                    0x08012be4   Data           4  freertos.o(.constdata)
    defaultTask_attributes                   0x08012be8   Data          36  freertos.o(.constdata)
    EC600U_REC_attributes                    0x08012c0c   Data          36  freertos.o(.constdata)
    APP_Info_Submit_attributes               0x08012c30   Data          36  freertos.o(.constdata)
    Device_Run_attributes                    0x08012c54   Data          36  freertos.o(.constdata)
    EC600U_SEND_attributes                   0x08012c78   Data          36  freertos.o(.constdata)
    HTTP_REQUEST_attributes                  0x08012c9c   Data          36  freertos.o(.constdata)
    Device_unusual_attributes                0x08012cc0   Data          36  freertos.o(.constdata)
    Power_Check_attributes                   0x08012ce4   Data          36  freertos.o(.constdata)
    GPS_REC_attributes                       0x08012d08   Data          36  freertos.o(.constdata)
    VCU_send_attributes                      0x08012d2c   Data          36  freertos.o(.constdata)
    VCU_REC_attributes                       0x08012d50   Data          36  freertos.o(.constdata)
    usart2_send_semp_queue_attributes        0x08012d74   Data          24  freertos.o(.constdata)
    usart2_recv_semp_queue_attributes        0x08012d8c   Data          24  freertos.o(.constdata)
    usart1_recv_semp_queue_attributes        0x08012da4   Data          24  freertos.o(.constdata)
    usart1_send_semp_queue_attributes        0x08012dbc   Data          24  freertos.o(.constdata)
    HTTP_REQUEST_queue_attributes            0x08012dd4   Data          24  freertos.o(.constdata)
    SPI1_recv_semp_queue_attributes          0x08012dec   Data          24  freertos.o(.constdata)
    APP_Info_Submit_Semp_attributes          0x08012e04   Data          16  freertos.o(.constdata)
    Device_Run_status_event_attributes       0x08012e14   Data          16  freertos.o(.constdata)
    Device_unusual_status_event_attributes   0x08012e24   Data          16  freertos.o(.constdata)
    BIT_1                                    0x08012e34   Data           4  freertos.o(.constdata)
    BIT_2                                    0x08012e38   Data           4  freertos.o(.constdata)
    BIT_3                                    0x08012e3c   Data           4  freertos.o(.constdata)
    BIT_4                                    0x08012e40   Data           4  freertos.o(.constdata)
    BIT_5                                    0x08012e44   Data           4  freertos.o(.constdata)
    BIT_6                                    0x08012e48   Data           4  freertos.o(.constdata)
    BIT_7                                    0x08012e4c   Data           4  freertos.o(.constdata)
    BIT_8                                    0x08012e50   Data           4  freertos.o(.constdata)
    UARTPrescTable                           0x08012eb8   Data          24  stm32h7xx_hal_uart.o(.constdata)
    D1CorePrescTable                         0x08012ee0   Data          16  system_stm32h7xx.o(.constdata)
    wgs84_a                                  0x08012f78   Data           8  wgs84toangle.o(.constdata)
    wgs84_f                                  0x08012f80   Data           8  wgs84toangle.o(.constdata)
    EventRecorderInfo                        0x080135e8   Data          24  eventrecorder.o(.constdata)
    __mathlib_zero                           0x08013700   Data           8  qnan.o(.constdata)
    __ctype_categories                       0x080137f8   Data          64  ctype_c.o(.constdata)
    Region$$Table$$Base                      0x08013d80   Number         0  anon$$obj.o(Region$$Table)
    Region$$Table$$Limit                     0x08013da0   Number         0  anon$$obj.o(Region$$Table)
    my_cJSON_Hooks                           0x2400000c   Data          12  deal_string.o(.data)
    Device_Poweron_status                    0x24000018   Data           1  freertos.o(.data)
    Device_Run_Status                        0x24000019   Data           3  freertos.o(.data)
    GPS_REC_block_time                       0x2400001c   Data           4  freertos.o(.data)
    EC600U_REC_block_time                    0x24000020   Data           4  freertos.o(.data)
    APP_Info_Submit_time                     0x24000024   Data           4  freertos.o(.data)
    Device_unusual_time                      0x24000028   Data           4  freertos.o(.data)
    EC600U_MQTT_SEND_STATUS                  0x2400002c   Data           4  freertos.o(.data)
    EC600U_HTTP_jobPause                     0x24000030   Data           4  freertos.o(.data)
    EC600U_HTTP_updateRoute                  0x24000034   Data           4  freertos.o(.data)
    defaultTaskHandle                        0x24000038   Data           4  freertos.o(.data)
    EC600U_RECHandle                         0x2400003c   Data           4  freertos.o(.data)
    APP_Info_SubmitHandle                    0x24000040   Data           4  freertos.o(.data)
    Device_RunHandle                         0x24000044   Data           4  freertos.o(.data)
    EC600U_SENDHandle                        0x24000048   Data           4  freertos.o(.data)
    HTTP_REQUESTHandle                       0x2400004c   Data           4  freertos.o(.data)
    Device_unusualHandle                     0x24000050   Data           4  freertos.o(.data)
    Power_CheckHandle                        0x24000054   Data           4  freertos.o(.data)
    GPS_RECHandle                            0x24000058   Data           4  freertos.o(.data)
    VCU_sendHandle                           0x2400005c   Data           4  freertos.o(.data)
    VCU_RECHandle                            0x24000060   Data           4  freertos.o(.data)
    usart2_send_semp_queueHandle             0x24000064   Data           4  freertos.o(.data)
    usart2_recv_semp_queueHandle             0x24000068   Data           4  freertos.o(.data)
    usart1_recv_semp_queueHandle             0x2400006c   Data           4  freertos.o(.data)
    usart1_send_semp_queueHandle             0x24000070   Data           4  freertos.o(.data)
    HTTP_REQUEST_queueHandle                 0x24000074   Data           4  freertos.o(.data)
    SPI1_recv_semp_queueHandle               0x24000078   Data           4  freertos.o(.data)
    APP_Info_Submit_SempHandle               0x2400007c   Data           4  freertos.o(.data)
    Device_Run_status_eventHandle            0x24000080   Data           4  freertos.o(.data)
    Device_unusual_status_eventHandle        0x24000084   Data           4  freertos.o(.data)
    SPI1_fifo                                0x2400008a   Data          12  spi.o(.data)
    UART2_fifo                               0x24000098   Data          14  usart.o(.data)
    UART1_fifo                               0x240000a6   Data          14  usart.o(.data)
    uwTickFreq                               0x240000b4   Data           1  stm32h7xx_hal.o(.data)
    uwTickPrio                               0x240000b8   Data           4  stm32h7xx_hal.o(.data)
    uwTick                                   0x240000bc   Data           4  stm32h7xx_hal.o(.data)
    SystemCoreClock                          0x240000c0   Data           4  system_stm32h7xx.o(.data)
    SystemD2Clock                            0x240000c4   Data           4  system_stm32h7xx.o(.data)
    pxCurrentTCB                             0x240000c8   Data           4  tasks.o(.data)
    request_num                              0x24000150   Data           1  http.o(.data)
    Authen_info                              0x24000154   Data           8  http.o(.data)
    Update_Route_param                       0x2400015c   Data          78  http.o(.data)
    Pause_param                              0x240001aa   Data          83  http.o(.data)
    Knife_Height                             0x24000200   Data           4  mqtt.o(.data)
    MQTT_Return_Task_ZoneId                  0x24000204   Data           4  mqtt.o(.data)
    Safe_Zone_Detect                         0x24000208   Data           4  mqtt.o(.data)
    Light_Status                             0x2400020c   Data           4  mqtt.o(.data)
    MQTT_Task_Msg                            0x24000210   Data           8  mqtt.o(.data)
    MQTT_APP_info                            0x24000218   Data         280  mqtt.o(.data)
    __stdout                                 0x240003a8   Data           4  stdout.o(.data)
    __microlib_freelist                      0x240003b0   Data           4  mvars.o(.data)
    __microlib_freelist_initialised          0x240003b4   Data           4  mvars.o(.data)
    waypoints_run_status                     0x240003c0   Data          20  nav.o(.bss)
    wait_run_point                           0x24000410   Data        2000  nav.o(.bss)
    PID_angle_control                        0x24000be0   Data          64  nav.o(.bss)
    Imei                                     0x24000c20   Data          30  deal_data.o(.bss)
    hfdcan1                                  0x24000c40   Data         160  fdcan.o(.bss)
    SPI1RxData                               0x24000ce0   Data        3000  spi.o(.bss)
    hspi1                                    0x24001898   Data         136  spi.o(.bss)
    hdma_spi1_rx                             0x24001920   Data         120  spi.o(.bss)
    htim6                                    0x24001998   Data          76  tim.o(.bss)
    USART2RxData                             0x240019e4   Data        7680  usart.o(.bss)
    USART1RxData                             0x240037e4   Data       10500  usart.o(.bss)
    huart1                                   0x240060e8   Data         148  usart.o(.bss)
    huart2                                   0x2400617c   Data         148  usart.o(.bss)
    huart3                                   0x24006210   Data         148  usart.o(.bss)
    hdma_usart1_rx                           0x240062a4   Data         120  usart.o(.bss)
    hdma_usart1_tx                           0x2400631c   Data         120  usart.o(.bss)
    hdma_usart2_rx                           0x24006394   Data         120  usart.o(.bss)
    hdma_usart2_tx                           0x2400640c   Data         120  usart.o(.bss)
    hdma_usart3_tx                           0x24006484   Data         120  usart.o(.bss)
    hdma_usart3_rx                           0x240064fc   Data         120  usart.o(.bss)
    USART2TxData                             0x24006574   Data         150  usart.o(.bss)
    USART1TxData                             0x2400660a   Data       22500  usart.o(.bss)
    htim7                                    0x2400bdf0   Data          76  stm32h7xx_hal_timebase_tim.o(.bss)
    xQueueRegistry                           0x2400be3c   Data          64  queue.o(.bss)
    gnss                                     0x24012f2c   Data          85  gps.o(.bss)
    HTTP_Task_Msg                            0x24012f84   Data         520  http.o(.bss)
    Charge_info                              0x2401318c   Data         156  http.o(.bss)
    Change_Safe_Zone                         0x24013228   Data         100  mqtt.o(.bss)
    g                                        0x24013290   Data         408  wgs84toangle.o(.bss)
    __heap_base                              0x24013428   Data           0  startup_stm32h753xx.o(HEAP)
    __heap_limit                             0x24014028   Data           0  startup_stm32h753xx.o(HEAP)
    __initial_sp                             0x24014828   Data           0  startup_stm32h753xx.o(STACK)



==============================================================================

Memory Map of the image

  Image Entry point : 0x08000299

  Load Region LR_IROM1 (Base: 0x08000000, Size: 0x0001415c, Max: 0x00200000, ABSOLUTE, COMPRESSED[0x00013e54])

    Execution Region ER_IROM1 (Exec base: 0x08000000, Load base: 0x08000000, Size: 0x00013da0, Max: 0x00200000, ABSOLUTE)

    Exec Addr    Load Addr    Size         Type   Attr      Idx    E Section Name        Object

    0x08000000   0x08000000   0x00000298   Data   RO            3    RESET               startup_stm32h753xx.o
    0x08000298   0x08000298   0x00000000   Code   RO         9616  * .ARM.Collect$$$$00000000  mc_w.l(entry.o)
    0x08000298   0x08000298   0x00000004   Code   RO         9987    .ARM.Collect$$$$00000001  mc_w.l(entry2.o)
    0x0800029c   0x0800029c   0x00000004   Code   RO         9990    .ARM.Collect$$$$00000004  mc_w.l(entry5.o)
    0x080002a0   0x080002a0   0x00000000   Code   RO         9992    .ARM.Collect$$$$00000008  mc_w.l(entry7b.o)
    0x080002a0   0x080002a0   0x00000000   Code   RO         9994    .ARM.Collect$$$$0000000A  mc_w.l(entry8b.o)
    0x080002a0   0x080002a0   0x00000008   Code   RO         9995    .ARM.Collect$$$$0000000B  mc_w.l(entry9a.o)
    0x080002a8   0x080002a8   0x00000004   Code   RO        10002    .ARM.Collect$$$$0000000E  mc_w.l(entry12b.o)
    0x080002ac   0x080002ac   0x00000000   Code   RO         9997    .ARM.Collect$$$$0000000F  mc_w.l(entry10a.o)
    0x080002ac   0x080002ac   0x00000000   Code   RO         9999    .ARM.Collect$$$$00000011  mc_w.l(entry11a.o)
    0x080002ac   0x080002ac   0x00000004   Code   RO         9988    .ARM.Collect$$$$00002712  mc_w.l(entry2.o)
    0x080002b0   0x080002b0   0x000000be   Code   RO         7830    .emb_text           port.o
    0x0800036e   0x0800036e   0x00000002   PAD
    0x08000370   0x08000370   0x00000084   Code   RO         9302    .emb_text           eventrecorder.o
    0x080003f4   0x080003f4   0x00000024   Code   RO            4    .text               startup_stm32h753xx.o
    0x08000418   0x08000418   0x00000062   Code   RO         9625    .text               mc_w.l(uldiv.o)
    0x0800047a   0x0800047a   0x0000000c   Code   RO         9627    .text               mc_w.l(tolower.o)
    0x08000486   0x08000486   0x00000028   Code   RO         9629    .text               mc_w.l(memcpy.o)
    0x080004ae   0x080004ae   0x00000024   Code   RO         9635    .text               mc_w.l(memseta.o)
    0x080004d2   0x080004d2   0x00000024   Code   RO         9637    .text               mc_w.l(strstr.o)
    0x080004f6   0x080004f6   0x0000000e   Code   RO         9639    .text               mc_w.l(strlen.o)
    0x08000504   0x08000504   0x0000001c   Code   RO         9641    .text               mc_w.l(strcmp.o)
    0x08000520   0x08000520   0x00000012   Code   RO         9643    .text               mc_w.l(strcpy.o)
    0x08000532   0x08000532   0x0000001e   Code   RO         9645    .text               mc_w.l(strncmp.o)
    0x08000550   0x08000550   0x00000044   Code   RO         9647    .text               mc_w.l(strtok.o)
    0x08000594   0x08000594   0x00000038   Code   RO         9946    .text               mc_w.l(sscanf.o)
    0x080005cc   0x080005cc   0x0000002c   Code   RO        10003    .text               mc_w.l(uidiv.o)
    0x080005f8   0x080005f8   0x0000001e   Code   RO        10005    .text               mc_w.l(llshl.o)
    0x08000616   0x08000616   0x00000020   Code   RO        10007    .text               mc_w.l(llushr.o)
    0x08000636   0x08000636   0x00000156   Code   RO        10018    .text               mc_w.l(_scanf_longlong.o)
    0x0800078c   0x0800078c   0x0000014c   Code   RO        10020    .text               mc_w.l(_scanf_int.o)
    0x080008d8   0x080008d8   0x000000e0   Code   RO        10022    .text               mc_w.l(_scanf_str.o)
    0x080009b8   0x080009b8   0x00000360   Code   RO        10024    .text               mc_w.l(scanf_fp.o)
    0x08000d18   0x08000d18   0x00000028   Code   RO        10028    .text               mc_w.l(scanf_char.o)
    0x08000d40   0x08000d40   0x00000040   Code   RO        10030    .text               mc_w.l(_sgetc.o)
    0x08000d80   0x08000d80   0x0000009c   Code   RO        10032    .text               mc_w.l(strtod.o)
    0x08000e1c   0x08000e1c   0x00000000   Code   RO        10034    .text               mc_w.l(iusefp.o)
    0x08000e1c   0x08000e1c   0x0000014e   Code   RO        10035    .text               mf_w.l(dadd.o)
    0x08000f6a   0x08000f6a   0x000000e4   Code   RO        10037    .text               mf_w.l(dmul.o)
    0x0800104e   0x0800104e   0x000000de   Code   RO        10039    .text               mf_w.l(ddiv.o)
    0x0800112c   0x0800112c   0x00000086   Code   RO        10041    .text               mf_w.l(drem.o)
    0x080011b2   0x080011b2   0x00000030   Code   RO        10043    .text               mf_w.l(dfixul.o)
    0x080011e2   0x080011e2   0x00000002   PAD
    0x080011e4   0x080011e4   0x00000030   Code   RO        10045    .text               mf_w.l(cdrcmple.o)
    0x08001214   0x08001214   0x00000060   Code   RO        10047    .text               mf_w.l(dcmp4.o)
    0x08001274   0x08001274   0x00000024   Code   RO        10049    .text               mc_w.l(init.o)
    0x08001298   0x08001298   0x00000024   Code   RO        10051    .text               mc_w.l(llsshr.o)
    0x080012bc   0x080012bc   0x0000000a   Code   RO        10053    .text               mc_w.l(isspace_c.o)
    0x080012c6   0x080012c6   0x0000001c   Code   RO        10055    .text               mc_w.l(_chval.o)
    0x080012e2   0x080012e2   0x00000002   PAD
    0x080012e4   0x080012e4   0x00000330   Code   RO        10057    .text               mc_w.l(_scanf.o)
    0x08001614   0x08001614   0x000000ba   Code   RO        10059    .text               mf_w.l(depilogue.o)
    0x080016ce   0x080016ce   0x00000018   Code   RO        10061    .text               mf_w.l(dfltul.o)
    0x080016e6   0x080016e6   0x00000038   Code   RO        10063    .text               mf_w.l(d2f.o)
    0x0800171e   0x0800171e   0x00000002   PAD
    0x08001720   0x08001720   0x00000028   Code   RO        10065    .text               mc_w.l(ctype_c.o)
    0x08001748   0x08001748   0x0000006e   Code   RO        10068    .text               mf_w.l(fepilogue.o)
    0x080017b6   0x080017b6   0x00000056   Code   RO        10078    .text               mc_w.l(__dczerorl2.o)
    0x0800180c   0x0800180c   0x00000044   Code   RO         8947    i.A1m1f             geodesic.o
    0x08001850   0x08001850   0x00000044   Code   RO         8948    i.A2m1f             geodesic.o
    0x08001894   0x08001894   0x00000054   Code   RO         8949    i.A3coeff           geodesic.o
    0x080018e8   0x080018e8   0x0000000a   Code   RO         8950    i.A3f               geodesic.o
    0x080018f2   0x080018f2   0x00000002   PAD
    0x080018f4   0x080018f4   0x00000120   Code   RO         8744    i.APP_Info_Submit   mqtt.o
    0x08001a14   0x08001a14   0x00000040   Code   RO          550    i.APP_Info_Submit_task  freertos.o
    0x08001a54   0x08001a54   0x000000bc   Code   RO         8951    i.AngDiff           geodesic.o
    0x08001b10   0x08001b10   0x00000060   Code   RO         8953    i.AngRound          geodesic.o
    0x08001b70   0x08001b70   0x00000150   Code   RO         8954    i.Astroid           geodesic.o
    0x08001cc0   0x08001cc0   0x00000002   Code   RO          903    i.BusFault_Handler  stm32h7xx_it.o
    0x08001cc2   0x08001cc2   0x00000002   PAD
    0x08001cc4   0x08001cc4   0x00000084   Code   RO         8955    i.C1f               geodesic.o
    0x08001d48   0x08001d48   0x00000084   Code   RO         8957    i.C2f               geodesic.o
    0x08001dcc   0x08001dcc   0x00000060   Code   RO         8958    i.C3coeff           geodesic.o
    0x08001e2c   0x08001e2c   0x0000004e   Code   RO         8959    i.C3f               geodesic.o
    0x08001e7a   0x08001e7a   0x00000002   PAD
    0x08001e7c   0x08001e7c   0x00000058   Code   RO         8960    i.C4coeff           geodesic.o
    0x08001ed4   0x08001ed4   0x0000004e   Code   RO         8961    i.C4f               geodesic.o
    0x08001f22   0x08001f22   0x00000002   PAD
    0x08001f24   0x08001f24   0x0000000c   Code   RO          904    i.DMA1_Stream1_IRQHandler  stm32h7xx_it.o
    0x08001f30   0x08001f30   0x0000000c   Code   RO          905    i.DMA1_Stream3_IRQHandler  stm32h7xx_it.o
    0x08001f3c   0x08001f3c   0x0000000c   Code   RO          906    i.DMA2_Stream0_IRQHandler  stm32h7xx_it.o
    0x08001f48   0x08001f48   0x000000c0   Code   RO         1937    i.DMA_CalcBaseAndBitshift  stm32h7xx_hal_dma.o
    0x08002008   0x08002008   0x000000a0   Code   RO         1938    i.DMA_CalcDMAMUXChannelBaseAndMask  stm32h7xx_hal_dma.o
    0x080020a8   0x080020a8   0x0000007c   Code   RO         1939    i.DMA_CalcDMAMUXRequestGenBaseAndMask  stm32h7xx_hal_dma.o
    0x08002124   0x08002124   0x00000078   Code   RO         1940    i.DMA_CheckFifoParam  stm32h7xx_hal_dma.o
    0x0800219c   0x0800219c   0x0000023c   Code   RO         1941    i.DMA_SetConfig     stm32h7xx_hal_dma.o
    0x080023d8   0x080023d8   0x00000002   Code   RO          907    i.DebugMon_Handler  stm32h7xx_it.o
    0x080023da   0x080023da   0x00000002   PAD
    0x080023dc   0x080023dc   0x00000040   Code   RO          551    i.Device_Run_task   freertos.o
    0x0800241c   0x0800241c   0x00000080   Code   RO          552    i.Device_unusual_task  freertos.o
    0x0800249c   0x0800249c   0x00000158   Code   RO          553    i.EC600U_REC_task   freertos.o
    0x080025f4   0x080025f4   0x0000005c   Code   RO          554    i.EC600U_SEND_task  freertos.o
    0x08002650   0x08002650   0x00000074   Code   RO          305    i.EC600U_send_msg   deal_data.o
    0x080026c4   0x080026c4   0x00000004   Code   RO          434    i.Error_Handler     main.o
    0x080026c8   0x080026c8   0x00000028   Code   RO         9303    i.EventCheckFilter  eventrecorder.o
    0x080026f0   0x080026f0   0x00000048   Code   RO         9304    i.EventGetTS        eventrecorder.o
    0x08002738   0x08002738   0x0000010c   Code   RO         9307    i.EventRecordData   eventrecorder.o
    0x08002844   0x08002844   0x000000b4   Code   RO         9308    i.EventRecordItem   eventrecorder.o
    0x080028f8   0x080028f8   0x00000058   Code   RO         9311    i.EventRecorderEnable  eventrecorder.o
    0x08002950   0x08002950   0x00000100   Code   RO         9312    i.EventRecorderInitialize  eventrecorder.o
    0x08002a50   0x08002a50   0x00000030   Code   RO         9313    i.EventRecorderStart  eventrecorder.o
    0x08002a80   0x08002a80   0x0000000c   Code   RO         9315    i.EventRecorderTimerGetCount  eventrecorder.o
    0x08002a8c   0x08002a8c   0x0000000c   Code   RO         9316    i.EventRecorderTimerGetFreq  eventrecorder.o
    0x08002a98   0x08002a98   0x00000020   Code   RO         9317    i.EventRecorderTimerSetup  eventrecorder.o
    0x08002ab8   0x08002ab8   0x0000000c   Code   RO          908    i.FDCAN1_IT0_IRQHandler  stm32h7xx_it.o
    0x08002ac4   0x08002ac4   0x000001b0   Code   RO         3554    i.FDCAN_CalcultateRamBlockAddresses  stm32h7xx_hal_fdcan.o
    0x08002c74   0x08002c74   0x000000c4   Code   RO          555    i.GPS_REC_task      freertos.o
    0x08002d38   0x08002d38   0x0000005c   Code   RO         8905    i.GPStoXY           wgs84toangle.o
    0x08002d94   0x08002d94   0x0000037c   Code   RO         1942    i.HAL_DMA_Abort     stm32h7xx_hal_dma.o
    0x08003110   0x08003110   0x000002b0   Code   RO         1943    i.HAL_DMA_Abort_IT  stm32h7xx_hal_dma.o
    0x080033c0   0x080033c0   0x00000004   Code   RO         1945    i.HAL_DMA_GetError  stm32h7xx_hal_dma.o
    0x080033c4   0x080033c4   0x000007a8   Code   RO         1947    i.HAL_DMA_IRQHandler  stm32h7xx_hal_dma.o
    0x08003b6c   0x08003b6c   0x000003fc   Code   RO         1948    i.HAL_DMA_Init      stm32h7xx_hal_dma.o
    0x08003f68   0x08003f68   0x000002ec   Code   RO         1952    i.HAL_DMA_Start_IT  stm32h7xx_hal_dma.o
    0x08004254   0x08004254   0x00000002   Code   RO         3560    i.HAL_FDCAN_ClockCalibrationCallback  stm32h7xx_hal_fdcan.o
    0x08004256   0x08004256   0x00000002   Code   RO         3586    i.HAL_FDCAN_ErrorCallback  stm32h7xx_hal_fdcan.o
    0x08004258   0x08004258   0x00000002   Code   RO         3587    i.HAL_FDCAN_ErrorStatusCallback  stm32h7xx_hal_fdcan.o
    0x0800425a   0x0800425a   0x00000002   Code   RO         3604    i.HAL_FDCAN_HighPriorityMessageCallback  stm32h7xx_hal_fdcan.o
    0x0800425c   0x0800425c   0x000002ec   Code   RO         3605    i.HAL_FDCAN_IRQHandler  stm32h7xx_hal_fdcan.o
    0x08004548   0x08004548   0x00000268   Code   RO         3606    i.HAL_FDCAN_Init    stm32h7xx_hal_fdcan.o
    0x080047b0   0x080047b0   0x000000c4   Code   RO          705    i.HAL_FDCAN_MspInit  fdcan.o
    0x08004874   0x08004874   0x00000002   Code   RO         3615    i.HAL_FDCAN_RxBufferNewMessageCallback  stm32h7xx_hal_fdcan.o
    0x08004876   0x08004876   0x00000002   Code   RO         3616    i.HAL_FDCAN_RxFifo0Callback  stm32h7xx_hal_fdcan.o
    0x08004878   0x08004878   0x00000002   Code   RO         3617    i.HAL_FDCAN_RxFifo1Callback  stm32h7xx_hal_fdcan.o
    0x0800487a   0x0800487a   0x00000002   Code   RO         3640    i.HAL_FDCAN_TT_GlobalTimeCallback  stm32h7xx_hal_fdcan.o
    0x0800487c   0x0800487c   0x00000002   Code   RO         3641    i.HAL_FDCAN_TT_ScheduleSyncCallback  stm32h7xx_hal_fdcan.o
    0x0800487e   0x0800487e   0x00000002   Code   RO         3646    i.HAL_FDCAN_TT_StopWatchCallback  stm32h7xx_hal_fdcan.o
    0x08004880   0x08004880   0x00000002   Code   RO         3647    i.HAL_FDCAN_TT_TimeMarkCallback  stm32h7xx_hal_fdcan.o
    0x08004882   0x08004882   0x00000002   Code   RO         3648    i.HAL_FDCAN_TimeoutOccurredCallback  stm32h7xx_hal_fdcan.o
    0x08004884   0x08004884   0x00000002   Code   RO         3649    i.HAL_FDCAN_TimestampWraparoundCallback  stm32h7xx_hal_fdcan.o
    0x08004886   0x08004886   0x00000002   Code   RO         3650    i.HAL_FDCAN_TxBufferAbortCallback  stm32h7xx_hal_fdcan.o
    0x08004888   0x08004888   0x00000002   Code   RO         3651    i.HAL_FDCAN_TxBufferCompleteCallback  stm32h7xx_hal_fdcan.o
    0x0800488a   0x0800488a   0x00000002   Code   RO         3652    i.HAL_FDCAN_TxEventFifoCallback  stm32h7xx_hal_fdcan.o
    0x0800488c   0x0800488c   0x00000002   Code   RO         3653    i.HAL_FDCAN_TxFifoEmptyCallback  stm32h7xx_hal_fdcan.o
    0x0800488e   0x0800488e   0x00000002   PAD
    0x08004890   0x08004890   0x00000224   Code   RO         1790    i.HAL_GPIO_Init     stm32h7xx_hal_gpio.o
    0x08004ab4   0x08004ab4   0x00000010   Code   RO         1793    i.HAL_GPIO_TogglePin  stm32h7xx_hal_gpio.o
    0x08004ac4   0x08004ac4   0x0000000e   Code   RO         1794    i.HAL_GPIO_WritePin  stm32h7xx_hal_gpio.o
    0x08004ad2   0x08004ad2   0x00000002   PAD
    0x08004ad4   0x08004ad4   0x0000000c   Code   RO         2662    i.HAL_GetREVID      stm32h7xx_hal.o
    0x08004ae0   0x08004ae0   0x0000000c   Code   RO         2663    i.HAL_GetTick       stm32h7xx_hal.o
    0x08004aec   0x08004aec   0x00000010   Code   RO         2669    i.HAL_IncTick       stm32h7xx_hal.o
    0x08004afc   0x08004afc   0x0000005c   Code   RO         2670    i.HAL_Init          stm32h7xx_hal.o
    0x08004b58   0x08004b58   0x00000090   Code   RO         1045    i.HAL_InitTick      stm32h7xx_hal_timebase_tim.o
    0x08004be8   0x08004be8   0x00000058   Code   RO         1085    i.HAL_MPU_ConfigRegion  stm32h7xx_hal_cortex.o
    0x08004c40   0x08004c40   0x0000001c   Code   RO         1086    i.HAL_MPU_Disable   stm32h7xx_hal_cortex.o
    0x08004c5c   0x08004c5c   0x00000024   Code   RO         1087    i.HAL_MPU_Enable    stm32h7xx_hal_cortex.o
    0x08004c80   0x08004c80   0x00000024   Code   RO         1021    i.HAL_MspInit       stm32h7xx_hal_msp.o
    0x08004ca4   0x08004ca4   0x0000001a   Code   RO         1090    i.HAL_NVIC_EnableIRQ  stm32h7xx_hal_cortex.o
    0x08004cbe   0x08004cbe   0x00000002   PAD
    0x08004cc0   0x08004cc0   0x00000040   Code   RO         1096    i.HAL_NVIC_SetPriority  stm32h7xx_hal_cortex.o
    0x08004d00   0x08004d00   0x00000024   Code   RO         1097    i.HAL_NVIC_SetPriorityGrouping  stm32h7xx_hal_cortex.o
    0x08004d24   0x08004d24   0x00000058   Code   RO         2391    i.HAL_PWREx_ConfigSupply  stm32h7xx_hal_pwr_ex.o
    0x08004d7c   0x08004d7c   0x00000024   Code   RO         1341    i.HAL_RCCEx_GetD3PCLK1Freq  stm32h7xx_hal_rcc_ex.o
    0x08004da0   0x08004da0   0x000001c0   Code   RO         1343    i.HAL_RCCEx_GetPLL2ClockFreq  stm32h7xx_hal_rcc_ex.o
    0x08004f60   0x08004f60   0x000001c0   Code   RO         1344    i.HAL_RCCEx_GetPLL3ClockFreq  stm32h7xx_hal_rcc_ex.o
    0x08005120   0x08005120   0x00000a04   Code   RO         1350    i.HAL_RCCEx_PeriphCLKConfig  stm32h7xx_hal_rcc_ex.o
    0x08005b24   0x08005b24   0x0000027c   Code   RO         1226    i.HAL_RCC_ClockConfig  stm32h7xx_hal_rcc.o
    0x08005da0   0x08005da0   0x00000060   Code   RO         1230    i.HAL_RCC_GetClockConfig  stm32h7xx_hal_rcc.o
    0x08005e00   0x08005e00   0x00000044   Code   RO         1231    i.HAL_RCC_GetHCLKFreq  stm32h7xx_hal_rcc.o
    0x08005e44   0x08005e44   0x00000024   Code   RO         1233    i.HAL_RCC_GetPCLK1Freq  stm32h7xx_hal_rcc.o
    0x08005e68   0x08005e68   0x00000024   Code   RO         1234    i.HAL_RCC_GetPCLK2Freq  stm32h7xx_hal_rcc.o
    0x08005e8c   0x08005e8c   0x000001b4   Code   RO         1235    i.HAL_RCC_GetSysClockFreq  stm32h7xx_hal_rcc.o
    0x08006040   0x08006040   0x00000684   Code   RO         1238    i.HAL_RCC_OscConfig  stm32h7xx_hal_rcc.o
    0x080066c4   0x080066c4   0x00000002   Code   RO         4179    i.HAL_SPI_ErrorCallback  stm32h7xx_hal_spi.o
    0x080066c6   0x080066c6   0x00000002   PAD
    0x080066c8   0x080066c8   0x00000230   Code   RO         4182    i.HAL_SPI_IRQHandler  stm32h7xx_hal_spi.o
    0x080068f8   0x080068f8   0x00000174   Code   RO         4183    i.HAL_SPI_Init      stm32h7xx_hal_spi.o
    0x08006a6c   0x08006a6c   0x000000ec   Code   RO          747    i.HAL_SPI_MspInit   spi.o
    0x08006b58   0x08006b58   0x0000019c   Code   RO         4187    i.HAL_SPI_Receive_DMA  stm32h7xx_hal_spi.o
    0x08006cf4   0x08006cf4   0x00000060   Code   RO          748    i.HAL_SPI_RxCpltCallback  spi.o
    0x08006d54   0x08006d54   0x00000002   Code   RO         4190    i.HAL_SPI_RxHalfCpltCallback  stm32h7xx_hal_spi.o
    0x08006d56   0x08006d56   0x00000002   Code   RO         4191    i.HAL_SPI_SuspendCallback  stm32h7xx_hal_spi.o
    0x08006d58   0x08006d58   0x00000002   Code   RO         4198    i.HAL_SPI_TxCpltCallback  stm32h7xx_hal_spi.o
    0x08006d5a   0x08006d5a   0x00000002   Code   RO         4200    i.HAL_SPI_TxRxCpltCallback  stm32h7xx_hal_spi.o
    0x08006d5c   0x08006d5c   0x00000002   Code   RO         5233    i.HAL_TIMEx_Break2Callback  stm32h7xx_hal_tim_ex.o
    0x08006d5e   0x08006d5e   0x00000002   Code   RO         5234    i.HAL_TIMEx_BreakCallback  stm32h7xx_hal_tim_ex.o
    0x08006d60   0x08006d60   0x00000002   Code   RO         5235    i.HAL_TIMEx_CommutCallback  stm32h7xx_hal_tim_ex.o
    0x08006d62   0x08006d62   0x00000002   PAD
    0x08006d64   0x08006d64   0x000000a0   Code   RO         5255    i.HAL_TIMEx_MasterConfigSynchronization  stm32h7xx_hal_tim_ex.o
    0x08006e04   0x08006e04   0x0000004e   Code   RO         4508    i.HAL_TIM_Base_Init  stm32h7xx_hal_tim.o
    0x08006e52   0x08006e52   0x00000002   PAD
    0x08006e54   0x08006e54   0x0000003c   Code   RO          798    i.HAL_TIM_Base_MspInit  tim.o
    0x08006e90   0x08006e90   0x00000094   Code   RO         4513    i.HAL_TIM_Base_Start_IT  stm32h7xx_hal_tim.o
    0x08006f24   0x08006f24   0x00000030   Code   RO         4516    i.HAL_TIM_Base_Stop_IT  stm32h7xx_hal_tim.o
    0x08006f54   0x08006f54   0x00000002   Code   RO         4542    i.HAL_TIM_IC_CaptureCallback  stm32h7xx_hal_tim.o
    0x08006f56   0x08006f56   0x0000018c   Code   RO         4556    i.HAL_TIM_IRQHandler  stm32h7xx_hal_tim.o
    0x080070e2   0x080070e2   0x00000002   Code   RO         4559    i.HAL_TIM_OC_DelayElapsedCallback  stm32h7xx_hal_tim.o
    0x080070e4   0x080070e4   0x00000002   Code   RO         4586    i.HAL_TIM_PWM_PulseFinishedCallback  stm32h7xx_hal_tim.o
    0x080070e6   0x080070e6   0x00000002   PAD
    0x080070e8   0x080070e8   0x0000003c   Code   RO          435    i.HAL_TIM_PeriodElapsedCallback  main.o
    0x08007124   0x08007124   0x00000002   Code   RO         4599    i.HAL_TIM_TriggerCallback  stm32h7xx_hal_tim.o
    0x08007126   0x08007126   0x0000003e   Code   RO         5949    i.HAL_UARTEx_DisableFifoMode  stm32h7xx_hal_uart_ex.o
    0x08007164   0x08007164   0x00000052   Code   RO         5955    i.HAL_UARTEx_ReceiveToIdle_DMA  stm32h7xx_hal_uart_ex.o
    0x080071b6   0x080071b6   0x00000002   PAD
    0x080071b8   0x080071b8   0x00000138   Code   RO          839    i.HAL_UARTEx_RxEventCallback  usart.o
    0x080072f0   0x080072f0   0x00000002   Code   RO         5957    i.HAL_UARTEx_RxFifoFullCallback  stm32h7xx_hal_uart_ex.o
    0x080072f2   0x080072f2   0x0000004c   Code   RO         5958    i.HAL_UARTEx_SetRxFifoThreshold  stm32h7xx_hal_uart_ex.o
    0x0800733e   0x0800733e   0x0000004c   Code   RO         5959    i.HAL_UARTEx_SetTxFifoThreshold  stm32h7xx_hal_uart_ex.o
    0x0800738a   0x0800738a   0x00000002   Code   RO         5961    i.HAL_UARTEx_TxFifoEmptyCallback  stm32h7xx_hal_uart_ex.o
    0x0800738c   0x0800738c   0x00000002   Code   RO         5962    i.HAL_UARTEx_WakeupCallback  stm32h7xx_hal_uart_ex.o
    0x0800738e   0x0800738e   0x00000002   Code   RO         5549    i.HAL_UART_ErrorCallback  stm32h7xx_hal_uart.o
    0x08007390   0x08007390   0x00000394   Code   RO         5552    i.HAL_UART_IRQHandler  stm32h7xx_hal_uart.o
    0x08007724   0x08007724   0x00000070   Code   RO         5553    i.HAL_UART_Init     stm32h7xx_hal_uart.o
    0x08007794   0x08007794   0x0000031c   Code   RO          841    i.HAL_UART_MspInit  usart.o
    0x08007ab0   0x08007ab0   0x00000002   Code   RO         5560    i.HAL_UART_RxCpltCallback  stm32h7xx_hal_uart.o
    0x08007ab2   0x08007ab2   0x00000002   Code   RO         5561    i.HAL_UART_RxHalfCpltCallback  stm32h7xx_hal_uart.o
    0x08007ab4   0x08007ab4   0x00000090   Code   RO         5563    i.HAL_UART_Transmit_DMA  stm32h7xx_hal_uart.o
    0x08007b44   0x08007b44   0x00000002   Code   RO         5565    i.HAL_UART_TxCpltCallback  stm32h7xx_hal_uart.o
    0x08007b46   0x08007b46   0x00000002   Code   RO         5566    i.HAL_UART_TxHalfCpltCallback  stm32h7xx_hal_uart.o
    0x08007b48   0x08007b48   0x00000040   Code   RO         8618    i.HTTP_Authen_Request  http.o
    0x08007b88   0x08007b88   0x00000090   Code   RO          556    i.HTTP_REQUEST_task  freertos.o
    0x08007c18   0x08007c18   0x000000f8   Code   RO         8620    i.HTTP_goToCharge_Request  http.o
    0x08007d10   0x08007d10   0x000000f8   Code   RO         8621    i.HTTP_jobContinue_Request  http.o
    0x08007e08   0x08007e08   0x00000118   Code   RO         8622    i.HTTP_jobFinish_Request  http.o
    0x08007f20   0x08007f20   0x000000d0   Code   RO         8623    i.HTTP_jobPause_Request  http.o
    0x08007ff0   0x08007ff0   0x000000f4   Code   RO         8624    i.HTTP_jobStart_Request  http.o
    0x080080e4   0x080080e4   0x00000078   Code   RO         8625    i.HTTP_post         http.o
    0x0800815c   0x0800815c   0x000000d4   Code   RO         8627    i.HTTP_updateRoute_Request  http.o
    0x08008230   0x08008230   0x00000002   Code   RO          909    i.HardFault_Handler  stm32h7xx_it.o
    0x08008232   0x08008232   0x00000002   PAD
    0x08008234   0x08008234   0x000000cc   Code   RO         8962    i.Init              geodesic.o
    0x08008300   0x08008300   0x0000050e   Code   RO         8963    i.InverseStart      geodesic.o
    0x0800880e   0x0800880e   0x00000002   PAD
    0x08008810   0x08008810   0x00000150   Code   RO          371    i.Json_data_Change  deal_string.o
    0x08008960   0x08008960   0x00000354   Code   RO         8964    i.Lambda12          geodesic.o
    0x08008cb4   0x08008cb4   0x00000028   Code   RO         8965    i.LatFix            geodesic.o
    0x08008cdc   0x08008cdc   0x0000023c   Code   RO         8966    i.Lengths           geodesic.o
    0x08008f18   0x08008f18   0x00000022   Code   RO         8906    i.Line_inter_point_math  wgs84toangle.o
    0x08008f3a   0x08008f3a   0x00000052   Code   RO          436    i.MPU_Config        main.o
    0x08008f8c   0x08008f8c   0x0000009c   Code   RO         8745    i.MQTT_open         mqtt.o
    0x08009028   0x08009028   0x0000005c   Code   RO          680    i.MX_DMA_Init       dma.o
    0x08009084   0x08009084   0x00000064   Code   RO          706    i.MX_FDCAN1_Init    fdcan.o
    0x080090e8   0x080090e8   0x0000014c   Code   RO          557    i.MX_FREERTOS_Init  freertos.o
    0x08009234   0x08009234   0x0000008c   Code   RO          526    i.MX_GPIO_Init      gpio.o
    0x080092c0   0x080092c0   0x00000058   Code   RO          749    i.MX_SPI1_Init      spi.o
    0x08009318   0x08009318   0x00000048   Code   RO          799    i.MX_TIM6_Init      tim.o
    0x08009360   0x08009360   0x00000068   Code   RO          842    i.MX_USART1_UART_Init  usart.o
    0x080093c8   0x080093c8   0x00000068   Code   RO          843    i.MX_USART2_UART_Init  usart.o
    0x08009430   0x08009430   0x00000068   Code   RO          844    i.MX_USART3_UART_Init  usart.o
    0x08009498   0x08009498   0x00000002   Code   RO          910    i.MemManage_Handler  stm32h7xx_it.o
    0x0800949a   0x0800949a   0x00000002   PAD
    0x0800949c   0x0800949c   0x0000024c   Code   RO           13    i.NAV_Control       nav.o
    0x080096e8   0x080096e8   0x00000002   Code   RO          911    i.NMI_Handler       stm32h7xx_it.o
    0x080096ea   0x080096ea   0x0000000c   Code   RO          373    i.ObjectToString    deal_string.o
    0x080096f6   0x080096f6   0x00000002   PAD
    0x080096f8   0x080096f8   0x0000005c   Code   RO         8830    i.PID_Init          pid.o
    0x08009754   0x08009754   0x0000000a   Code   RO         8832    i.PID_SetDiffLimiting  pid.o
    0x0800975e   0x0800975e   0x0000000a   Code   RO         8833    i.PID_SetIntegLimiting  pid.o
    0x08009768   0x08009768   0x0000000e   Code   RO         8834    i.PID_SetPIDPara    pid.o
    0x08009776   0x08009776   0x0000000a   Code   RO         8835    i.PID_SetThresPara  pid.o
    0x08009780   0x08009780   0x0000000c   Code   RO          558    i.Power_Check_task  freertos.o
    0x0800978c   0x0800978c   0x00000124   Code   RO         1353    i.RCCEx_PLL2_Config  stm32h7xx_hal_rcc_ex.o
    0x080098b0   0x080098b0   0x00000124   Code   RO         1354    i.RCCEx_PLL3_Config  stm32h7xx_hal_rcc_ex.o
    0x080099d4   0x080099d4   0x00000006   Code   RO         8797    i.RTK_L1_open       rtk_l1.o
    0x080099da   0x080099da   0x00000002   PAD
    0x080099dc   0x080099dc   0x0000023c   Code   RO         8582    i.SPI1_GPS_data     gps.o
    0x08009c18   0x08009c18   0x0000000c   Code   RO          912    i.SPI1_IRQHandler   stm32h7xx_it.o
    0x08009c24   0x08009c24   0x000000ba   Code   RO         4203    i.SPI_CloseTransfer  stm32h7xx_hal_spi.o
    0x08009cde   0x08009cde   0x00000018   Code   RO         4204    i.SPI_DMAAbortOnError  stm32h7xx_hal_spi.o
    0x08009cf6   0x08009cf6   0x0000002c   Code   RO         4205    i.SPI_DMAError      stm32h7xx_hal_spi.o
    0x08009d22   0x08009d22   0x0000000a   Code   RO         4206    i.SPI_DMAHalfReceiveCplt  stm32h7xx_hal_spi.o
    0x08009d2c   0x08009d2c   0x00000028   Code   RO         4209    i.SPI_DMAReceiveCplt  stm32h7xx_hal_spi.o
    0x08009d54   0x08009d54   0x00000014   Code   RO         4214    i.SPI_GetPacketSize  stm32h7xx_hal_spi.o
    0x08009d68   0x08009d68   0x0000007c   Code   RO         8967    i.SinCosSeries      geodesic.o
    0x08009de4   0x08009de4   0x0000001c   Code   RO          559    i.StartDefaultTask  freertos.o
    0x08009e00   0x08009e00   0x00000030   Code   RO          374    i.StringToObject    deal_string.o
    0x08009e30   0x08009e30   0x0000001a   Code   RO         7253    i.SysTick_Handler   cmsis_os2.o
    0x08009e4a   0x08009e4a   0x00000002   PAD
    0x08009e4c   0x08009e4c   0x000000a8   Code   RO          437    i.SystemClock_Config  main.o
    0x08009ef4   0x08009ef4   0x000000dc   Code   RO         6073    i.SystemInit        system_stm32h7xx.o
    0x08009fd0   0x08009fd0   0x0000000c   Code   RO          913    i.TIM6_DAC_IRQHandler  stm32h7xx_it.o
    0x08009fdc   0x08009fdc   0x0000000c   Code   RO          914    i.TIM7_IRQHandler   stm32h7xx_it.o
    0x08009fe8   0x08009fe8   0x000000c0   Code   RO         4601    i.TIM_Base_SetConfig  stm32h7xx_hal_tim.o
    0x0800a0a8   0x0800a0a8   0x00000016   Code   RO           14    i.Terminal_decision  nav.o
    0x0800a0be   0x0800a0be   0x00000002   PAD
    0x0800a0c0   0x0800a0c0   0x00000048   Code   RO         5963    i.UARTEx_SetNbDataToProcess  stm32h7xx_hal_uart_ex.o
    0x0800a108   0x0800a108   0x000000c8   Code   RO         5567    i.UART_AdvFeatureConfig  stm32h7xx_hal_uart.o
    0x0800a1d0   0x0800a1d0   0x000000aa   Code   RO         5568    i.UART_CheckIdleState  stm32h7xx_hal_uart.o
    0x0800a27a   0x0800a27a   0x00000014   Code   RO         5569    i.UART_DMAAbortOnError  stm32h7xx_hal_uart.o
    0x0800a28e   0x0800a28e   0x00000050   Code   RO         5570    i.UART_DMAError     stm32h7xx_hal_uart.o
    0x0800a2de   0x0800a2de   0x00000084   Code   RO         5571    i.UART_DMAReceiveCplt  stm32h7xx_hal_uart.o
    0x0800a362   0x0800a362   0x00000020   Code   RO         5573    i.UART_DMARxHalfCplt  stm32h7xx_hal_uart.o
    0x0800a382   0x0800a382   0x00000042   Code   RO         5575    i.UART_DMATransmitCplt  stm32h7xx_hal_uart.o
    0x0800a3c4   0x0800a3c4   0x0000000a   Code   RO         5577    i.UART_DMATxHalfCplt  stm32h7xx_hal_uart.o
    0x0800a3ce   0x0800a3ce   0x00000002   PAD
    0x0800a3d0   0x0800a3d0   0x00000054   Code   RO         5579    i.UART_EndRxTransfer  stm32h7xx_hal_uart.o
    0x0800a424   0x0800a424   0x00000024   Code   RO         5580    i.UART_EndTransmit_IT  stm32h7xx_hal_uart.o
    0x0800a448   0x0800a448   0x0000002e   Code   RO         5581    i.UART_EndTxTransfer  stm32h7xx_hal_uart.o
    0x0800a476   0x0800a476   0x00000002   PAD
    0x0800a478   0x0800a478   0x00000490   Code   RO         5586    i.UART_SetConfig    stm32h7xx_hal_uart.o
    0x0800a908   0x0800a908   0x000000a4   Code   RO         5587    i.UART_Start_Receive_DMA  stm32h7xx_hal_uart.o
    0x0800a9ac   0x0800a9ac   0x00000090   Code   RO         5593    i.UART_WaitOnFlagUntilTimeout  stm32h7xx_hal_uart.o
    0x0800aa3c   0x0800aa3c   0x0000000c   Code   RO          915    i.USART1_IRQHandler  stm32h7xx_it.o
    0x0800aa48   0x0800aa48   0x0000000c   Code   RO          916    i.USART2_IRQHandler  stm32h7xx_it.o
    0x0800aa54   0x0800aa54   0x0000000c   Code   RO          917    i.USART3_IRQHandler  stm32h7xx_it.o
    0x0800aa60   0x0800aa60   0x000001c8   Code   RO         8628    i.USART_HTTP_Authen_data  http.o
    0x0800ac28   0x0800ac28   0x00000384   Code   RO         8629    i.USART_HTTP_data   http.o
    0x0800afac   0x0800afac   0x00000098   Code   RO         8630    i.USART_HTTP_goToCharge_data  http.o
    0x0800b044   0x0800b044   0x000000f8   Code   RO         8631    i.USART_HTTP_jobContinue_data  http.o
    0x0800b13c   0x0800b13c   0x00000118   Code   RO         8632    i.USART_HTTP_jobStart_data  http.o
    0x0800b254   0x0800b254   0x000000f8   Code   RO         8633    i.USART_HTTP_updateRoute_data  http.o
    0x0800b34c   0x0800b34c   0x00000040   Code   RO          306    i.USART_Imei_data   deal_data.o
    0x0800b38c   0x0800b38c   0x00000428   Code   RO         8747    i.USART_MQTT_data   mqtt.o
    0x0800b7b4   0x0800b7b4   0x00000002   Code   RO          918    i.UsageFault_Handler  stm32h7xx_it.o
    0x0800b7b6   0x0800b7b6   0x00000002   PAD
    0x0800b7b8   0x0800b7b8   0x00000090   Code   RO          560    i.VCU_REC_task      freertos.o
    0x0800b848   0x0800b848   0x0000005c   Code   RO          561    i.VCU_send_task     freertos.o
    0x0800b8a4   0x0800b8a4   0x00000020   Code   RO         9890    i.__0printf         mc_w.l(printfa.o)
    0x0800b8c4   0x0800b8c4   0x00000028   Code   RO         9892    i.__0sprintf        mc_w.l(printfa.o)
    0x0800b8ec   0x0800b8ec   0x00000030   Code   RO         9965    i.__ARM_fpclassify  m_wv.l(fpclassify.o)
    0x0800b91c   0x0800b91c   0x00000020   Code   RO         1103    i.__NVIC_SetPriority  stm32h7xx_hal_cortex.o
    0x0800b93c   0x0800b93c   0x00000004   PAD
    0x0800b940   0x0800b940   0x00000200   Code   RO         9480    i.__hardfp_atan     m_wv.l(atan.o)
    0x0800bb40   0x0800bb40   0x000001c8   Code   RO         9494    i.__hardfp_atan2    m_wv.l(atan2.o)
    0x0800bd08   0x0800bd08   0x00000158   Code   RO         9506    i.__hardfp_atanh    m_wv.l(atanh.o)
    0x0800be60   0x0800be60   0x00000160   Code   RO         9518    i.__hardfp_cbrt     m_wv.l(cbrt.o)
    0x0800bfc0   0x0800bfc0   0x000000b0   Code   RO         9524    i.__hardfp_cos      m_wv.l(cos.o)
    0x0800c070   0x0800c070   0x00000062   Code   RO         9542    i.__hardfp_fmax     m_wv.l(fmax.o)
    0x0800c0d2   0x0800c0d2   0x00000062   Code   RO         9612    i.__hardfp_fmin     m_wv.l(fmin.o)
    0x0800c134   0x0800c134   0x00000004   PAD
    0x0800c138   0x0800c138   0x000002a0   Code   RO         9546    i.__hardfp_hypot    m_wv.l(hypot.o)
    0x0800c3d8   0x0800c3d8   0x00000010   Code   RO         9558    i.__hardfp_nan      m_wv.l(nan.o)
    0x0800c3e8   0x0800c3e8   0x00000058   Code   RO         9562    i.__hardfp_remainder  m_wv.l(remainder.o)
    0x0800c440   0x0800c440   0x000001a0   Code   RO         9574    i.__hardfp_remquo   m_wv.l(remquo.o)
    0x0800c5e0   0x0800c5e0   0x000000b0   Code   RO         9582    i.__hardfp_sin      m_wv.l(sin.o)
    0x0800c690   0x0800c690   0x00000066   Code   RO         9594    i.__hardfp_sqrt     m_wv.l(sqrt.o)
    0x0800c6f6   0x0800c6f6   0x00000002   PAD
    0x0800c6f8   0x0800c6f8   0x00000028   Code   RO         9606    i.__hardfp_strtod   m_wv.l(strtod.o)
    0x0800c720   0x0800c720   0x00000310   Code   RO         9976    i.__ieee754_rem_pio2  m_wv.l(rred.o)
    0x0800ca30   0x0800ca30   0x000000e0   Code   RO         9948    i.__kernel_cos      m_wv.l(cos_i.o)
    0x0800cb10   0x0800cb10   0x00000070   Code   RO         9973    i.__kernel_poly     m_wv.l(poly.o)
    0x0800cb80   0x0800cb80   0x000000a8   Code   RO         9981    i.__kernel_sin      m_wv.l(sin_i.o)
    0x0800cc28   0x0800cc28   0x00000020   Code   RO         9951    i.__mathlib_dbl_divzero  m_wv.l(dunder.o)
    0x0800cc48   0x0800cc48   0x00000006   Code   RO         9952    i.__mathlib_dbl_infnan  m_wv.l(dunder.o)
    0x0800cc4e   0x0800cc4e   0x00000006   Code   RO         9953    i.__mathlib_dbl_infnan2  m_wv.l(dunder.o)
    0x0800cc54   0x0800cc54   0x00000004   PAD
    0x0800cc58   0x0800cc58   0x00000018   Code   RO         9954    i.__mathlib_dbl_invalid  m_wv.l(dunder.o)
    0x0800cc70   0x0800cc70   0x00000018   Code   RO         9955    i.__mathlib_dbl_overflow  m_wv.l(dunder.o)
    0x0800cc88   0x0800cc88   0x00000018   Code   RO         9957    i.__mathlib_dbl_underflow  m_wv.l(dunder.o)
    0x0800cca0   0x0800cca0   0x000002c8   Code   RO         9967    i.__mathlib_log1p   m_wv.l(log1p_i.o)
    0x0800cf68   0x0800cf68   0x0000000e   Code   RO        10072    i.__scatterload_copy  mc_w.l(handlers.o)
    0x0800cf76   0x0800cf76   0x00000002   Code   RO        10073    i.__scatterload_null  mc_w.l(handlers.o)
    0x0800cf78   0x0800cf78   0x0000000e   Code   RO        10074    i.__scatterload_zeroinit  mc_w.l(handlers.o)
    0x0800cf86   0x0800cf86   0x00000002   PAD
    0x0800cf88   0x0800cf88   0x0000000c   Code   RO        10013    i.__set_errno       mc_w.l(errno.o)
    0x0800cf94   0x0800cf94   0x00000184   Code   RO         9897    i._fp_digits        mc_w.l(printfa.o)
    0x0800d118   0x0800d118   0x0000000e   Code   RO        10026    i._is_digit         mc_w.l(scanf_fp.o)
    0x0800d126   0x0800d126   0x00000002   PAD
    0x0800d128   0x0800d128   0x000006b4   Code   RO         9898    i._printf_core      mc_w.l(printfa.o)
    0x0800d7dc   0x0800d7dc   0x00000024   Code   RO         9899    i._printf_post_padding  mc_w.l(printfa.o)
    0x0800d800   0x0800d800   0x0000002e   Code   RO         9900    i._printf_pre_padding  mc_w.l(printfa.o)
    0x0800d82e   0x0800d82e   0x0000000a   Code   RO         9902    i._sputc            mc_w.l(printfa.o)
    0x0800d838   0x0800d838   0x00000010   Code   RO         9482    i.atan              m_wv.l(atan.o)
    0x0800d848   0x0800d848   0x000000c4   Code   RO         8976    i.atan2dx           geodesic.o
    0x0800d90c   0x0800d90c   0x00000036   Code   RO         7909    i.buffer_skip_whitespace  cjson.o
    0x0800d942   0x0800d942   0x00000002   PAD
    0x0800d944   0x0800d944   0x0000005c   Code   RO         7941    i.cJSON_Delete      cjson.o
    0x0800d9a0   0x0800d9a0   0x00000010   Code   RO         7952    i.cJSON_GetErrorPtr  cjson.o
    0x0800d9b0   0x0800d9b0   0x00000006   Code   RO         7955    i.cJSON_GetObjectItemCaseSensitive  cjson.o
    0x0800d9b6   0x0800d9b6   0x00000002   PAD
    0x0800d9b8   0x0800d9b8   0x0000002c   Code   RO         7958    i.cJSON_InitHooks   cjson.o
    0x0800d9e4   0x0800d9e4   0x00000016   Code   RO         7965    i.cJSON_IsNumber    cjson.o
    0x0800d9fa   0x0800d9fa   0x00000016   Code   RO         7966    i.cJSON_IsObject    cjson.o
    0x0800da10   0x0800da10   0x00000016   Code   RO         7968    i.cJSON_IsString    cjson.o
    0x0800da26   0x0800da26   0x00000002   PAD
    0x0800da28   0x0800da28   0x00000024   Code   RO         7971    i.cJSON_New_Item    cjson.o
    0x0800da4c   0x0800da4c   0x00000008   Code   RO         7972    i.cJSON_Parse       cjson.o
    0x0800da54   0x0800da54   0x000000d8   Code   RO         7974    i.cJSON_ParseWithLengthOpts  cjson.o
    0x0800db2c   0x0800db2c   0x00000026   Code   RO         7975    i.cJSON_ParseWithOpts  cjson.o
    0x0800db52   0x0800db52   0x00000002   PAD
    0x0800db54   0x0800db54   0x0000000c   Code   RO         7976    i.cJSON_Print       cjson.o
    0x0800db60   0x0800db60   0x00000014   Code   RO         7987    i.cJSON_free        cjson.o
    0x0800db74   0x0800db74   0x00000048   Code   RO         7990    i.case_insensitive_strcmp  cjson.o
    0x0800dbbc   0x0800dbbc   0x00000054   Code   RO         7992    i.compare_double    cjson.o
    0x0800dc10   0x0800dc10   0x00000038   Code   RO         9318    i.crc16_ccitt       eventrecorder.o
    0x0800dc48   0x0800dc48   0x000000d8   Code   RO         7994    i.ensure            cjson.o
    0x0800dd20   0x0800dd20   0x00000018   Code   RO         9538    i.fabs              m_wv.l(fabs.o)
    0x0800dd38   0x0800dd38   0x00000014   Code   RO         9431    i.fputc             retarget_io.o
    0x0800dd4c   0x0800dd4c   0x00000050   Code   RO         9918    i.free              mc_w.l(malloc.o)
    0x0800dd9c   0x0800dd9c   0x00000060   Code   RO         8981    i.geod_geninverse   geodesic.o
    0x0800ddfc   0x0800ddfc   0x00000c34   Code   RO         8982    i.geod_geninverse_int  geodesic.o
    0x0800ea30   0x0800ea30   0x00000158   Code   RO         8985    i.geod_init         geodesic.o
    0x0800eb88   0x0800eb88   0x00000012   Code   RO         8986    i.geod_inverse      geodesic.o
    0x0800eb9a   0x0800eb9a   0x00000004   Code   RO         7996    i.get_decimal_point  cjson.o
    0x0800eb9e   0x0800eb9e   0x00000046   Code   RO         7997    i.get_object_item   cjson.o
    0x0800ebe4   0x0800ebe4   0x000000cc   Code   RO          375    i.insert_str        deal_string.o
    0x0800ecb0   0x0800ecb0   0x00000058   Code   RO         8907    i.line_fun          wgs84toangle.o
    0x0800ed08   0x0800ed08   0x00000190   Code   RO          438    i.main              main.o
    0x0800ee98   0x0800ee98   0x0000006c   Code   RO         9919    i.malloc            mc_w.l(malloc.o)
    0x0800ef04   0x0800ef04   0x00000004   Code   RO          376    i.my_free           deal_string.o
    0x0800ef08   0x0800ef08   0x00000004   Code   RO          377    i.my_malloc         deal_string.o
    0x0800ef0c   0x0800ef0c   0x0000002c   Code   RO         9001    i.norm2             geodesic.o
    0x0800ef38   0x0800ef38   0x0000001c   Code   RO         7255    i.osDelay           cmsis_os2.o
    0x0800ef54   0x0800ef54   0x00000042   Code   RO         7257    i.osEventFlagsClear  cmsis_os2.o
    0x0800ef96   0x0800ef96   0x00000018   Code   RO         7259    i.osEventFlagsGet   cmsis_os2.o
    0x0800efae   0x0800efae   0x00000048   Code   RO         7260    i.osEventFlagsNew   cmsis_os2.o
    0x0800eff6   0x0800eff6   0x00000002   PAD
    0x0800eff8   0x0800eff8   0x00000054   Code   RO         7261    i.osEventFlagsSet   cmsis_os2.o
    0x0800f04c   0x0800f04c   0x00000068   Code   RO         7262    i.osEventFlagsWait  cmsis_os2.o
    0x0800f0b4   0x0800f0b4   0x00000028   Code   RO         7269    i.osKernelInitialize  cmsis_os2.o
    0x0800f0dc   0x0800f0dc   0x00000038   Code   RO         7272    i.osKernelStart     cmsis_os2.o
    0x0800f114   0x0800f114   0x0000006c   Code   RO         7284    i.osMessageQueueGet  cmsis_os2.o
    0x0800f180   0x0800f180   0x00000016   Code   RO         7286    i.osMessageQueueGetCount  cmsis_os2.o
    0x0800f196   0x0800f196   0x0000007c   Code   RO         7289    i.osMessageQueueNew  cmsis_os2.o
    0x0800f212   0x0800f212   0x00000002   PAD
    0x0800f214   0x0800f214   0x00000070   Code   RO         7290    i.osMessageQueuePut  cmsis_os2.o
    0x0800f284   0x0800f284   0x00000064   Code   RO         7297    i.osSemaphoreAcquire  cmsis_os2.o
    0x0800f2e8   0x0800f2e8   0x00000016   Code   RO         7299    i.osSemaphoreGetCount  cmsis_os2.o
    0x0800f2fe   0x0800f2fe   0x000000b2   Code   RO         7300    i.osSemaphoreNew    cmsis_os2.o
    0x0800f3b0   0x0800f3b0   0x00000058   Code   RO         7301    i.osSemaphoreRelease  cmsis_os2.o
    0x0800f408   0x0800f408   0x000000ba   Code   RO         7314    i.osThreadNew       cmsis_os2.o
    0x0800f4c2   0x0800f4c2   0x000000da   Code   RO         7999    i.parse_array       cjson.o
    0x0800f59c   0x0800f59c   0x00000044   Code   RO         8000    i.parse_hex4        cjson.o
    0x0800f5e0   0x0800f5e0   0x000000fc   Code   RO         8001    i.parse_number      cjson.o
    0x0800f6dc   0x0800f6dc   0x00000110   Code   RO         8002    i.parse_object      cjson.o
    0x0800f7ec   0x0800f7ec   0x00000164   Code   RO         8003    i.parse_string      cjson.o
    0x0800f950   0x0800f950   0x00000114   Code   RO         8004    i.parse_value       cjson.o
    0x0800fa64   0x0800fa64   0x00000148   Code   RO           15    i.pointToline_distance  nav.o
    0x0800fbac   0x0800fbac   0x00000034   Code   RO         9002    i.polyvalx          geodesic.o
    0x0800fbe0   0x0800fbe0   0x000000bc   Code   RO         8005    i.print             cjson.o
    0x0800fc9c   0x0800fc9c   0x000000a0   Code   RO         8006    i.print_array       cjson.o
    0x0800fd3c   0x0800fd3c   0x00000138   Code   RO         8007    i.print_number      cjson.o
    0x0800fe74   0x0800fe74   0x00000154   Code   RO         8008    i.print_object      cjson.o
    0x0800ffc8   0x0800ffc8   0x00000006   Code   RO         8009    i.print_string      cjson.o
    0x0800ffce   0x0800ffce   0x00000002   PAD
    0x0800ffd0   0x0800ffd0   0x0000013c   Code   RO         8010    i.print_string_ptr  cjson.o
    0x0801010c   0x0801010c   0x000000f4   Code   RO         8011    i.print_value       cjson.o
    0x08010200   0x08010200   0x00000060   Code   RO         6690    i.prvAddCurrentTaskToDelayedList  tasks.o
    0x08010260   0x08010260   0x00000088   Code   RO         6691    i.prvAddNewTaskToReadyList  tasks.o
    0x080102e8   0x080102e8   0x00000058   Code   RO         7066    i.prvCheckForValidListAndQueue  timers.o
    0x08010340   0x08010340   0x0000003c   Code   RO         6692    i.prvCheckTasksWaitingTermination  tasks.o
    0x0801037c   0x0801037c   0x00000028   Code   RO         6277    i.prvCopyDataFromQueue  queue.o
    0x080103a4   0x080103a4   0x0000006e   Code   RO         6278    i.prvCopyDataToQueue  queue.o
    0x08010412   0x08010412   0x00000040   Code   RO         6693    i.prvDeleteTCB      tasks.o
    0x08010452   0x08010452   0x00000014   Code   RO         6279    i.prvGetDisinheritPriorityAfterTimeout  queue.o
    0x08010466   0x08010466   0x00000002   PAD
    0x08010468   0x08010468   0x00000024   Code   RO         7067    i.prvGetNextExpireTime  timers.o
    0x0801048c   0x0801048c   0x0000004c   Code   RO         7775    i.prvHeapInit       heap_4.o
    0x080104d8   0x080104d8   0x00000028   Code   RO         6694    i.prvIdleTask       tasks.o
    0x08010500   0x08010500   0x00000022   Code   RO         6281    i.prvInitialiseNewQueue  queue.o
    0x08010522   0x08010522   0x000000a8   Code   RO         6695    i.prvInitialiseNewTask  tasks.o
    0x080105ca   0x080105ca   0x00000002   PAD
    0x080105cc   0x080105cc   0x00000058   Code   RO         6696    i.prvInitialiseTaskLists  tasks.o
    0x08010624   0x08010624   0x00000054   Code   RO         7776    i.prvInsertBlockIntoFreeList  heap_4.o
    0x08010678   0x08010678   0x00000040   Code   RO         7069    i.prvInsertTimerInActiveList  timers.o
    0x080106b8   0x080106b8   0x0000001a   Code   RO         6282    i.prvIsQueueEmpty   queue.o
    0x080106d2   0x080106d2   0x0000001e   Code   RO         6283    i.prvIsQueueFull    queue.o
    0x080106f0   0x080106f0   0x00000068   Code   RO         7070    i.prvProcessExpiredTimer  timers.o
    0x08010758   0x08010758   0x000000fc   Code   RO         7071    i.prvProcessReceivedCommands  timers.o
    0x08010854   0x08010854   0x0000006c   Code   RO         7072    i.prvProcessTimerOrBlockTask  timers.o
    0x080108c0   0x080108c0   0x00000024   Code   RO         6698    i.prvResetNextTaskUnblockTime  tasks.o
    0x080108e4   0x080108e4   0x0000002c   Code   RO         7073    i.prvSampleTimeNow  timers.o
    0x08010910   0x08010910   0x00000070   Code   RO         7074    i.prvSwitchTimerLists  timers.o
    0x08010980   0x08010980   0x0000002c   Code   RO         7831    i.prvTaskExitError  port.o
    0x080109ac   0x080109ac   0x00000018   Code   RO         6115    i.prvTestWaitCondition  event_groups.o
    0x080109c4   0x080109c4   0x00000014   Code   RO         7075    i.prvTimerTask      timers.o
    0x080109d8   0x080109d8   0x0000006a   Code   RO         6284    i.prvUnlockQueue    queue.o
    0x08010a42   0x08010a42   0x00000002   PAD
    0x08010a44   0x08010a44   0x000000dc   Code   RO         7777    i.pvPortMalloc      heap_4.o
    0x08010b20   0x08010b20   0x00000018   Code   RO         6701    i.pvTaskIncrementMutexHeldCount  tasks.o
    0x08010b38   0x08010b38   0x00000024   Code   RO         7832    i.pxPortInitialiseStack  port.o
    0x08010b5c   0x08010b5c   0x000000d0   Code   RO         9003    i.sincosde          geodesic.o
    0x08010c2c   0x08010c2c   0x000000c4   Code   RO         9004    i.sincosdx          geodesic.o
    0x08010cf0   0x08010cf0   0x00000034   Code   RO         8015    i.skip_utf8_bom     cjson.o
    0x08010d24   0x08010d24   0x00000006   Code   RO         9005    i.sq                geodesic.o
    0x08010d2a   0x08010d2a   0x0000006a   Code   RO         9596    i.sqrt              m_wv.l(sqrt.o)
    0x08010d94   0x08010d94   0x00000040   Code   RO         9432    i.stdout_putchar    retarget_io.o
    0x08010dd4   0x08010dd4   0x00000004   PAD
    0x08010dd8   0x08010dd8   0x00000030   Code   RO         9608    i.strtod            m_wv.l(strtod.o)
    0x08010e08   0x08010e08   0x00000072   Code   RO         9006    i.sumx              geodesic.o
    0x08010e7a   0x08010e7a   0x00000012   Code   RO         9007    i.swapx             geodesic.o
    0x08010e8c   0x08010e8c   0x000001f4   Code   RO           16    i.tracking_control_Arith  nav.o
    0x08011080   0x08011080   0x0000001e   Code   RO         8017    i.update_offset     cjson.o
    0x0801109e   0x0801109e   0x00000002   PAD
    0x080110a0   0x080110a0   0x00000134   Code   RO          307    i.usart1_rec_data_apply  deal_data.o
    0x080111d4   0x080111d4   0x00000070   Code   RO          308    i.usart1_send_data_apply  deal_data.o
    0x08011244   0x08011244   0x00000068   Code   RO          310    i.usart2_send_data_apply  deal_data.o
    0x080112ac   0x080112ac   0x000000d6   Code   RO         8018    i.utf16_literal_to_utf8  cjson.o
    0x08011382   0x08011382   0x00000026   Code   RO         6237    i.uxListRemove      list.o
    0x080113a8   0x080113a8   0x00000026   Code   RO         6287    i.uxQueueMessagesWaiting  queue.o
    0x080113ce   0x080113ce   0x00000018   Code   RO         6288    i.uxQueueMessagesWaitingFromISR  queue.o
    0x080113e6   0x080113e6   0x00000002   PAD
    0x080113e8   0x080113e8   0x00000018   Code   RO         6710    i.uxTaskResetEventItemValue  tasks.o
    0x08011400   0x08011400   0x00000014   Code   RO         7326    i.vApplicationGetIdleTaskMemory  cmsis_os2.o
    0x08011414   0x08011414   0x00000018   Code   RO         7327    i.vApplicationGetTimerTaskMemory  cmsis_os2.o
    0x0801142c   0x0801142c   0x00000004   Code   RO         6117    i.vEventGroupClearBitsCallback  event_groups.o
    0x08011430   0x08011430   0x00000004   Code   RO         6119    i.vEventGroupSetBitsCallback  event_groups.o
    0x08011434   0x08011434   0x00000016   Code   RO         6238    i.vListInitialise   list.o
    0x0801144a   0x0801144a   0x00000006   Code   RO         6239    i.vListInitialiseItem  list.o
    0x08011450   0x08011450   0x00000030   Code   RO         6240    i.vListInsert       list.o
    0x08011480   0x08011480   0x00000018   Code   RO         6241    i.vListInsertEnd    list.o
    0x08011498   0x08011498   0x00000040   Code   RO         7834    i.vPortEnterCritical  port.o
    0x080114d8   0x080114d8   0x0000002c   Code   RO         7835    i.vPortExitCritical  port.o
    0x08011504   0x08011504   0x00000064   Code   RO         7778    i.vPortFree         heap_4.o
    0x08011568   0x08011568   0x00000024   Code   RO         7836    i.vPortSetupTimerInterrupt  port.o
    0x0801158c   0x0801158c   0x00000054   Code   RO         7837    i.vPortValidateInterruptPriority  port.o
    0x080115e0   0x080115e0   0x00000024   Code   RO         6290    i.vQueueAddToRegistry  queue.o
    0x08011604   0x08011604   0x00000032   Code   RO         6291    i.vQueueDelete      queue.o
    0x08011636   0x08011636   0x00000002   PAD
    0x08011638   0x08011638   0x00000028   Code   RO         6293    i.vQueueUnregisterQueue  queue.o
    0x08011660   0x08011660   0x00000046   Code   RO         6294    i.vQueueWaitForMessageRestricted  queue.o
    0x080116a6   0x080116a6   0x00000002   PAD
    0x080116a8   0x080116a8   0x00000050   Code   RO         6711    i.vTaskDelay        tasks.o
    0x080116f8   0x080116f8   0x00000010   Code   RO         6716    i.vTaskInternalSetTimeOutState  tasks.o
    0x08011708   0x08011708   0x0000000c   Code   RO         6717    i.vTaskMissedYield  tasks.o
    0x08011714   0x08011714   0x00000034   Code   RO         6719    i.vTaskPlaceOnEventList  tasks.o
    0x08011748   0x08011748   0x0000003c   Code   RO         6720    i.vTaskPlaceOnEventListRestricted  tasks.o
    0x08011784   0x08011784   0x00000050   Code   RO         6721    i.vTaskPlaceOnUnorderedEventList  tasks.o
    0x080117d4   0x080117d4   0x00000094   Code   RO         6722    i.vTaskPriorityDisinheritAfterTimeout  tasks.o
    0x08011868   0x08011868   0x00000070   Code   RO         6724    i.vTaskRemoveFromUnorderedEventList  tasks.o
    0x080118d8   0x080118d8   0x00000090   Code   RO         6728    i.vTaskStartScheduler  tasks.o
    0x08011968   0x08011968   0x00000010   Code   RO         6730    i.vTaskSuspendAll   tasks.o
    0x08011978   0x08011978   0x00000068   Code   RO         6731    i.vTaskSwitchContext  tasks.o
    0x080119e0   0x080119e0   0x0000002c   Code   RO          279    i.vcu_Trans_LGD     motor.o
    0x08011a0c   0x08011a0c   0x00000022   Code   RO         8908    i.vertical_line_fun  wgs84toangle.o
    0x08011a2e   0x08011a2e   0x00000002   PAD
    0x08011a30   0x08011a30   0x000000dc   Code   RO           17    i.waypoints_Parse   nav.o
    0x08011b0c   0x08011b0c   0x00000042   Code   RO         6121    i.xEventGroupClearBits  event_groups.o
    0x08011b4e   0x08011b4e   0x00000002   PAD
    0x08011b50   0x08011b50   0x00000010   Code   RO         6122    i.xEventGroupClearBitsFromISR  event_groups.o
    0x08011b60   0x08011b60   0x0000001c   Code   RO         6123    i.xEventGroupCreate  event_groups.o
    0x08011b7c   0x08011b7c   0x0000002e   Code   RO         6124    i.xEventGroupCreateStatic  event_groups.o
    0x08011baa   0x08011baa   0x0000001a   Code   RO         6125    i.xEventGroupGetBitsFromISR  event_groups.o
    0x08011bc4   0x08011bc4   0x000000a0   Code   RO         6126    i.xEventGroupSetBits  event_groups.o
    0x08011c64   0x08011c64   0x00000010   Code   RO         6127    i.xEventGroupSetBitsFromISR  event_groups.o
    0x08011c74   0x08011c74   0x00000108   Code   RO         6129    i.xEventGroupWaitBits  event_groups.o
    0x08011d7c   0x08011d7c   0x000000f4   Code   RO         7838    i.xPortStartScheduler  port.o
    0x08011e70   0x08011e70   0x0000002c   Code   RO         7839    i.xPortSysTickHandler  port.o
    0x08011e9c   0x08011e9c   0x0000003c   Code   RO         6295    i.xQueueCreateCountingSemaphore  queue.o
    0x08011ed8   0x08011ed8   0x00000042   Code   RO         6296    i.xQueueCreateCountingSemaphoreStatic  queue.o
    0x08011f1a   0x08011f1a   0x00000044   Code   RO         6299    i.xQueueGenericCreate  queue.o
    0x08011f5e   0x08011f5e   0x0000006c   Code   RO         6300    i.xQueueGenericCreateStatic  queue.o
    0x08011fca   0x08011fca   0x00000002   PAD
    0x08011fcc   0x08011fcc   0x0000008c   Code   RO         6301    i.xQueueGenericReset  queue.o
    0x08012058   0x08012058   0x00000164   Code   RO         6302    i.xQueueGenericSend  queue.o
    0x080121bc   0x080121bc   0x000000c0   Code   RO         6303    i.xQueueGenericSendFromISR  queue.o
    0x0801227c   0x0801227c   0x0000009e   Code   RO         6306    i.xQueueGiveFromISR  queue.o
    0x0801231a   0x0801231a   0x00000002   PAD
    0x0801231c   0x0801231c   0x0000013c   Code   RO         6312    i.xQueueReceive     queue.o
    0x08012458   0x08012458   0x0000009c   Code   RO         6313    i.xQueueReceiveFromISR  queue.o
    0x080124f4   0x080124f4   0x0000017c   Code   RO         6314    i.xQueueSemaphoreTake  queue.o
    0x08012670   0x08012670   0x0000007c   Code   RO         6733    i.xTaskCheckForTimeOut  tasks.o
    0x080126ec   0x080126ec   0x00000064   Code   RO         6734    i.xTaskCreate       tasks.o
    0x08012750   0x08012750   0x0000005c   Code   RO         6735    i.xTaskCreateStatic  tasks.o
    0x080127ac   0x080127ac   0x0000001c   Code   RO         6739    i.xTaskGetSchedulerState  tasks.o
    0x080127c8   0x080127c8   0x0000000c   Code   RO         6740    i.xTaskGetTickCount  tasks.o
    0x080127d4   0x080127d4   0x000000cc   Code   RO         6742    i.xTaskIncrementTick  tasks.o
    0x080128a0   0x080128a0   0x0000007c   Code   RO         6745    i.xTaskPriorityDisinherit  tasks.o
    0x0801291c   0x0801291c   0x0000007c   Code   RO         6746    i.xTaskPriorityInherit  tasks.o
    0x08012998   0x08012998   0x00000078   Code   RO         6747    i.xTaskRemoveFromEventList  tasks.o
    0x08012a10   0x08012a10   0x000000c8   Code   RO         6748    i.xTaskResumeAll    tasks.o
    0x08012ad8   0x08012ad8   0x00000068   Code   RO         7084    i.xTimerCreateTimerTask  timers.o
    0x08012b40   0x08012b40   0x0000006c   Code   RO         7085    i.xTimerGenericCommand  timers.o
    0x08012bac   0x08012bac   0x00000028   Code   RO         7091    i.xTimerPendFunctionCallFromISR  timers.o
    0x08012bd4   0x08012bd4   0x00000010   Data   RO          312    .constdata          deal_data.o
    0x08012be4   0x08012be4   0x00000250   Data   RO          562    .constdata          freertos.o
    0x08012e34   0x08012e34   0x00000004   Data   RO          563    .constdata          freertos.o
    0x08012e38   0x08012e38   0x00000004   Data   RO          564    .constdata          freertos.o
    0x08012e3c   0x08012e3c   0x00000004   Data   RO          565    .constdata          freertos.o
    0x08012e40   0x08012e40   0x00000004   Data   RO          566    .constdata          freertos.o
    0x08012e44   0x08012e44   0x00000004   Data   RO          567    .constdata          freertos.o
    0x08012e48   0x08012e48   0x00000004   Data   RO          568    .constdata          freertos.o
    0x08012e4c   0x08012e4c   0x00000004   Data   RO          569    .constdata          freertos.o
    0x08012e50   0x08012e50   0x00000004   Data   RO          570    .constdata          freertos.o
    0x08012e54   0x08012e54   0x00000008   Data   RO         1954    .constdata          stm32h7xx_hal_dma.o
    0x08012e5c   0x08012e5c   0x0000005c   Data   RO         3654    .constdata          stm32h7xx_hal_fdcan.o
    0x08012eb8   0x08012eb8   0x00000018   Data   RO         5594    .constdata          stm32h7xx_hal_uart.o
    0x08012ed0   0x08012ed0   0x00000010   Data   RO         5965    .constdata          stm32h7xx_hal_uart_ex.o
    0x08012ee0   0x08012ee0   0x00000010   Data   RO         6074    .constdata          system_stm32h7xx.o
    0x08012ef0   0x08012ef0   0x00000082   Data   RO         8020    .constdata          cjson.o
    0x08012f72   0x08012f72   0x00000006   PAD
    0x08012f78   0x08012f78   0x00000008   Data   RO         8910    .constdata          wgs84toangle.o
    0x08012f80   0x08012f80   0x00000008   Data   RO         8911    .constdata          wgs84toangle.o
    0x08012f88   0x08012f88   0x00000660   Data   RO         9010    .constdata          geodesic.o
    0x080135e8   0x080135e8   0x00000018   Data   RO         9320    .constdata          eventrecorder.o
    0x08013600   0x08013600   0x00000098   Data   RO         9483    .constdata          m_wv.l(atan.o)
    0x08013698   0x08013698   0x00000030   Data   RO         9949    .constdata          m_wv.l(cos_i.o)
    0x080136c8   0x080136c8   0x00000038   Data   RO         9968    .constdata          m_wv.l(log1p_i.o)
    0x08013700   0x08013700   0x00000008   Data   RO         9975    .constdata          m_wv.l(qnan.o)
    0x08013708   0x08013708   0x000000c8   Data   RO         9978    .constdata          m_wv.l(rred.o)
    0x080137d0   0x080137d0   0x00000028   Data   RO         9982    .constdata          m_wv.l(sin_i.o)
    0x080137f8   0x080137f8   0x00000040   Data   RO        10066    .constdata          mc_w.l(ctype_c.o)
    0x08013838   0x08013838   0x000004c0   Data   RO          586    .conststring        freertos.o
    0x08013cf8   0x08013cf8   0x00000087   Data   RO         8635    .conststring        http.o
    0x08013d7f   0x08013d7f   0x00000001   PAD
    0x08013d80   0x08013d80   0x00000020   Data   RO        10070    Region$$Table       anon$$obj.o


    Execution Region RW_IRAM1 (Exec base: 0x20000000, Load base: 0x08013da0, Size: 0x000004a4, Max: 0x00020000, ABSOLUTE, UNINIT)

    Exec Addr    Load Addr    Size         Type   Attr      Idx    E Section Name        Object

    0x20000000        -       0x000004a4   Zero   RW         9319    .bss.noinit         eventrecorder.o


    Execution Region RW_IRAM2 (Exec base: 0x24000000, Load base: 0x08013da0, Size: 0x00014828, Max: 0x00080000, ABSOLUTE, COMPRESSED[0x000000b4])

    Exec Addr    Load Addr    Size         Type   Attr      Idx    E Section Name        Object

    0x24000000   COMPRESSED   0x00000001   Data   RW           19    .data               nav.o
    0x24000001   COMPRESSED   0x00000008   Data   RW          280    .data               motor.o
    0x24000009   COMPRESSED   0x00000003   PAD
    0x2400000c   COMPRESSED   0x0000000c   Data   RW          379    .data               deal_string.o
    0x24000018   COMPRESSED   0x00000070   Data   RW          587    .data               freertos.o
    0x24000088   COMPRESSED   0x0000000e   Data   RW          751    .data               spi.o
    0x24000096   COMPRESSED   0x0000001e   Data   RW          848    .data               usart.o
    0x240000b4   COMPRESSED   0x0000000c   Data   RW         2692    .data               stm32h7xx_hal.o
    0x240000c0   COMPRESSED   0x00000008   Data   RW         6075    .data               system_stm32h7xx.o
    0x240000c8   COMPRESSED   0x0000003c   Data   RW         6751    .data               tasks.o
    0x24000104   COMPRESSED   0x00000014   Data   RW         7093    .data               timers.o
    0x24000118   COMPRESSED   0x00000004   Data   RW         7329    .data               cmsis_os2.o
    0x2400011c   COMPRESSED   0x00000020   Data   RW         7784    .data               heap_4.o
    0x2400013c   COMPRESSED   0x0000000c   Data   RW         7840    .data               port.o
    0x24000148   COMPRESSED   0x00000008   Data   RW         8021    .data               cjson.o
    0x24000150   COMPRESSED   0x0000000c   Data   RW         8636    .data               http.o
    0x2400015c   COMPRESSED   0x0000004e   Data   RW         8637    .data               http.o
    0x240001aa   COMPRESSED   0x00000053   Data   RW         8638    .data               http.o
    0x240001fd   COMPRESSED   0x00000003   PAD
    0x24000200   COMPRESSED   0x00000130   Data   RW         8751    .data               mqtt.o
    0x24000330   COMPRESSED   0x00000068   Data   RW         9011    .data               geodesic.o
    0x24000398   COMPRESSED   0x00000001   Data   RW         9321    .data               eventrecorder.o
    0x24000399   COMPRESSED   0x00000003   PAD
    0x2400039c   COMPRESSED   0x0000000c   Data   RW         9433    .data               retarget_io.o
    0x240003a8   COMPRESSED   0x00000004   Data   RW         9623    .data               mc_w.l(stdout.o)
    0x240003ac   COMPRESSED   0x00000004   Data   RW         9648    .data               mc_w.l(strtok.o)
    0x240003b0   COMPRESSED   0x00000004   Data   RW        10009    .data               mc_w.l(mvars.o)
    0x240003b4   COMPRESSED   0x00000004   Data   RW        10010    .data               mc_w.l(mvars.o)
    0x240003b8   COMPRESSED   0x00000004   Data   RW        10014    .data               mc_w.l(errno.o)
    0x240003bc   COMPRESSED   0x00000004   PAD
    0x240003c0        -       0x00000860   Zero   RW           18    .bss                nav.o
    0x24000c20        -       0x0000001e   Zero   RW          311    .bss                deal_data.o
    0x24000c3e   COMPRESSED   0x00000002   PAD
    0x24000c40        -       0x000000a0   Zero   RW          707    .bss                fdcan.o
    0x24000ce0        -       0x00000cb8   Zero   RW          750    .bss                spi.o
    0x24001998        -       0x0000004c   Zero   RW          800    .bss                tim.o
    0x240019e4        -       0x00004b90   Zero   RW          845    .bss                usart.o
    0x24006574        -       0x00000096   Zero   RW          846    .bss                usart.o
    0x2400660a        -       0x000057e4   Zero   RW          847    .bss                usart.o
    0x2400bdee   COMPRESSED   0x00000002   PAD
    0x2400bdf0        -       0x0000004c   Zero   RW         1048    .bss                stm32h7xx_hal_timebase_tim.o
    0x2400be3c        -       0x00000040   Zero   RW         6316    .bss                queue.o
    0x2400be7c        -       0x000004c4   Zero   RW         6750    .bss                tasks.o
    0x2400c340        -       0x00000118   Zero   RW         7092    .bss                timers.o
    0x2400c458        -       0x000006b8   Zero   RW         7328    .bss                cmsis_os2.o
    0x2400cb10        -       0x00006400   Zero   RW         7783    .bss                heap_4.o
    0x24012f10        -       0x0000001c   Zero   RW         8019    .bss                cjson.o
    0x24012f2c        -       0x00000055   Zero   RW         8583    .bss                gps.o
    0x24012f81   COMPRESSED   0x00000003   PAD
    0x24012f84        -       0x000002a4   Zero   RW         8634    .bss                http.o
    0x24013228        -       0x00000064   Zero   RW         8748    .bss                mqtt.o
    0x2401328c   COMPRESSED   0x00000004   PAD
    0x24013290        -       0x00000198   Zero   RW         8909    .bss                wgs84toangle.o
    0x24013428        -       0x00000c00   Zero   RW            2    HEAP                startup_stm32h753xx.o
    0x24014028        -       0x00000800   Zero   RW            1    STACK               startup_stm32h753xx.o


==============================================================================

Image component sizes


      Code (inc. data)   RO Data    RW Data    ZI Data      Debug   Object Name

      4358        208        130          8         28      38954   cjson.o
      1484         48          0          4       1720      80714   cmsis_os2.o
       704        194         16          0         30       4676   deal_data.o
       608        110          0         12          0       5809   deal_string.o
        92          4          0          0          0        938   dma.o
       654         14          0          0          0      31238   event_groups.o
      1196         90         24          1       1188      19238   eventrecorder.o
       296         28          0          0        160       1995   fdcan.o
      1640        350       1840        112          0      13218   freertos.o
      8956        342       1632        104          0      43200   geodesic.o
       140          8          0          0          0       1107   gpio.o
       572        150          0          0         85       2772   gps.o
       480         26          0         32      25600       5187   heap_4.o
      3908       2062        135        173        676      12923   http.o
       138          0          0          0          0       3758   list.o
       714        170          0          0          0      39822   main.o
        44          4          0          8          0       4336   motor.o
      1508        586          0        304        100       6973   mqtt.o
      1658        124          0          1       2144    1367268   nav.o
       136          4          0          0          0       4248   pid.o
       786         84          0         12          0      11849   port.o
      2624         28          0          0         64      29801   queue.o
        84         14          0         12          0       3196   retarget_io.o
         6          0          0          0          0        570   rtk_l1.o
       420         50          0         14       3256       3434   spi.o
        36          8        664          0       5120        844   startup_stm32h753xx.o
       132         32          0         12          0      22189   stm32h7xx_hal.o
       310         30          0          0          0      41232   stm32h7xx_hal_cortex.o
      6480        144          8          0          0      15217   stm32h7xx_hal_dma.o
      1830         30         92          0          0      17780   stm32h7xx_hal_fdcan.o
       578         50          0          0          0       3145   stm32h7xx_hal_gpio.o
        36          4          0          0          0        934   stm32h7xx_hal_msp.o
        88          6          0          0          0        845   stm32h7xx_hal_pwr_ex.o
      2976        136          0          0          0       8921   stm32h7xx_hal_rcc.o
      4080        132          0          0          0       8529   stm32h7xx_hal_rcc_ex.o
      1678         32          0          0          0      11005   stm32h7xx_hal_spi.o
       870         64          0          0          0       6966   stm32h7xx_hal_tim.o
       166         28          0          0          0       3388   stm32h7xx_hal_tim_ex.o
       144         20          0          0         76       1819   stm32h7xx_hal_timebase_tim.o
      3534        156         24          0          0      38598   stm32h7xx_hal_uart.o
       374          6         16          0          0       6597   stm32h7xx_hal_uart_ex.o
       132         60          0          0          0       7717   stm32h7xx_it.o
         0          0          0          0          0        392   stream_buffer.o
       220         42         16          8          0       1486   system_stm32h7xx.o
      2688        226          0         60       1220      33872   tasks.o
       132         18          0          0         76       1826   tim.o
      1080         94          0         20        280      34379   timers.o
      1420         98          0         30      41994       6165   usart.o
       248         22         16          0        408       4869   wgs84toangle.o

    ----------------------------------------------------------------------
     62530       6140       4652        936      84236    2015939   Object Totals
         0          0         32          0          0          0   (incl. Generated)
        92          4          7          9         11          0   (incl. Padding)

    ----------------------------------------------------------------------

      Code (inc. data)   RO Data    RW Data    ZI Data      Debug   Library Member Name

       528        110        152          0          0        348   atan.o
       456         64          0          0          0        188   atan2.o
       344         52          0          0          0        192   atanh.o
       352         76          0          0          0        140   cbrt.o
       176         18          0          0          0        156   cos.o
       224         42         48          0          0        184   cos_i.o
       116         60          0          0          0        696   dunder.o
        24          0          0          0          0        124   fabs.o
        98          0          0          0          0        164   fmax.o
        98          0          0          0          0        164   fmin.o
        48          0          0          0          0        124   fpclassify.o
       672         42          0          0          0        180   hypot.o
       712        124         56          0          0        272   log1p_i.o
        16         10          0          0          0        116   nan.o
       112          0          0          0          0        116   poly.o
         0          0          8          0          0          0   qnan.o
        88         10          0          0          0        148   remainder.o
       416         34          0          0          0        156   remquo.o
       784        138        200          0          0        172   rred.o
       176         18          0          0          0        160   sin.o
       168         24         40          0          0        196   sin_i.o
       208          0          0          0          0        280   sqrt.o
        88         24          0          0          0        256   strtod.o
        86          0          0          0          0          0   __dczerorl2.o
        28          0          0          0          0         68   _chval.o
       816          6          0          0          0        112   _scanf.o
       332          0          0          0          0         96   _scanf_int.o
       342          0          0          0          0        100   _scanf_longlong.o
       224          0          0          0          0         96   _scanf_str.o
        64          0          0          0          0         84   _sgetc.o
        40          6         64          0          0         68   ctype_c.o
         0          0          0          0          0          0   entry.o
         0          0          0          0          0          0   entry10a.o
         0          0          0          0          0          0   entry11a.o
         4          0          0          0          0          0   entry12b.o
         8          4          0          0          0          0   entry2.o
         4          0          0          0          0          0   entry5.o
         0          0          0          0          0          0   entry7b.o
         0          0          0          0          0          0   entry8b.o
         8          4          0          0          0          0   entry9a.o
        12          6          0          4          0         68   errno.o
        30          0          0          0          0          0   handlers.o
        36          8          0          0          0         68   init.o
        10          0          0          0          0         68   isspace_c.o
         0          0          0          0          0          0   iusefp.o
        30          0          0          0          0         68   llshl.o
        36          0          0          0          0         68   llsshr.o
        32          0          0          0          0         68   llushr.o
       188         20          0          0          0        160   malloc.o
        40          0          0          0          0         76   memcpy.o
        36          0          0          0          0        108   memseta.o
         0          0          0          8          0          0   mvars.o
      2268         96          0          0          0        616   printfa.o
        40          8          0          0          0         84   scanf_char.o
       878         12          0          0          0        216   scanf_fp.o
        56          8          0          0          0         84   sscanf.o
         0          0          0          4          0          0   stdout.o
        28          0          0          0          0         76   strcmp.o
        18          0          0          0          0         68   strcpy.o
        14          0          0          0          0         68   strlen.o
        30          0          0          0          0         80   strncmp.o
        36          0          0          0          0         80   strstr.o
       156         12          0          0          0        120   strtod.o
        68          6          0          4          0         80   strtok.o
        12          0          0          0          0         68   tolower.o
        44          0          0          0          0         80   uidiv.o
        98          0          0          0          0         92   uldiv.o
        48          0          0          0          0         68   cdrcmple.o
        56          0          0          0          0         88   d2f.o
       334          0          0          0          0        148   dadd.o
        96          0          0          0          0         80   dcmp4.o
       222          0          0          0          0        100   ddiv.o
       186          0          0          0          0        176   depilogue.o
        48          0          0          0          0         68   dfixul.o
        24          0          0          0          0         76   dfltul.o
       228          0          0          0          0         96   dmul.o
       134          0          0          0          0         96   drem.o
       110          0          0          0          0        168   fepilogue.o

    ----------------------------------------------------------------------
     13562       1042        568         20          4       8884   Library Totals
        20          0          0          0          4          0   (incl. Padding)

    ----------------------------------------------------------------------

      Code (inc. data)   RO Data    RW Data    ZI Data      Debug   Library Name

      5904        846        504          0          0       4532   m_wv.l
      6152        196         64         20          0       3188   mc_w.l
      1486          0          0          0          0       1164   mf_w.l

    ----------------------------------------------------------------------
     13562       1042        568         20          4       8884   Library Totals

    ----------------------------------------------------------------------

==============================================================================


      Code (inc. data)   RO Data    RW Data    ZI Data      Debug   

     76092       7182       5220        956      84240    1980215   Grand Totals
     76092       7182       5220        180      84240    1980215   ELF Image Totals (compressed)
     76092       7182       5220        180          0          0   ROM Totals

==============================================================================

    Total RO  Size (Code + RO Data)                81312 (  79.41kB)
    Total RW  Size (RW Data + ZI Data)             85196 (  83.20kB)
    Total ROM Size (Code + RO Data + RW Data)      81492 (  79.58kB)

==============================================================================

